Archive member included to satisfy reference by file (symbol)

/home/igor/.eclipse/com.st.stm32cube.ide.mcu.rcp.product_1.5.0_1935173080_linux_gtk_x86_64/plugins/com.st.stm32cube.ide.mcu.externaltools.gnu-tools-for-stm32.9-2020-q2-update.linux64_1.5.0.202011040924/tools/bin/../lib/gcc/arm-none-eabi/9.3.1/../../../../arm-none-eabi/lib/thumb/v7-m/nofp/libstdc++_nano.a(del_op.o)
                              Core/Grow_sensor/Grow_sensor.o (operator delete(void*))
/home/igor/.eclipse/com.st.stm32cube.ide.mcu.rcp.product_1.5.0_1935173080_linux_gtk_x86_64/plugins/com.st.stm32cube.ide.mcu.externaltools.gnu-tools-for-stm32.9-2020-q2-update.linux64_1.5.0.202011040924/tools/bin/../lib/gcc/arm-none-eabi/9.3.1/../../../../arm-none-eabi/lib/thumb/v7-m/nofp/libstdc++_nano.a(del_ops.o)
                              Core/LoRa_module/LoRa.o (operator delete(void*, unsigned int))
/home/igor/.eclipse/com.st.stm32cube.ide.mcu.rcp.product_1.5.0_1935173080_linux_gtk_x86_64/plugins/com.st.stm32cube.ide.mcu.externaltools.gnu-tools-for-stm32.9-2020-q2-update.linux64_1.5.0.202011040924/tools/bin/../lib/gcc/arm-none-eabi/9.3.1/../../../../arm-none-eabi/lib/thumb/v7-m/nofp/libstdc++_nano.a(del_opv.o)
                              Core/LoRa_contact_data/LoRa_contact_data.o (operator delete[](void*))
/home/igor/.eclipse/com.st.stm32cube.ide.mcu.rcp.product_1.5.0_1935173080_linux_gtk_x86_64/plugins/com.st.stm32cube.ide.mcu.externaltools.gnu-tools-for-stm32.9-2020-q2-update.linux64_1.5.0.202011040924/tools/bin/../lib/gcc/arm-none-eabi/9.3.1/../../../../arm-none-eabi/lib/thumb/v7-m/nofp/libstdc++_nano.a(new_op.o)
                              Core/Grow_sensor/Grow_sensor.o (operator new(unsigned int))
/home/igor/.eclipse/com.st.stm32cube.ide.mcu.rcp.product_1.5.0_1935173080_linux_gtk_x86_64/plugins/com.st.stm32cube.ide.mcu.externaltools.gnu-tools-for-stm32.9-2020-q2-update.linux64_1.5.0.202011040924/tools/bin/../lib/gcc/arm-none-eabi/9.3.1/../../../../arm-none-eabi/lib/thumb/v7-m/nofp/libstdc++_nano.a(new_opv.o)
                              Core/LoRa_contact_data/LoRa_contact_data.o (operator new[](unsigned int))
/home/igor/.eclipse/com.st.stm32cube.ide.mcu.rcp.product_1.5.0_1935173080_linux_gtk_x86_64/plugins/com.st.stm32cube.ide.mcu.externaltools.gnu-tools-for-stm32.9-2020-q2-update.linux64_1.5.0.202011040924/tools/bin/../lib/gcc/arm-none-eabi/9.3.1/../../../../arm-none-eabi/lib/thumb/v7-m/nofp/libstdc++_nano.a(functexcept.o)
                              Core/Grow_sensor/Grow_sensor.o (std::__throw_bad_alloc())
/home/igor/.eclipse/com.st.stm32cube.ide.mcu.rcp.product_1.5.0_1935173080_linux_gtk_x86_64/plugins/com.st.stm32cube.ide.mcu.externaltools.gnu-tools-for-stm32.9-2020-q2-update.linux64_1.5.0.202011040924/tools/bin/../lib/gcc/arm-none-eabi/9.3.1/../../../../arm-none-eabi/lib/thumb/v7-m/nofp/libstdc++_nano.a(snprintf_lite.o)
                              /home/igor/.eclipse/com.st.stm32cube.ide.mcu.rcp.product_1.5.0_1935173080_linux_gtk_x86_64/plugins/com.st.stm32cube.ide.mcu.externaltools.gnu-tools-for-stm32.9-2020-q2-update.linux64_1.5.0.202011040924/tools/bin/../lib/gcc/arm-none-eabi/9.3.1/../../../../arm-none-eabi/lib/thumb/v7-m/nofp/libstdc++_nano.a(functexcept.o) (__gnu_cxx::__snprintf_lite(char*, unsigned int, char const*, std::__va_list))
/home/igor/.eclipse/com.st.stm32cube.ide.mcu.rcp.product_1.5.0_1935173080_linux_gtk_x86_64/plugins/com.st.stm32cube.ide.mcu.externaltools.gnu-tools-for-stm32.9-2020-q2-update.linux64_1.5.0.202011040924/tools/bin/../lib/gcc/arm-none-eabi/9.3.1/../../../../arm-none-eabi/lib/thumb/v7-m/nofp/libstdc++_nano.a(new_handler.o)
                              /home/igor/.eclipse/com.st.stm32cube.ide.mcu.rcp.product_1.5.0_1935173080_linux_gtk_x86_64/plugins/com.st.stm32cube.ide.mcu.externaltools.gnu-tools-for-stm32.9-2020-q2-update.linux64_1.5.0.202011040924/tools/bin/../lib/gcc/arm-none-eabi/9.3.1/../../../../arm-none-eabi/lib/thumb/v7-m/nofp/libstdc++_nano.a(new_op.o) (std::get_new_handler())
/home/igor/.eclipse/com.st.stm32cube.ide.mcu.rcp.product_1.5.0_1935173080_linux_gtk_x86_64/plugins/com.st.stm32cube.ide.mcu.externaltools.gnu-tools-for-stm32.9-2020-q2-update.linux64_1.5.0.202011040924/tools/bin/../lib/gcc/arm-none-eabi/9.3.1/../../../../arm-none-eabi/lib/thumb/v7-m/nofp/libm.a(lib_a-w_pow.o)
                              Core/Sensor_TSL2561/Sensor_TSL2561.o (pow)
/home/igor/.eclipse/com.st.stm32cube.ide.mcu.rcp.product_1.5.0_1935173080_linux_gtk_x86_64/plugins/com.st.stm32cube.ide.mcu.externaltools.gnu-tools-for-stm32.9-2020-q2-update.linux64_1.5.0.202011040924/tools/bin/../lib/gcc/arm-none-eabi/9.3.1/../../../../arm-none-eabi/lib/thumb/v7-m/nofp/libm.a(lib_a-e_pow.o)
[...]
Memory Configuration

Name             Origin             Length             Attributes
RAM              0x0000000020000000 0x0000000000005000 xrw
FLASH            0x0000000008000000 0x0000000000010000 xr
*default*        0x0000000000000000 0xffffffffffffffff

Linker script and memory map

LOAD /home/igor/.eclipse/com.st.stm32cube.ide.mcu.rcp.product_1.5.0_1935173080_linux_gtk_x86_64/plugins/com.st.stm32cube.ide.mcu.externaltools.gnu-tools-for-stm32.9-2020-q2-update.linux64_1.5.0.202011040924/tools/bin/../lib/gcc/arm-none-eabi/9.3.1/thumb/v7-m/nofp/crti.o
LOAD /home/igor/.eclipse/com.st.stm32cube.ide.mcu.rcp.product_1.5.0_1935173080_linux_gtk_x86_64/plugins/com.st.stm32cube.ide.mcu.externaltools.gnu-tools-for-stm32.9-2020-q2-update.linux64_1.5.0.202011040924/tools/bin/../lib/gcc/arm-none-eabi/9.3.1/thumb/v7-m/nofp/crtbegin.o
LOAD /home/igor/.eclipse/com.st.stm32cube.ide.mcu.rcp.product_1.5.0_1935173080_linux_gtk_x86_64/plugins/com.st.stm32cube.ide.mcu.externaltools.gnu-tools-for-stm32.9-2020-q2-update.linux64_1.5.0.202011040924/tools/bin/../lib/gcc/arm-none-eabi/9.3.1/../../../../arm-none-eabi/lib/thumb/v7-m/nofp/crt0.o
LOAD Core/FlashPROM/FlashPROM.o
LOAD Core/Grow_sensor/Grow_sensor.o
LOAD Core/Grow_sensor/Grow_sensor_interface.o
LOAD Core/Grow_sensor_component/Grow_sensor_component.o
LOAD Core/LoRa_contact_data/LoRa_contact_data.o
LOAD Core/LoRa_main_cpp/LoRa_main_file.o
LOAD Core/LoRa_module/Address_field.o
LOAD Core/LoRa_module/LoRa.o
LOAD Core/LoRa_module/LoRa_packet.o
LOAD Core/LoRa_module/LoRa_register.o
LOAD Core/LoRa_module/LoRa_register_data.o
LOAD Core/Packet_analyzer/Packet_analyzer.o
LOAD Core/Sensor_BME280/bme280.o
LOAD Core/Sensor_CCS811/Sensor_CCS811.o
LOAD Core/Sensor_TSL2561/Sensor_TSL2561.o
LOAD Core/Src/main.o
LOAD Core/Src/stm32f1xx_hal_msp.o
LOAD Core/Src/stm32f1xx_it.o
LOAD Core/Src/syscalls.o
LOAD Core/Src/sysmem.o
LOAD Core/Src/system_stm32f1xx.o
LOAD Core/Startup/startup_stm32f103c8tx.o
LOAD Drivers/STM32F1xx_HAL_Driver/Src/stm32f1xx_hal.o
LOAD Drivers/STM32F1xx_HAL_Driver/Src/stm32f1xx_hal_adc.o
LOAD Drivers/STM32F1xx_HAL_Driver/Src/stm32f1xx_hal_adc_ex.o
LOAD Drivers/STM32F1xx_HAL_Driver/Src/stm32f1xx_hal_cortex.o
LOAD Drivers/STM32F1xx_HAL_Driver/Src/stm32f1xx_hal_dma.o
LOAD Drivers/STM32F1xx_HAL_Driver/Src/stm32f1xx_hal_exti.o
LOAD Drivers/STM32F1xx_HAL_Driver/Src/stm32f1xx_hal_flash.o
LOAD Drivers/STM32F1xx_HAL_Driver/Src/stm32f1xx_hal_flash_ex.o
LOAD Drivers/STM32F1xx_HAL_Driver/Src/stm32f1xx_hal_gpio.o
LOAD Drivers/STM32F1xx_HAL_Driver/Src/stm32f1xx_hal_gpio_ex.o
LOAD Drivers/STM32F1xx_HAL_Driver/Src/stm32f1xx_hal_i2c.o
LOAD Drivers/STM32F1xx_HAL_Driver/Src/stm32f1xx_hal_pwr.o
LOAD Drivers/STM32F1xx_HAL_Driver/Src/stm32f1xx_hal_rcc.o
LOAD Drivers/STM32F1xx_HAL_Driver/Src/stm32f1xx_hal_rcc_ex.o
LOAD Drivers/STM32F1xx_HAL_Driver/Src/stm32f1xx_hal_spi.o
LOAD Drivers/STM32F1xx_HAL_Driver/Src/stm32f1xx_hal_tim.o
LOAD Drivers/STM32F1xx_HAL_Driver/Src/stm32f1xx_hal_tim_ex.o
START GROUP
LOAD /home/igor/.eclipse/com.st.stm32cube.ide.mcu.rcp.product_1.5.0_1935173080_linux_gtk_x86_64/plugins/com.st.stm32cube.ide.mcu.externaltools.gnu-tools-for-stm32.9-2020-q2-update.linux64_1.5.0.202011040924/tools/bin/../lib/gcc/arm-none-eabi/9.3.1/../../../../arm-none-eabi/lib/thumb/v7-m/nofp/libstdc++_nano.a
LOAD /home/igor/.eclipse/com.st.stm32cube.ide.mcu.rcp.product_1.5.0_1935173080_linux_gtk_x86_64/plugins/com.st.stm32cube.ide.mcu.externaltools.gnu-tools-for-stm32.9-2020-q2-update.linux64_1.5.0.202011040924/tools/bin/../lib/gcc/arm-none-eabi/9.3.1/../../../../arm-none-eabi/lib/thumb/v7-m/nofp/libsupc++_nano.a
END GROUP
LOAD /home/igor/.eclipse/com.st.stm32cube.ide.mcu.rcp.product_1.5.0_1935173080_linux_gtk_x86_64/plugins/com.st.stm32cube.ide.mcu.externaltools.gnu-tools-for-stm32.9-2020-q2-update.linux64_1.5.0.202011040924/tools/bin/../lib/gcc/arm-none-eabi/9.3.1/../../../../arm-none-eabi/lib/thumb/v7-m/nofp/libstdc++_nano.a
LOAD /home/igor/.eclipse/com.st.stm32cube.ide.mcu.rcp.product_1.5.0_1935173080_linux_gtk_x86_64/plugins/com.st.stm32cube.ide.mcu.externaltools.gnu-tools-for-stm32.9-2020-q2-update.linux64_1.5.0.202011040924/tools/bin/../lib/gcc/arm-none-eabi/9.3.1/../../../../arm-none-eabi/lib/thumb/v7-m/nofp/libm.a
LOAD /home/igor/.eclipse/com.st.stm32cube.ide.mcu.rcp.product_1.5.0_1935173080_linux_gtk_x86_64/plugins/com.st.stm32cube.ide.mcu.externaltools.gnu-tools-for-stm32.9-2020-q2-update.linux64_1.5.0.202011040924/tools/bin/../lib/gcc/arm-none-eabi/9.3.1/../../../../arm-none-eabi/lib/thumb/v7-m/nofp/libc_nano.a
START GROUP
LOAD /home/igor/.eclipse/com.st.stm32cube.ide.mcu.rcp.product_1.5.0_1935173080_linux_gtk_x86_64/plugins/com.st.stm32cube.ide.mcu.externaltools.gnu-tools-for-stm32.9-2020-q2-update.linux64_1.5.0.202011040924/tools/bin/../lib/gcc/arm-none-eabi/9.3.1/thumb/v7-m/nofp/libgcc.a
LOAD /home/igor/.eclipse/com.st.stm32cube.ide.mcu.rcp.product_1.5.0_1935173080_linux_gtk_x86_64/plugins/com.st.stm32cube.ide.mcu.externaltools.gnu-tools-for-stm32.9-2020-q2-update.linux64_1.5.0.202011040924/tools/bin/../lib/gcc/arm-none-eabi/9.3.1/../../../../arm-none-eabi/lib/thumb/v7-m/nofp/libc_nano.a
END GROUP
START GROUP
LOAD /home/igor/.eclipse/com.st.stm32cube.ide.mcu.rcp.product_1.5.0_1935173080_linux_gtk_x86_64/plugins/com.st.stm32cube.ide.mcu.externaltools.gnu-tools-for-stm32.9-2020-q2-update.linux64_1.5.0.202011040924/tools/bin/../lib/gcc/arm-none-eabi/9.3.1/thumb/v7-m/nofp/libgcc.a
LOAD /home/igor/.eclipse/com.st.stm32cube.ide.mcu.rcp.product_1.5.0_1935173080_linux_gtk_x86_64/plugins/com.st.stm32cube.ide.mcu.externaltools.gnu-tools-for-stm32.9-2020-q2-update.linux64_1.5.0.202011040924/tools/bin/../lib/gcc/arm-none-eabi/9.3.1/../../../../arm-none-eabi/lib/thumb/v7-m/nofp/libc_nano.a
LOAD /home/igor/.eclipse/com.st.stm32cube.ide.mcu.rcp.product_1.5.0_1935173080_linux_gtk_x86_64/plugins/com.st.stm32cube.ide.mcu.externaltools.gnu-tools-for-stm32.9-2020-q2-update.linux64_1.5.0.202011040924/tools/bin/../lib/gcc/arm-none-eabi/9.3.1/../../../../arm-none-eabi/lib/thumb/v7-m/nofp/libnosys.a
END GROUP
START GROUP
LOAD /home/igor/.eclipse/com.st.stm32cube.ide.mcu.rcp.product_1.5.0_1935173080_linux_gtk_x86_64/plugins/com.st.stm32cube.ide.mcu.externaltools.gnu-tools-for-stm32.9-2020-q2-update.linux64_1.5.0.202011040924/tools/bin/../lib/gcc/arm-none-eabi/9.3.1/thumb/v7-m/nofp/libgcc.a
LOAD /home/igor/.eclipse/com.st.stm32cube.ide.mcu.rcp.product_1.5.0_1935173080_linux_gtk_x86_64/plugins/com.st.stm32cube.ide.mcu.externaltools.gnu-tools-for-stm32.9-2020-q2-update.linux64_1.5.0.202011040924/tools/bin/../lib/gcc/arm-none-eabi/9.3.1/../../../../arm-none-eabi/lib/thumb/v7-m/nofp/libc_nano.a
LOAD /home/igor/.eclipse/com.st.stm32cube.ide.mcu.rcp.product_1.5.0_1935173080_linux_gtk_x86_64/plugins/com.st.stm32cube.ide.mcu.externaltools.gnu-tools-for-stm32.9-2020-q2-update.linux64_1.5.0.202011040924/tools/bin/../lib/gcc/arm-none-eabi/9.3.1/../../../../arm-none-eabi/lib/thumb/v7-m/nofp/libnosys.a
END GROUP
LOAD /home/igor/.eclipse/com.st.stm32cube.ide.mcu.rcp.product_1.5.0_1935173080_linux_gtk_x86_64/plugins/com.st.stm32cube.ide.mcu.externaltools.gnu-tools-for-stm32.9-2020-q2-update.linux64_1.5.0.202011040924/tools/bin/../lib/gcc/arm-none-eabi/9.3.1/thumb/v7-m/nofp/crtend.o
LOAD /home/igor/.eclipse/com.st.stm32cube.ide.mcu.rcp.product_1.5.0_1935173080_linux_gtk_x86_64/plugins/com.st.stm32cube.ide.mcu.externaltools.gnu-tools-for-stm32.9-2020-q2-update.linux64_1.5.0.202011040924/tools/bin/../lib/gcc/arm-none-eabi/9.3.1/thumb/v7-m/nofp/crtn.o
                0x0000000020005000                _estack = (ORIGIN (RAM) + LENGTH (RAM))
                0x0000000000000200                _Min_Heap_Size = 0x200
                0x0000000000000400                _Min_Stack_Size = 0x400

.isr_vector     0x0000000008000000      0x10c
                0x0000000008000000                . = ALIGN (0x4)
 *(.isr_vector)
 .isr_vector    0x0000000008000000      0x10c Core/Startup/startup_stm32f103c8tx.o
                0x0000000008000000                g_pfnVectors
                0x000000000800010c                . = ALIGN (0x4)

.text           0x0000000008000110     0xb154
                0x0000000008000110                . = ALIGN (0x4)
 *(.text)
 .text          0x0000000008000110       0x40 /home/igor/.eclipse/com.st.stm32cube.ide.mcu.rcp.product_1.5.0_1935173080_linux_gtk_x86_64/plugins/com.st.stm32cube.ide.mcu.externaltools.gnu-tools-for-stm32.9-2020-q2-update.linux64_1.5.0.202011040924/tools/bin/../lib/gcc/arm-none-eabi/9.3.1/thumb/v7-m/nofp/crtbegin.o
 .text          0x0000000008000150      0x168 /home/igor/.eclipse/com.st.stm32cube.ide.mcu.rcp.product_1.5.0_1935173080_linux_gtk_x86_64/plugins/com.st.stm32cube.ide.mcu.externaltools.gnu-tools-for-stm32.9-2020-q2-update.linux64_1.5.0.202011040924/tools/bin/../lib/gcc/arm-none-eabi/9.3.1/thumb/v7-m/nofp/libgcc.a(_arm_mulsf3.o)
                0x0000000008000150                __mulsf3
                0x0000000008000150                __aeabi_fmul
 .text          0x00000000080002b8      0x378 /home/igor/.eclipse/com.st.stm32cube.ide.mcu.rcp.product_1.5.0_1935173080_linux_gtk_x86_64/plugins/com.st.stm32cube.ide.mcu.externaltools.gnu-tools-for-stm32.9-2020-q2-update.linux64_1.5.0.202011040924/tools/bin/../lib/gcc/arm-none-eabi/9.3.1/thumb/v7-m/nofp/libgcc.a(_arm_addsubdf3.o)
                0x00000000080002b8                __aeabi_drsub
                0x00000000080002c0                __aeabi_dsub
                0x00000000080002c0                __subdf3
                0x00000000080002c4                __adddf3
                0x00000000080002c4                __aeabi_dadd
                0x000000000800053c                __aeabi_ui2d
                0x000000000800053c                __floatunsidf
                0x000000000800055c                __floatsidf
                0x000000000800055c                __aeabi_i2d
                0x0000000008000580                __extendsfdf2
                0x0000000008000580                __aeabi_f2d
                0x00000000080005c4                __aeabi_ul2d
                0x00000000080005c4                __floatundidf
                0x00000000080005d4                __floatdidf
                0x00000000080005d4                __aeabi_l2d
 .text          0x0000000008000630      0x424 /home/igor/.eclipse/com.st.stm32cube.ide.mcu.rcp.product_1.5.0_1935173080_linux_gtk_x86_64/plugins/com.st.stm32cube.ide.mcu.externaltools.gnu-tools-for-stm32.9-2020-q2-update.linux64_1.5.0.202011040924/tools/bin/../lib/gcc/arm-none-eabi/9.3.1/thumb/v7-m/nofp/libgcc.a(_arm_muldivdf3.o)
                0x0000000008000630                __aeabi_dmul
                0x0000000008000630                __muldf3
                0x0000000008000884                __aeabi_ddiv
                0x0000000008000884                __divdf3
 .text          0x0000000008000a54      0x110 /home/igor/.eclipse/com.st.stm32cube.ide.mcu.rcp.product_1.5.0_1935173080_linux_gtk_x86_64/plugins/com.st.stm32cube.ide.mcu.externaltools.gnu-tools-for-stm32.9-2020-q2-update.linux64_1.5.0.202011040924/tools/bin/../lib/gcc/arm-none-eabi/9.3.1/thumb/v7-m/nofp/libgcc.a(_arm_cmpdf2.o)
                0x0000000008000a54                __gtdf2
                0x0000000008000a54                __gedf2
                0x0000000008000a5c                __ltdf2
                0x0000000008000a5c                __ledf2
                0x0000000008000a64                __cmpdf2
                0x0000000008000a64                __eqdf2
                0x0000000008000a64                __nedf2
                0x0000000008000ae0                __aeabi_cdrcmple
                0x0000000008000af0                __aeabi_cdcmple
                0x0000000008000af0                __aeabi_cdcmpeq
                0x0000000008000b00                __aeabi_dcmpeq
                0x0000000008000b14                __aeabi_dcmplt
                0x0000000008000b28                __aeabi_dcmple
                0x0000000008000b3c                __aeabi_dcmpge
                0x0000000008000b50                __aeabi_dcmpgt
 .text          0x0000000008000b64       0xa0 /home/igor/.eclipse/com.st.stm32cube.ide.mcu.rcp.product_1.5.0_1935173080_linux_gtk_x86_64/plugins/com.st.stm32cube.ide.mcu.externaltools.gnu-tools-for-stm32.9-2020-q2-update.linux64_1.5.0.202011040924/tools/bin/../lib/gcc/arm-none-eabi/9.3.1/thumb/v7-m/nofp/libgcc.a(_arm_truncdfsf2.o)
                0x0000000008000b64                __aeabi_d2f
                0x0000000008000b64                __truncdfsf2
 .text          0x0000000008000c04      0x21c /home/igor/.eclipse/com.st.stm32cube.ide.mcu.rcp.product_1.5.0_1935173080_linux_gtk_x86_64/plugins/com.st.stm32cube.ide.mcu.externaltools.gnu-tools-for-stm32.9-2020-q2-update.linux64_1.5.0.202011040924/tools/bin/../lib/gcc/arm-none-eabi/9.3.1/thumb/v7-m/nofp/libgcc.a(_arm_addsubsf3.o)
                0x0000000008000c04                __aeabi_frsub
                0x0000000008000c0c                __subsf3
                0x0000000008000c0c                __aeabi_fsub
                0x0000000008000c10                __aeabi_fadd
                0x0000000008000c10                __addsf3
                0x0000000008000d70                __aeabi_ui2f
                0x0000000008000d70                __floatunsisf
                0x0000000008000d78                __aeabi_i2f
                0x0000000008000d78                __floatsisf
                0x0000000008000d94                __floatundisf
                0x0000000008000d94                __aeabi_ul2f
                0x0000000008000da4                __floatdisf
                0x0000000008000da4                __aeabi_l2f
 .text          0x0000000008000e20       0xec /home/igor/.eclipse/com.st.stm32cube.ide.mcu.rcp.product_1.5.0_1935173080_linux_gtk_x86_64/plugins/com.st.stm32cube.ide.mcu.externaltools.gnu-tools-for-stm32.9-2020-q2-update.linux64_1.5.0.202011040924/tools/bin/../lib/gcc/arm-none-eabi/9.3.1/thumb/v7-m/nofp/libgcc.a(_arm_cmpsf2.o)
                0x0000000008000e20                __gtsf2
                0x0000000008000e20                __gesf2
                0x0000000008000e28                __lesf2
                0x0000000008000e28                __ltsf2
                0x0000000008000e30                __nesf2
                0x0000000008000e30                __eqsf2
                0x0000000008000e30                __cmpsf2
                0x0000000008000e90                __aeabi_cfrcmple
                0x0000000008000e98                __aeabi_cfcmple
                0x0000000008000e98                __aeabi_cfcmpeq
                0x0000000008000ea8                __aeabi_fcmpeq
                0x0000000008000ebc                __aeabi_fcmplt
                0x0000000008000ed0                __aeabi_fcmple
                0x0000000008000ee4                __aeabi_fcmpge
                0x0000000008000ef8                __aeabi_fcmpgt
 .text          0x0000000008000f0c       0x4c /home/igor/.eclipse/com.st.stm32cube.ide.mcu.rcp.product_1.5.0_1935173080_linux_gtk_x86_64/plugins/com.st.stm32cube.ide.mcu.externaltools.gnu-tools-for-stm32.9-2020-q2-update.linux64_1.5.0.202011040924/tools/bin/../lib/gcc/arm-none-eabi/9.3.1/thumb/v7-m/nofp/libgcc.a(_arm_fixsfsi.o)
                0x0000000008000f0c                __fixsfsi
                0x0000000008000f0c                __aeabi_f2iz
 .text          0x0000000008000f58       0xa0 /home/igor/.eclipse/com.st.stm32cube.ide.mcu.rcp.product_1.5.0_1935173080_linux_gtk_x86_64/plugins/com.st.stm32cube.ide.mcu.externaltools.gnu-tools-for-stm32.9-2020-q2-update.linux64_1.5.0.202011040924/tools/bin/../lib/gcc/arm-none-eabi/9.3.1/thumb/v7-m/nofp/libgcc.a(_aeabi_ldivmod.o)
                0x0000000008000f58                __aeabi_ldivmod
 .text          0x0000000008000ff8       0x30 /home/igor/.eclipse/com.st.stm32cube.ide.mcu.rcp.product_1.5.0_1935173080_linux_gtk_x86_64/plugins/com.st.stm32cube.ide.mcu.externaltools.gnu-tools-for-stm32.9-2020-q2-update.linux64_1.5.0.202011040924/tools/bin/../lib/gcc/arm-none-eabi/9.3.1/thumb/v7-m/nofp/libgcc.a(_aeabi_uldivmod.o)
                0x0000000008000ff8                __aeabi_uldivmod
 .text          0x0000000008001028      0x2c4 /home/igor/.eclipse/com.st.stm32cube.ide.mcu.rcp.product_1.5.0_1935173080_linux_gtk_x86_64/plugins/com.st.stm32cube.ide.mcu.externaltools.gnu-tools-for-stm32.9-2020-q2-update.linux64_1.5.0.202011040924/tools/bin/../lib/gcc/arm-none-eabi/9.3.1/thumb/v7-m/nofp/libgcc.a(_udivmoddi4.o)
                0x0000000008001028                __udivmoddi4
 .text          0x00000000080012ec        0x4 /home/igor/.eclipse/com.st.stm32cube.ide.mcu.rcp.product_1.5.0_1935173080_linux_gtk_x86_64/plugins/com.st.stm32cube.ide.mcu.externaltools.gnu-tools-for-stm32.9-2020-q2-update.linux64_1.5.0.202011040924/tools/bin/../lib/gcc/arm-none-eabi/9.3.1/thumb/v7-m/nofp/libgcc.a(_dvmd_tls.o)
                0x00000000080012ec                __aeabi_ldiv0
                0x00000000080012ec                __aeabi_idiv0
 *(.text*)
 .text.Erase_flash
                0x00000000080012f0       0x30 Core/FlashPROM/FlashPROM.o
                0x00000000080012f0                Erase_flash
 .text.Flash_search_adress
                0x0000000008001320       0x30 Core/FlashPROM/FlashPROM.o
                0x0000000008001320                Flash_search_adress
 .text.Write_to_flash
                0x0000000008001350       0x44 Core/FlashPROM/FlashPROM.o
                0x0000000008001350                Write_to_flash
 .text.Read_last_data_in_flash
                0x0000000008001394       0x20 Core/FlashPROM/FlashPROM.o
                0x0000000008001394                Read_last_data_in_flash
 .text.Read_control_module_info_from_flash
                0x00000000080013b4       0x24 Core/FlashPROM/FlashPROM.o
                0x00000000080013b4                Read_control_module_info_from_flash
 .text._ZN11Grow_sensor13set_system_idESt5arrayIhLj12EE
                0x00000000080013d8       0x14 Core/Grow_sensor/Grow_sensor.o
                0x00000000080013d8                Grow_sensor::set_system_id(std::array<unsigned char, 12u>)
 .text._ZNK11Grow_sensor13get_system_idEv
                0x00000000080013ec       0x12 Core/Grow_sensor/Grow_sensor.o
                0x00000000080013ec                Grow_sensor::get_system_id() const
 .text._ZN11Grow_sensor10set_activeEh
                0x00000000080013fe        0xa Core/Grow_sensor/Grow_sensor.o
                0x00000000080013fe                Grow_sensor::set_active(unsigned char)
 .text._ZNK11Grow_sensor10get_activeEv
                0x0000000008001408        0x6 Core/Grow_sensor/Grow_sensor.o
                0x0000000008001408                Grow_sensor::get_active() const
 .text._ZN11Grow_sensor26set_address_control_moduleE12LoRa_address
                0x000000000800140e       0x12 Core/Grow_sensor/Grow_sensor.o
                0x000000000800140e                Grow_sensor::set_address_control_module(LoRa_address)
 .text._ZNK11Grow_sensor26get_address_control_moduleEv
                0x0000000008001420       0x16 Core/Grow_sensor/Grow_sensor.o
                0x0000000008001420                Grow_sensor::get_address_control_module() const
 .text._ZNK11Grow_sensor11get_settingEv
                0x0000000008001436        0x6 Core/Grow_sensor/Grow_sensor.o
                0x0000000008001436                Grow_sensor::get_setting() const
 .text._ZNK11Grow_sensor8get_typeEhRh
                0x000000000800143c       0x24 Core/Grow_sensor/Grow_sensor.o
                0x000000000800143c                Grow_sensor::get_type(unsigned char, unsigned char&) const
 .text._ZNK11Grow_sensor6get_idEhRh
                0x0000000008001460       0x24 Core/Grow_sensor/Grow_sensor.o
                0x0000000008001460                Grow_sensor::get_id(unsigned char, unsigned char&) const
 .text._ZN11Grow_sensor9set_valueEhf
                0x0000000008001484       0x2c Core/Grow_sensor/Grow_sensor.o
                0x0000000008001484                Grow_sensor::set_value(unsigned char, float)
 .text._ZN11Grow_sensor9get_valueEhRf
                0x00000000080014b0       0x24 Core/Grow_sensor/Grow_sensor.o
                0x00000000080014b0                Grow_sensor::get_value(unsigned char, float&)
 .text._ZNK11Grow_sensor19get_count_componentEv
                0x00000000080014d4        0xc Core/Grow_sensor/Grow_sensor.o
                0x00000000080014d4                Grow_sensor::get_count_component() const
 .text._ZNSt6vectorI21Grow_sensor_componentSaIS0_EE17_M_realloc_insertIJS0_EEEvN9__gnu_cxx17__normal_iteratorIPS0_S2_EEDpOT_
                0x00000000080014e0       0xb4 Core/Grow_sensor/Grow_sensor.o
                0x00000000080014e0                void std::vector<Grow_sensor_component, std::allocator<Grow_sensor_component> >::_M_realloc_insert<Grow_sensor_component>(__gnu_cxx::__normal_iterator<Grow_sensor_component*, std::vector<Grow_sensor_component, std::allocator<Grow_sensor_component> > >, Grow_sensor_component&&)
 .text._ZNSt6vectorI21Grow_sensor_componentSaIS0_EE12emplace_backIJS0_EEEvDpOT_
                0x0000000008001594       0x24 Core/Grow_sensor/Grow_sensor.o
                0x0000000008001594                void std::vector<Grow_sensor_component, std::allocator<Grow_sensor_component> >::emplace_back<Grow_sensor_component>(Grow_sensor_component&&)
 .text._ZN11Grow_sensorC2EhP11Type_sensor
                0x00000000080015b8       0x90 Core/Grow_sensor/Grow_sensor.o
                0x00000000080015b8                Grow_sensor::Grow_sensor(unsigned char, Type_sensor*)
                0x00000000080015b8                Grow_sensor::Grow_sensor(unsigned char, Type_sensor*)
 .text._ZN21Grow_sensor_interface9load_dataER11Grow_sensorR17LoRa_contact_datamm
                0x0000000008001648       0x3a Core/Grow_sensor/Grow_sensor_interface.o
                0x0000000008001648                Grow_sensor_interface::load_data(Grow_sensor&, LoRa_contact_data&, unsigned long, unsigned long)
 .text._ZN21Grow_sensor_interface9save_dataERK11Grow_sensorRK17LoRa_contact_dataRmS6_
                0x0000000008001682       0x38 Core/Grow_sensor/Grow_sensor_interface.o
                0x0000000008001682                Grow_sensor_interface::save_data(Grow_sensor const&, LoRa_contact_data const&, unsigned long&, unsigned long&)
 *fill*         0x00000000080016ba        0x2 
 .text._ZN21Grow_sensor_interface24send_registration_packetERK11Grow_sensorR17LoRa_contact_data
                0x00000000080016bc       0xe4 Core/Grow_sensor/Grow_sensor_interface.o
                0x00000000080016bc                Grow_sensor_interface::send_registration_packet(Grow_sensor const&, LoRa_contact_data&)
 .text._ZN21Grow_sensor_interface19check_contact_errorER11Grow_sensorR17LoRa_contact_data
                0x00000000080017a0       0x48 Core/Grow_sensor/Grow_sensor_interface.o
                0x00000000080017a0                Grow_sensor_interface::check_contact_error(Grow_sensor&, LoRa_contact_data&)
 .text._ZNSt5arrayI11LoRa_packetLj15EED2Ev
                0x00000000080017e8       0x1a Core/Grow_sensor/Grow_sensor_interface.o
                0x00000000080017e8                std::array<LoRa_packet, 15u>::~array()
                0x00000000080017e8                std::array<LoRa_packet, 15u>::~array()
 .text._ZNSt5arrayI11LoRa_packetLj15EEaSEOS1_
                0x0000000008001802       0x1a Core/Grow_sensor/Grow_sensor_interface.o
                0x0000000008001802                std::array<LoRa_packet, 15u>::operator=(std::array<LoRa_packet, 15u>&&)
 .text._ZN21Grow_sensor_interface19check_regist_packetER11Grow_sensorR17LoRa_contact_data
                0x000000000800181c      0x108 Core/Grow_sensor/Grow_sensor_interface.o
                0x000000000800181c                Grow_sensor_interface::check_regist_packet(Grow_sensor&, LoRa_contact_data&)
 .text._ZN21Grow_sensor_interface23contact_package_handlerER11Grow_sensorR17LoRa_contact_dataR11LoRa_packet
                0x0000000008001924       0x40 Core/Grow_sensor/Grow_sensor_interface.o
                0x0000000008001924                Grow_sensor_interface::contact_package_handler(Grow_sensor&, LoRa_contact_data&, LoRa_packet&)
 .text.startup._GLOBAL__sub_I_grow_sensor_interface
                0x0000000008001964       0x18 Core/Grow_sensor/Grow_sensor_interface.o
 .text.exit._GLOBAL__sub_D_grow_sensor_interface
                0x000000000800197c       0x10 Core/Grow_sensor/Grow_sensor_interface.o
 .text._ZN21Grow_sensor_interface17build_data_packetER11Grow_sensorR17LoRa_contact_data
                0x000000000800198c      0x134 Core/Grow_sensor/Grow_sensor_interface.o
                0x000000000800198c                Grow_sensor_interface::build_data_packet(Grow_sensor&, LoRa_contact_data&)
 .text._ZN21Grow_sensor_interface22system_package_handlerER11Grow_sensorR17LoRa_contact_dataR11LoRa_packet
                0x0000000008001ac0       0xb0 Core/Grow_sensor/Grow_sensor_interface.o
                0x0000000008001ac0                Grow_sensor_interface::system_package_handler(Grow_sensor&, LoRa_contact_data&, LoRa_packet&)
 .text._ZN21Grow_sensor_interface26read_received_data_packetsER11Grow_sensorR17LoRa_contact_data
                0x0000000008001b70       0xb4 Core/Grow_sensor/Grow_sensor_interface.o
                0x0000000008001b70                Grow_sensor_interface::read_received_data_packets(Grow_sensor&, LoRa_contact_data&)
 .text._ZN21Grow_sensor_componentC2E11Type_sensorh
                0x0000000008001c24        0xa Core/Grow_sensor_component/Grow_sensor_component.o
                0x0000000008001c24                Grow_sensor_component::Grow_sensor_component(Type_sensor, unsigned char)
                0x0000000008001c24                Grow_sensor_component::Grow_sensor_component(Type_sensor, unsigned char)
 .text._ZNK21Grow_sensor_component8get_typeEv
                0x0000000008001c2e        0x4 Core/Grow_sensor_component/Grow_sensor_component.o
                0x0000000008001c2e                Grow_sensor_component::get_type() const
 .text._ZNK21Grow_sensor_component6get_idEv
                0x0000000008001c32        0x4 Core/Grow_sensor_component/Grow_sensor_component.o
                0x0000000008001c32                Grow_sensor_component::get_id() const
 .text._ZNK21Grow_sensor_component9get_valueEv
                0x0000000008001c36        0x4 Core/Grow_sensor_component/Grow_sensor_component.o
                0x0000000008001c36                Grow_sensor_component::get_value() const
 .text._ZN21Grow_sensor_component9set_valueEf
                0x0000000008001c3a       0x18 Core/Grow_sensor_component/Grow_sensor_component.o
                0x0000000008001c3a                Grow_sensor_component::set_value(float)
 .text._ZNSt5arrayI11LoRa_packetLj15EEC2Ev
                0x0000000008001c52       0x1a Core/LoRa_contact_data/LoRa_contact_data.o
                0x0000000008001c52                std::array<LoRa_packet, 15u>::array()
                0x0000000008001c52                std::array<LoRa_packet, 15u>::array()
 .text._ZN17LoRa_contact_dataD2Ev
                0x0000000008001c6c       0x44 Core/LoRa_contact_data/LoRa_contact_data.o
                0x0000000008001c6c                LoRa_contact_data::~LoRa_contact_data()
                0x0000000008001c6c                LoRa_contact_data::~LoRa_contact_data()
 .text._ZN17LoRa_contact_data16init_lora_moduleEP19__SPI_HandleTypeDef
                0x0000000008001cb0       0x18 Core/LoRa_contact_data/LoRa_contact_data.o
                0x0000000008001cb0                LoRa_contact_data::init_lora_module(__SPI_HandleTypeDef*)
 .text._ZN17LoRa_contact_data17begin_lora_moduleEmbhhmh
                0x0000000008001cc8       0x38 Core/LoRa_contact_data/LoRa_contact_data.o
                0x0000000008001cc8                LoRa_contact_data::begin_lora_module(unsigned long, bool, unsigned char, unsigned char, unsigned long, unsigned char)
 .text._ZN17LoRa_contact_data10set_my_adrE12LoRa_address
                0x0000000008001d00        0xa Core/LoRa_contact_data/LoRa_contact_data.o
                0x0000000008001d00                LoRa_contact_data::set_my_adr(LoRa_address)
 .text._ZNK17LoRa_contact_data10get_my_adrEv
                0x0000000008001d0a       0x16 Core/LoRa_contact_data/LoRa_contact_data.o
                0x0000000008001d0a                LoRa_contact_data::get_my_adr() const
 .text._ZN17LoRa_contact_data11set_channelEt
                0x0000000008001d20        0xe Core/LoRa_contact_data/LoRa_contact_data.o
                0x0000000008001d20                LoRa_contact_data::set_channel(unsigned short)
 .text._ZNK17LoRa_contact_data11get_channelEv
                0x0000000008001d2e        0x4 Core/LoRa_contact_data/LoRa_contact_data.o
                0x0000000008001d2e                LoRa_contact_data::get_channel() const
 *fill*         0x0000000008001d32        0x2 
 .text._ZN17LoRa_contact_data10add_packetE11LoRa_packet
                0x0000000008001d34       0x70 Core/LoRa_contact_data/LoRa_contact_data.o
                0x0000000008001d34                LoRa_contact_data::add_packet(LoRa_packet)
 .text._ZN17LoRa_contact_data17clear_send_packetEv
                0x0000000008001da4       0x1e Core/LoRa_contact_data/LoRa_contact_data.o
                0x0000000008001da4                LoRa_contact_data::clear_send_packet()
 .text._ZN17LoRa_contact_data17get_state_contactEv
                0x0000000008001dc2        0x6 Core/LoRa_contact_data/LoRa_contact_data.o
                0x0000000008001dc2                LoRa_contact_data::get_state_contact()
 .text._ZN17LoRa_contact_data14get_all_packetERh
                0x0000000008001dc8       0xae Core/LoRa_contact_data/LoRa_contact_data.o
                0x0000000008001dc8                LoRa_contact_data::get_all_packet(unsigned char&)
 .text._ZN17LoRa_contact_data19get_signal_completeEv
                0x0000000008001e76        0xa Core/LoRa_contact_data/LoRa_contact_data.o
                0x0000000008001e76                LoRa_contact_data::get_signal_complete()
 .text._ZN17LoRa_contact_data24get_signal_start_connectEv
                0x0000000008001e80        0x6 Core/LoRa_contact_data/LoRa_contact_data.o
                0x0000000008001e80                LoRa_contact_data::get_signal_start_connect()
 .text._ZN17LoRa_contact_data5clearEv
                0x0000000008001e86       0x1e Core/LoRa_contact_data/LoRa_contact_data.o
                0x0000000008001e86                LoRa_contact_data::clear()
 .text._ZN17LoRa_contact_dataC2Ev
                0x0000000008001ea4       0xa2 Core/LoRa_contact_data/LoRa_contact_data.o
                0x0000000008001ea4                LoRa_contact_data::LoRa_contact_data()
                0x0000000008001ea4                LoRa_contact_data::LoRa_contact_data()
 *fill*         0x0000000008001f46        0x2 
 .text._ZN17LoRa_contact_data13create_packetEh11Packet_Type
                0x0000000008001f48       0x48 Core/LoRa_contact_data/LoRa_contact_data.o
                0x0000000008001f48                LoRa_contact_data::create_packet(unsigned char, Packet_Type)
 .text._ZN17LoRa_contact_data21create_connect_packetEhb
                0x0000000008001f90       0xfc Core/LoRa_contact_data/LoRa_contact_data.o
                0x0000000008001f90                LoRa_contact_data::create_connect_packet(unsigned char, bool)
 .text._ZN17LoRa_contact_data18create_data_packetEv
                0x000000000800208c       0x48 Core/LoRa_contact_data/LoRa_contact_data.o
                0x000000000800208c                LoRa_contact_data::create_data_packet()
 .text._ZN17LoRa_contact_data17create_amt_packetEv
                0x00000000080020d4       0x68 Core/LoRa_contact_data/LoRa_contact_data.o
                0x00000000080020d4                LoRa_contact_data::create_amt_packet()
 .text._ZN17LoRa_contact_data20create_number_packetEv
                0x000000000800213c       0xe8 Core/LoRa_contact_data/LoRa_contact_data.o
                0x000000000800213c                LoRa_contact_data::create_number_packet()
 .text._ZN17LoRa_contact_data23create_disconnet_packetEb
                0x0000000008002224       0x58 Core/LoRa_contact_data/LoRa_contact_data.o
                0x0000000008002224                LoRa_contact_data::create_disconnet_packet(bool)
 .text._ZN17LoRa_contact_data19packet_dont_correctEbb
                0x000000000800227c       0x74 Core/LoRa_contact_data/LoRa_contact_data.o
                0x000000000800227c                LoRa_contact_data::packet_dont_correct(bool, bool)
 .text._ZN17LoRa_contact_data17check_packet_typeE11Packet_Type
                0x00000000080022f0       0x1c Core/LoRa_contact_data/LoRa_contact_data.o
                0x00000000080022f0                LoRa_contact_data::check_packet_type(Packet_Type)
 .text._ZN17LoRa_contact_data17check_packet_typeE11Packet_TypeRKh
                0x000000000800230c       0x34 Core/LoRa_contact_data/LoRa_contact_data.o
                0x000000000800230c                LoRa_contact_data::check_packet_type(Packet_Type, unsigned char const&)
 .text._ZN17LoRa_contact_data17search_num_packetEt
                0x0000000008002340       0x44 Core/LoRa_contact_data/LoRa_contact_data.o
                0x0000000008002340                LoRa_contact_data::search_num_packet(unsigned short)
 .text._ZN17LoRa_contact_data14pop_num_packetERKSt5arrayItLj15EEh
                0x0000000008002384       0x82 Core/LoRa_contact_data/LoRa_contact_data.o
                0x0000000008002384                LoRa_contact_data::pop_num_packet(std::array<unsigned short, 15u> const&, unsigned char)
 *fill*         0x0000000008002406        0x2 
 .text._ZN17LoRa_contact_data15sort_num_packetEv
                0x0000000008002408       0x88 Core/LoRa_contact_data/LoRa_contact_data.o
                0x0000000008002408                LoRa_contact_data::sort_num_packet()
 .text._ZN17LoRa_contact_data28recip_connection_queue_checkER13Stage_control
                0x0000000008002490       0x38 Core/LoRa_contact_data/LoRa_contact_data.o
                0x0000000008002490                LoRa_contact_data::recip_connection_queue_check(Stage_control&)
 .text._ZN17LoRa_contact_data21set_LoRa_mode_receiveEv
                0x00000000080024c8       0x2c Core/LoRa_contact_data/LoRa_contact_data.o
                0x00000000080024c8                LoRa_contact_data::set_LoRa_mode_receive()
 .text._ZN17LoRa_contact_data14wait_recipientE12LoRa_address
                0x00000000080024f4       0x2c Core/LoRa_contact_data/LoRa_contact_data.o
                0x00000000080024f4                LoRa_contact_data::wait_recipient(LoRa_address)
 .text._ZN17LoRa_contact_data17broadcast_receiveE12LoRa_address
                0x0000000008002520       0x2e Core/LoRa_contact_data/LoRa_contact_data.o
                0x0000000008002520                LoRa_contact_data::broadcast_receive(LoRa_address)
 .text._ZN17LoRa_contact_data21broadcast_wait_packetEv
                0x000000000800254e       0x48 Core/LoRa_contact_data/LoRa_contact_data.o
                0x000000000800254e                LoRa_contact_data::broadcast_wait_packet()
 *fill*         0x0000000008002596        0x2 
 .text._ZN17LoRa_contact_data18set_LoRa_mode_sendEb
                0x0000000008002598       0x60 Core/LoRa_contact_data/LoRa_contact_data.o
                0x0000000008002598                LoRa_contact_data::set_LoRa_mode_send(bool)
 .text._ZN17LoRa_contact_data23init_exchange_boardcastER13Stage_control
                0x00000000080025f8       0x6a Core/LoRa_contact_data/LoRa_contact_data.o
                0x00000000080025f8                LoRa_contact_data::init_exchange_boardcast(Stage_control&)
 *fill*         0x0000000008002662        0x2 
 .text._ZN17LoRa_contact_data19set_LoRa_mode_sleepEv
                0x0000000008002664       0x10 Core/LoRa_contact_data/LoRa_contact_data.o
                0x0000000008002664                LoRa_contact_data::set_LoRa_mode_sleep()
 .text._ZN17LoRa_contact_data11end_contactEv
                0x0000000008002674       0x44 Core/LoRa_contact_data/LoRa_contact_data.o
                0x0000000008002674                LoRa_contact_data::end_contact()
 .text._ZN17LoRa_contact_data16contact_completeEv
                0x00000000080026b8       0x1e Core/LoRa_contact_data/LoRa_contact_data.o
                0x00000000080026b8                LoRa_contact_data::contact_complete()
 .text._ZN17LoRa_contact_data16recip_disconnectER13Stage_control
                0x00000000080026d6       0xa8 Core/LoRa_contact_data/LoRa_contact_data.o
                0x00000000080026d6                LoRa_contact_data::recip_disconnect(Stage_control&)
 .text._ZN17LoRa_contact_data14broadcast_sendEb
                0x000000000800277e       0x40 Core/LoRa_contact_data/LoRa_contact_data.o
                0x000000000800277e                LoRa_contact_data::broadcast_send(bool)
 .text._ZN17LoRa_contact_data21broadcast_send_packetEv
                0x00000000080027be       0x70 Core/LoRa_contact_data/LoRa_contact_data.o
                0x00000000080027be                LoRa_contact_data::broadcast_send_packet()
 *fill*         0x000000000800282e        0x2 
 .text._ZN17LoRa_contact_data19work_contact_systemEv
                0x0000000008002830      0x128 Core/LoRa_contact_data/LoRa_contact_data.o
                0x0000000008002830                LoRa_contact_data::work_contact_system()
 .text._ZN17LoRa_contact_data22init_connection_expectER13Stage_control
                0x0000000008002958      0x188 Core/LoRa_contact_data/LoRa_contact_data.o
                0x0000000008002958                LoRa_contact_data::init_connection_expect(Stage_control&)
 .text._ZN17LoRa_contact_data20init_connection_waitER13Stage_control
                0x0000000008002ae0       0xbc Core/LoRa_contact_data/LoRa_contact_data.o
                0x0000000008002ae0                LoRa_contact_data::init_connection_wait(Stage_control&)
 .text._ZN17LoRa_contact_data15init_connectionER13Stage_control
                0x0000000008002b9c       0x14 Core/LoRa_contact_data/LoRa_contact_data.o
                0x0000000008002b9c                LoRa_contact_data::init_connection(Stage_control&)
 .text._ZN17LoRa_contact_data31init_exchange_wait_confirmationER13Stage_control
                0x0000000008002bb0      0x138 Core/LoRa_contact_data/LoRa_contact_data.o
                0x0000000008002bb0                LoRa_contact_data::init_exchange_wait_confirmation(Stage_control&)
 .text._ZN17LoRa_contact_data26init_exchange_wait_numbersER13Stage_control
                0x0000000008002ce8      0x190 Core/LoRa_contact_data/LoRa_contact_data.o
                0x0000000008002ce8                LoRa_contact_data::init_exchange_wait_numbers(Stage_control&)
 .text._ZN17LoRa_contact_data13init_exchangeER13Stage_control
                0x0000000008002e78       0x1c Core/LoRa_contact_data/LoRa_contact_data.o
                0x0000000008002e78                LoRa_contact_data::init_exchange(Stage_control&)
 .text._ZN17LoRa_contact_data29recip_connection_wait_requestER13Stage_control
                0x0000000008002e94      0x188 Core/LoRa_contact_data/LoRa_contact_data.o
                0x0000000008002e94                LoRa_contact_data::recip_connection_wait_request(Stage_control&)
 .text._ZN17LoRa_contact_data16recip_connectionER13Stage_control
                0x000000000800301c       0x14 Core/LoRa_contact_data/LoRa_contact_data.o
                0x000000000800301c                LoRa_contact_data::recip_connection(Stage_control&)
 .text._ZN17LoRa_contact_data21recip_exchange_expectER13Stage_control
                0x0000000008003030      0x11c Core/LoRa_contact_data/LoRa_contact_data.o
                0x0000000008003030                LoRa_contact_data::recip_exchange_expect(Stage_control&)
 .text._ZN17LoRa_contact_data28recip_exchange_wait_reactionER13Stage_control
                0x000000000800314c      0x130 Core/LoRa_contact_data/LoRa_contact_data.o
                0x000000000800314c                LoRa_contact_data::recip_exchange_wait_reaction(Stage_control&)
 .text._ZN17LoRa_contact_data14recip_exchangeER13Stage_control
                0x000000000800327c       0x14 Core/LoRa_contact_data/LoRa_contact_data.o
                0x000000000800327c                LoRa_contact_data::recip_exchange(Stage_control&)
 .text.Get_control_module_info_from_main
                0x0000000008003290       0x18 Core/LoRa_main_cpp/LoRa_main_file.o
                0x0000000008003290                Get_control_module_info_from_main
 .text.Send_registration_packet
                0x00000000080032a8       0x18 Core/LoRa_main_cpp/LoRa_main_file.o
                0x00000000080032a8                Send_registration_packet
 .text.Init_lora_module
                0x00000000080032c0        0xc Core/LoRa_main_cpp/LoRa_main_file.o
                0x00000000080032c0                Init_lora_module
 .text.Begin_lora_module
                0x00000000080032cc       0x88 Core/LoRa_main_cpp/LoRa_main_file.o
                0x00000000080032cc                Begin_lora_module
 .text.Main_cpp
                0x0000000008003354       0x40 Core/LoRa_main_cpp/LoRa_main_file.o
                0x0000000008003354                Main_cpp
 .text.Contact_group_control_module
                0x0000000008003394       0xd4 Core/LoRa_main_cpp/LoRa_main_file.o
                0x0000000008003394                Contact_group_control_module
 .text.startup._GLOBAL__sub_I_sensor_array
                0x0000000008003468       0x24 Core/LoRa_main_cpp/LoRa_main_file.o
 .text.exit._GLOBAL__sub_D_sensor_array
                0x000000000800348c       0x20 Core/LoRa_main_cpp/LoRa_main_file.o
 .text._ZN8RegisterC2Ethh
                0x00000000080034ac       0x42 Core/LoRa_module/Address_field.o
                0x00000000080034ac                Register::Register(unsigned short, unsigned char, unsigned char)
                0x00000000080034ac                Register::Register(unsigned short, unsigned char, unsigned char)
 .text._ZNK8Register7addressEv
                0x00000000080034ee        0x4 Core/LoRa_module/Address_field.o
                0x00000000080034ee                Register::address() const
 .text._ZNK8Register4maskEv
                0x00000000080034f2        0x4 Core/LoRa_module/Address_field.o
                0x00000000080034f2                Register::mask() const
 .text._ZeqRK8RegisterS1_
                0x00000000080034f6       0x28 Core/LoRa_module/Address_field.o
                0x00000000080034f6                operator==(Register const&, Register const&)
 .text._ZneRK8RegisterS1_
                0x000000000800351e        0xe Core/LoRa_module/Address_field.o
                0x000000000800351e                operator!=(Register const&, Register const&)
 .text._ZN13Address_field18init_address_fieldEPK8RegisterhbcmmPKmm
                0x000000000800352c       0x94 Core/LoRa_module/Address_field.o
                0x000000000800352c                Address_field::init_address_field(Register const*, unsigned char, bool, char, unsigned long, unsigned long, unsigned long const*, unsigned long)
 .text._ZN13Address_fieldC2EPK8RegisterhbcmmPKmm
                0x00000000080035c0       0x26 Core/LoRa_module/Address_field.o
                0x00000000080035c0                Address_field::Address_field(Register const*, unsigned char, bool, char, unsigned long, unsigned long, unsigned long const*, unsigned long)
                0x00000000080035c0                Address_field::Address_field(Register const*, unsigned char, bool, char, unsigned long, unsigned long, unsigned long const*, unsigned long)
 .text._ZNK13Address_field9get_valueEPKhi
                0x00000000080035e6       0x60 Core/LoRa_module/Address_field.o
                0x00000000080035e6                Address_field::get_value(unsigned char const*, int) const
 .text._ZNK13Address_field9set_valueEmPhi
                0x0000000008003646       0xbe Core/LoRa_module/Address_field.o
                0x0000000008003646                Address_field::set_value(unsigned long, unsigned char*, int) const
 .text._ZNK13Address_field9get_valueERK11LoRa_packeth
                0x0000000008003704       0x98 Core/LoRa_module/Address_field.o
                0x0000000008003704                Address_field::get_value(LoRa_packet const&, unsigned char) const
 .text._ZNK13Address_field9set_valueEmR11LoRa_packeth
                0x000000000800379c      0x142 Core/LoRa_module/Address_field.o
                0x000000000800379c                Address_field::set_value(unsigned long, LoRa_packet&, unsigned char) const
 .text._ZNK13Address_field13get_registersEv
                0x00000000080038de        0x4 Core/LoRa_module/Address_field.o
                0x00000000080038de                Address_field::get_registers() const
 .text._ZNK13Address_field13get_reg_countEv
                0x00000000080038e2        0x4 Core/LoRa_module/Address_field.o
                0x00000000080038e2                Address_field::get_reg_count() const
 .text._ZeqRK13Address_fieldS1_
                0x00000000080038e6       0x7a Core/LoRa_module/Address_field.o
                0x00000000080038e6                operator==(Address_field const&, Address_field const&)
 .text._ZN10LoRa_classD2Ev
                0x0000000008003960       0x1a Core/LoRa_module/LoRa.o
                0x0000000008003960                LoRa_class::~LoRa_class()
                0x0000000008003960                LoRa_class::~LoRa_class()
 *fill*         0x000000000800397a        0x2 
 .text._ZN10LoRa_class4initEP19__SPI_HandleTypeDef
                0x000000000800397c       0x44 Core/LoRa_module/LoRa.o
                0x000000000800397c                LoRa_class::init(__SPI_HandleTypeDef*)
 .text._ZN10LoRa_classC2Ev
                0x00000000080039c0       0x16 Core/LoRa_module/LoRa.o
                0x00000000080039c0                LoRa_class::LoRa_class()
                0x00000000080039c0                LoRa_class::LoRa_class()
 .text._ZN10LoRa_class9field_setE13Address_fieldmb
                0x00000000080039d6       0x50 Core/LoRa_module/LoRa.o
                0x00000000080039d6                LoRa_class::field_set(Address_field, unsigned long, bool)
 .text._ZN10LoRa_class9field_setEP13Address_fieldPmhb
                0x0000000008003a26       0x2e Core/LoRa_module/LoRa.o
                0x0000000008003a26                LoRa_class::field_set(Address_field*, unsigned long*, unsigned char, bool)
 .text._ZN10LoRa_class9field_getE13Address_fieldPmb
                0x0000000008003a54       0x36 Core/LoRa_module/LoRa.o
                0x0000000008003a54                LoRa_class::field_get(Address_field, unsigned long*, bool)
 .text._ZN10LoRa_class9field_getEP13Address_fieldPmhb
                0x0000000008003a8a       0x10 Core/LoRa_module/LoRa.o
                0x0000000008003a8a                LoRa_class::field_get(Address_field*, unsigned long*, unsigned char, bool)
 *fill*         0x0000000008003a9a        0x2 
 .text._ZN10LoRa_class8set_modeEh
                0x0000000008003a9c       0x60 Core/LoRa_module/LoRa.o
                0x0000000008003a9c                LoRa_class::set_mode(unsigned char)
 .text._ZN10LoRa_class10mode_sleepEv
                0x0000000008003afc        0x6 Core/LoRa_module/LoRa.o
                0x0000000008003afc                LoRa_class::mode_sleep()
 .text._ZN10LoRa_class10mode_STDBYEv
                0x0000000008003b02        0x6 Core/LoRa_module/LoRa.o
                0x0000000008003b02                LoRa_class::mode_STDBY()
 .text._ZN10LoRa_class7mode_TXEb
                0x0000000008003b08       0x3c Core/LoRa_module/LoRa.o
                0x0000000008003b08                LoRa_class::mode_TX(bool)
 .text._ZN10LoRa_class9mode_FSTXEv
                0x0000000008003b44        0x6 Core/LoRa_module/LoRa.o
                0x0000000008003b44                LoRa_class::mode_FSTX()
 *fill*         0x0000000008003b4a        0x2 
 .text._ZN10LoRa_class14mode_RX_singleEb
                0x0000000008003b4c       0x6c Core/LoRa_module/LoRa.o
                0x0000000008003b4c                LoRa_class::mode_RX_single(bool)
 .text._ZN10LoRa_class12set_TX_powerEhbh
                0x0000000008003bb8       0xe0 Core/LoRa_module/LoRa.o
                0x0000000008003bb8                LoRa_class::set_TX_power(unsigned char, bool, unsigned char)
 .text._ZN10LoRa_class13set_frequencyEy
                0x0000000008003c98       0x44 Core/LoRa_module/LoRa.o
                0x0000000008003c98                LoRa_class::set_frequency(unsigned long long)
 .text._ZN10LoRa_class20set_spreading_factorEh
                0x0000000008003cdc       0x94 Core/LoRa_module/LoRa.o
                0x0000000008003cdc                LoRa_class::set_spreading_factor(unsigned char)
 .text._ZN10LoRa_class20set_signal_bandwidthEy
                0x0000000008003d70      0x13c Core/LoRa_module/LoRa.o
                0x0000000008003d70                LoRa_class::set_signal_bandwidth(unsigned long long)
 .text._ZN10LoRa_class10crc_enableEv
                0x0000000008003eac       0x2c Core/LoRa_module/LoRa.o
                0x0000000008003eac                LoRa_class::crc_enable()
 .text._ZN10LoRa_class5beginEybhhyh
                0x0000000008003ed8      0x1f0 Core/LoRa_module/LoRa.o
                0x0000000008003ed8                LoRa_class::begin(unsigned long long, bool, unsigned char, unsigned char, unsigned long long, unsigned char)
 .text._ZN10LoRa_class11packet_rssiEv
                0x00000000080040c8       0x5c Core/LoRa_module/LoRa.o
                0x00000000080040c8                LoRa_class::packet_rssi()
 .text._ZN10LoRa_class16read_packet_dataEbbb
                0x0000000008004124       0xd4 Core/LoRa_module/LoRa.o
                0x0000000008004124                LoRa_class::read_packet_data(bool, bool, bool)
 .text._ZN10LoRa_class15receiver_packetEhmbb
                0x00000000080041f8      0x2e0 Core/LoRa_module/LoRa.o
                0x00000000080041f8                LoRa_class::receiver_packet(unsigned char, unsigned long, bool, bool)
 .text._ZN10LoRa_class12packet_beginEv
                0x00000000080044d8       0x3c Core/LoRa_module/LoRa.o
                0x00000000080044d8                LoRa_class::packet_begin()
 .text._ZN10LoRa_class12packet_writeEPhh
                0x0000000008004514       0x80 Core/LoRa_module/LoRa.o
                0x0000000008004514                LoRa_class::packet_write(unsigned char*, unsigned char)
 .text._ZN10LoRa_class10packet_endEmb
                0x0000000008004594       0xa4 Core/LoRa_module/LoRa.o
                0x0000000008004594                LoRa_class::packet_end(unsigned long, bool)
 .text._ZN10LoRa_class13sender_packetEPhhm
                0x0000000008004638       0x2a Core/LoRa_module/LoRa.o
                0x0000000008004638                LoRa_class::sender_packet(unsigned char*, unsigned char, unsigned long)
 *fill*         0x0000000008004662        0x2 
 .text.startup._GLOBAL__sub_I_LoRa
                0x0000000008004664        0xc Core/LoRa_module/LoRa.o
 .text.exit._GLOBAL__sub_D_LoRa
                0x0000000008004670        0xc Core/LoRa_module/LoRa.o
 .text._ZN16LoRa_packet_data8add_dataEh
                0x000000000800467c       0x16 Core/LoRa_module/LoRa_packet.o
                0x000000000800467c                LoRa_packet_data::add_data(unsigned char)
 .text._ZN16LoRa_packet_data8add_dataEPKhh
                0x0000000008004692       0x28 Core/LoRa_module/LoRa_packet.o
                0x0000000008004692                LoRa_packet_data::add_data(unsigned char const*, unsigned char)
 .text._ZN16LoRa_packet_data8set_dataEPKhh
                0x00000000080046ba       0x2a Core/LoRa_module/LoRa_packet.o
                0x00000000080046ba                LoRa_packet_data::set_data(unsigned char const*, unsigned char)
 .text._ZN11LoRa_packet11search_dataEv
                0x00000000080046e4       0x90 Core/LoRa_module/LoRa_packet.o
                0x00000000080046e4                LoRa_packet::search_data()
 .text._ZN11LoRa_packetC2Ev
                0x0000000008004774       0x10 Core/LoRa_module/LoRa_packet.o
                0x0000000008004774                LoRa_packet::LoRa_packet()
                0x0000000008004774                LoRa_packet::LoRa_packet()
 .text._ZN11LoRa_packetD2Ev
                0x0000000008004784        0xa Core/LoRa_module/LoRa_packet.o
                0x0000000008004784                LoRa_packet::~LoRa_packet()
                0x0000000008004784                LoRa_packet::~LoRa_packet()
 .text._ZN11LoRa_packet15add_packet_dataEh
                0x000000000800478e        0x6 Core/LoRa_module/LoRa_packet.o
                0x000000000800478e                LoRa_packet::add_packet_data(unsigned char)
 .text._ZN11LoRa_packet15add_packet_dataEPKhh
                0x0000000008004794        0x6 Core/LoRa_module/LoRa_packet.o
                0x0000000008004794                LoRa_packet::add_packet_data(unsigned char const*, unsigned char)
 .text._ZN11LoRa_packet10set_packetEPKhhbh
                0x000000000800479a       0x18 Core/LoRa_module/LoRa_packet.o
                0x000000000800479a                LoRa_packet::set_packet(unsigned char const*, unsigned char, bool, unsigned char)
 .text._ZN11LoRa_packetC2EPKhhbh
                0x00000000080047b2       0x2a Core/LoRa_module/LoRa_packet.o
                0x00000000080047b2                LoRa_packet::LoRa_packet(unsigned char const*, unsigned char, bool, unsigned char)
                0x00000000080047b2                LoRa_packet::LoRa_packet(unsigned char const*, unsigned char, bool, unsigned char)
 .text._ZN11LoRa_packet12clear_packetEv
                0x00000000080047dc       0x16 Core/LoRa_module/LoRa_packet.o
                0x00000000080047dc                LoRa_packet::clear_packet()
 .text._ZNK11LoRa_packet7get_lenEv
                0x00000000080047f2        0x8 Core/LoRa_module/LoRa_packet.o
                0x00000000080047f2                LoRa_packet::get_len() const
 .text._ZNK11LoRa_packet13get_crc_errorEv
                0x00000000080047fa        0x4 Core/LoRa_module/LoRa_packet.o
                0x00000000080047fa                LoRa_packet::get_crc_error() const
 .text._ZN11LoRa_packetixEi
                0x00000000080047fe        0x8 Core/LoRa_module/LoRa_packet.o
                0x00000000080047fe                LoRa_packet::operator[](int)
 .text._ZNK11LoRa_packetixEi
                0x0000000008004806        0x8 Core/LoRa_module/LoRa_packet.o
                0x0000000008004806                LoRa_packet::operator[](int) const
 .text._ZN11LoRa_packetaSERKS_
                0x000000000800480e       0x3e Core/LoRa_module/LoRa_packet.o
                0x000000000800480e                LoRa_packet::operator=(LoRa_packet const&)
 .text._ZN11LoRa_packetaSEOS_
                0x000000000800484c       0x1e Core/LoRa_module/LoRa_packet.o
                0x000000000800484c                LoRa_packet::operator=(LoRa_packet&&)
 .text._ZN11LoRa_packetC2EOS_
                0x000000000800486a       0x12 Core/LoRa_module/LoRa_packet.o
                0x000000000800486a                LoRa_packet::LoRa_packet(LoRa_packet&&)
                0x000000000800486a                LoRa_packet::LoRa_packet(LoRa_packet&&)
 .text.startup._GLOBAL__sub_I_lora_packet_data
                0x000000000800487c       0x1c Core/LoRa_module/LoRa_packet.o
 .text._ZN13LoRa_registerD2Ev
                0x0000000008004898        0x2 Core/LoRa_module/LoRa_register.o
                0x0000000008004898                LoRa_register::~LoRa_register()
                0x0000000008004898                LoRa_register::~LoRa_register()
 .text._ZN13LoRa_register4initEP19__SPI_HandleTypeDefP12GPIO_TypeDeft
                0x000000000800489a        0x8 Core/LoRa_module/LoRa_register.o
                0x000000000800489a                LoRa_register::init(__SPI_HandleTypeDef*, GPIO_TypeDef*, unsigned short)
 .text._ZN13LoRa_register5clearEv
                0x00000000080048a2       0x1c Core/LoRa_module/LoRa_register.o
                0x00000000080048a2                LoRa_register::clear()
 *fill*         0x00000000080048be        0x2 
 .text._ZN13LoRa_registerC2Ev
                0x00000000080048c0       0xc4 Core/LoRa_module/LoRa_register.o
                0x00000000080048c0                LoRa_register::LoRa_register()
                0x00000000080048c0                LoRa_register::LoRa_register()
 .text._ZN13LoRa_register15field_registersEP13Address_fieldh
                0x0000000008004984       0x8e Core/LoRa_module/LoRa_register.o
                0x0000000008004984                LoRa_register::field_registers(Address_field*, unsigned char)
 .text._ZN13LoRa_register22check_missing_registerEP13Address_fieldh
                0x0000000008004a12       0x48 Core/LoRa_module/LoRa_register.o
                0x0000000008004a12                LoRa_register::check_missing_register(Address_field*, unsigned char)
 .text._ZN13LoRa_register10check_readEP13Address_fieldh
                0x0000000008004a5a       0xd0 Core/LoRa_module/LoRa_register.o
                0x0000000008004a5a                LoRa_register::check_read(Address_field*, unsigned char)
 .text._ZN13LoRa_register16_single_transferEhh
                0x0000000008004b2a       0x66 Core/LoRa_module/LoRa_register.o
                0x0000000008004b2a                LoRa_register::_single_transfer(unsigned char, unsigned char)
 .text._ZN13LoRa_register14_read_registerEh
                0x0000000008004b90        0xa Core/LoRa_module/LoRa_register.o
                0x0000000008004b90                LoRa_register::_read_register(unsigned char)
 .text._ZN13LoRa_register13register_readEP13Address_fieldhb
                0x0000000008004b9a       0x60 Core/LoRa_module/LoRa_register.o
                0x0000000008004b9a                LoRa_register::register_read(Address_field*, unsigned char, bool)
 .text._ZN13LoRa_register15get_field_valueEP13Address_fieldPmhb
                0x0000000008004bfa       0x50 Core/LoRa_module/LoRa_register.o
                0x0000000008004bfa                LoRa_register::get_field_value(Address_field*, unsigned long*, unsigned char, bool)
 .text._ZN13LoRa_register15get_field_valueE13Address_fieldPmb
                0x0000000008004c4a       0x24 Core/LoRa_module/LoRa_register.o
                0x0000000008004c4a                LoRa_register::get_field_value(Address_field, unsigned long*, bool)
 *fill*         0x0000000008004c6e        0x2 
 .text._ZN13LoRa_register15set_field_valueEP13Address_fieldPmh
                0x0000000008004c70       0x88 Core/LoRa_module/LoRa_register.o
                0x0000000008004c70                LoRa_register::set_field_value(Address_field*, unsigned long*, unsigned char)
 .text._ZN13LoRa_register15set_field_valueE13Address_fieldm
                0x0000000008004cf8       0x1c Core/LoRa_module/LoRa_register.o
                0x0000000008004cf8                LoRa_register::set_field_value(Address_field, unsigned long)
 .text._ZN13LoRa_register15_write_registerEhh
                0x0000000008004d14        0x8 Core/LoRa_module/LoRa_register.o
                0x0000000008004d14                LoRa_register::_write_register(unsigned char, unsigned char)
 .text._ZN13LoRa_register14register_writeEP13Address_fieldhbb
                0x0000000008004d1c       0x6c Core/LoRa_module/LoRa_register.o
                0x0000000008004d1c                LoRa_register::register_write(Address_field*, unsigned char, bool, bool)
 .text._ZN13LoRa_register14register_writeE13Address_fieldbb
                0x0000000008004d88       0x26 Core/LoRa_module/LoRa_register.o
                0x0000000008004d88                LoRa_register::register_write(Address_field, bool, bool)
 *fill*         0x0000000008004dae        0x2 
 .text._ZN13LoRa_register11clear_flagsEP13Address_fieldhb
                0x0000000008004db0       0xa8 Core/LoRa_module/LoRa_register.o
                0x0000000008004db0                LoRa_register::clear_flags(Address_field*, unsigned char, bool)
 .text._ZN13LoRa_register11clear_flagsE13Address_fieldb
                0x0000000008004e58       0x1e Core/LoRa_module/LoRa_register.o
                0x0000000008004e58                LoRa_register::clear_flags(Address_field, bool)
 *fill*         0x0000000008004e76        0x2 
 .text.startup._GLOBAL__sub_I_REG_FIFO
                0x0000000008004e78      0xb14 Core/LoRa_module/LoRa_register_data.o
 .text._ZN15Packet_analyzer11set_settingEh
                0x000000000800598c        0x4 Core/Packet_analyzer/Packet_analyzer.o
                0x000000000800598c                Packet_Connection::set_setting(unsigned char)
                0x000000000800598c                Packet_analyzer::set_setting(unsigned char)
 .text._ZN13Packet_Sensor11set_settingEh
                0x0000000008005990        0x6 Core/Packet_analyzer/Packet_analyzer.o
                0x0000000008005990                Packet_Sensor::set_setting(unsigned char)
 .text._ZN13Packet_Device11set_settingEh
                0x0000000008005996        0x6 Core/Packet_analyzer/Packet_analyzer.o
                0x0000000008005996                Packet_Device::set_setting(unsigned char)
 .text._ZN13Packet_System11set_settingEh
                0x000000000800599c        0x4 Core/Packet_analyzer/Packet_analyzer.o
                0x000000000800599c                Packet_System::set_setting(unsigned char)
 .text._ZN12LoRa_addressC2EPKhh
                0x00000000080059a0       0x30 Core/Packet_analyzer/Packet_analyzer.o
                0x00000000080059a0                LoRa_address::LoRa_address(unsigned char const*, unsigned char)
                0x00000000080059a0                LoRa_address::LoRa_address(unsigned char const*, unsigned char)
 .text._ZN12LoRa_addressC2Ett
                0x00000000080059d0        0x6 Core/Packet_analyzer/Packet_analyzer.o
                0x00000000080059d0                LoRa_address::LoRa_address(unsigned short, unsigned short)
                0x00000000080059d0                LoRa_address::LoRa_address(unsigned short, unsigned short)
 .text._ZN12LoRa_addressC2Em
                0x00000000080059d6        0x8 Core/Packet_analyzer/Packet_analyzer.o
                0x00000000080059d6                LoRa_address::LoRa_address(unsigned long)
                0x00000000080059d6                LoRa_address::LoRa_address(unsigned long)
 .text._ZN12LoRa_address6globalEv
                0x00000000080059de       0x1c Core/Packet_analyzer/Packet_analyzer.o
                0x00000000080059de                LoRa_address::global()
 .text._ZneRK12LoRa_addressS1_
                0x00000000080059fa       0x18 Core/Packet_analyzer/Packet_analyzer.o
                0x00000000080059fa                operator!=(LoRa_address const&, LoRa_address const&)
 *fill*         0x0000000008005a12        0x2 
 .text._ZN15Packet_analyzerC2Ev
                0x0000000008005a14       0x20 Core/Packet_analyzer/Packet_analyzer.o
                0x0000000008005a14                Packet_analyzer::Packet_analyzer()
                0x0000000008005a14                Packet_analyzer::Packet_analyzer()
 .text._ZN15Packet_analyzer18get_dest_adr_groupERK11LoRa_packet
                0x0000000008005a34       0x10 Core/Packet_analyzer/Packet_analyzer.o
                0x0000000008005a34                Packet_analyzer::get_dest_adr_group(LoRa_packet const&)
 .text._ZN15Packet_analyzer19get_dest_adr_branchERK11LoRa_packet
                0x0000000008005a44       0x10 Core/Packet_analyzer/Packet_analyzer.o
                0x0000000008005a44                Packet_analyzer::get_dest_adr_branch(LoRa_packet const&)
 .text._ZN15Packet_analyzer12get_dest_adrERK11LoRa_packet
                0x0000000008005a54       0x1c Core/Packet_analyzer/Packet_analyzer.o
                0x0000000008005a54                Packet_analyzer::get_dest_adr(LoRa_packet const&)
 .text._ZN15Packet_analyzer18get_sour_adr_groupERK11LoRa_packet
                0x0000000008005a70       0x10 Core/Packet_analyzer/Packet_analyzer.o
                0x0000000008005a70                Packet_analyzer::get_sour_adr_group(LoRa_packet const&)
 .text._ZN15Packet_analyzer19get_sour_adr_branchERK11LoRa_packet
                0x0000000008005a80       0x10 Core/Packet_analyzer/Packet_analyzer.o
                0x0000000008005a80                Packet_analyzer::get_sour_adr_branch(LoRa_packet const&)
 .text._ZN15Packet_analyzer12get_sour_adrERK11LoRa_packet
                0x0000000008005a90       0x1c Core/Packet_analyzer/Packet_analyzer.o
                0x0000000008005a90                Packet_analyzer::get_sour_adr(LoRa_packet const&)
 .text._ZN15Packet_analyzer15get_packet_typeERK11LoRa_packet
                0x0000000008005aac        0xa Core/Packet_analyzer/Packet_analyzer.o
                0x0000000008005aac                Packet_analyzer::get_packet_type(LoRa_packet const&)
 .text._ZN15Packet_analyzer17get_packet_numberERK11LoRa_packet
                0x0000000008005ab6       0x10 Core/Packet_analyzer/Packet_analyzer.o
                0x0000000008005ab6                Packet_analyzer::get_packet_number(LoRa_packet const&)
 .text._ZN15Packet_analyzer18set_dest_adr_groupER11LoRa_packett
                0x0000000008005ac6       0x14 Core/Packet_analyzer/Packet_analyzer.o
                0x0000000008005ac6                Packet_analyzer::set_dest_adr_group(LoRa_packet&, unsigned short)
 .text._ZN15Packet_analyzer19set_dest_adr_branchER11LoRa_packett
                0x0000000008005ada       0x14 Core/Packet_analyzer/Packet_analyzer.o
                0x0000000008005ada                Packet_analyzer::set_dest_adr_branch(LoRa_packet&, unsigned short)
 .text._ZN15Packet_analyzer12set_dest_adrER11LoRa_packet12LoRa_address
                0x0000000008005aee       0x3e Core/Packet_analyzer/Packet_analyzer.o
                0x0000000008005aee                Packet_analyzer::set_dest_adr(LoRa_packet&, LoRa_address)
 .text._ZN15Packet_analyzer18set_sour_adr_groupER11LoRa_packett
                0x0000000008005b2c       0x14 Core/Packet_analyzer/Packet_analyzer.o
                0x0000000008005b2c                Packet_analyzer::set_sour_adr_group(LoRa_packet&, unsigned short)
 .text._ZN15Packet_analyzer19set_sour_adr_branchER11LoRa_packett
                0x0000000008005b40       0x14 Core/Packet_analyzer/Packet_analyzer.o
                0x0000000008005b40                Packet_analyzer::set_sour_adr_branch(LoRa_packet&, unsigned short)
 .text._ZN15Packet_analyzer12set_sour_adrER11LoRa_packet12LoRa_address
                0x0000000008005b54       0x3e Core/Packet_analyzer/Packet_analyzer.o
                0x0000000008005b54                Packet_analyzer::set_sour_adr(LoRa_packet&, LoRa_address)
 .text._ZN15Packet_analyzer15set_packet_typeER11LoRa_packet11Packet_Type
                0x0000000008005b92       0x14 Core/Packet_analyzer/Packet_analyzer.o
                0x0000000008005b92                Packet_analyzer::set_packet_type(LoRa_packet&, Packet_Type)
 .text._ZN15Packet_analyzer17set_packet_numberER11LoRa_packett
                0x0000000008005ba6       0x14 Core/Packet_analyzer/Packet_analyzer.o
                0x0000000008005ba6                Packet_analyzer::set_packet_number(LoRa_packet&, unsigned short)
 *fill*         0x0000000008005bba        0x2 
 .text._ZN17Packet_Connection11set_commandER11LoRa_packeth
                0x0000000008005bbc       0x30 Core/Packet_analyzer/Packet_analyzer.o
                0x0000000008005bbc                Packet_Connection::set_command(LoRa_packet&, unsigned char)
 .text._ZN17Packet_Connection11get_commandERK11LoRa_packetPh
                0x0000000008005bec       0x38 Core/Packet_analyzer/Packet_analyzer.o
                0x0000000008005bec                Packet_Connection::get_command(LoRa_packet const&, unsigned char*)
 .text._ZN17Packet_Connection16get_size_by_dataEPKhS1_Rh
                0x0000000008005c24       0x58 Core/Packet_analyzer/Packet_analyzer.o
                0x0000000008005c24                Packet_Connection::get_size_by_data(unsigned char const*, unsigned char const*, unsigned char&)
 .text._ZN17Packet_Connection8set_dataER11LoRa_packetPhh
                0x0000000008005c7c       0xc8 Core/Packet_analyzer/Packet_analyzer.o
                0x0000000008005c7c                Packet_Connection::set_data(LoRa_packet&, unsigned char*, unsigned char)
 .text._ZN17Packet_Connection15set_packet_dataER11LoRa_packetPhS2_S2_
                0x0000000008005d44       0x28 Core/Packet_analyzer/Packet_analyzer.o
                0x0000000008005d44                Packet_Connection::set_packet_data(LoRa_packet&, unsigned char*, unsigned char*, unsigned char*)
 .text._ZN17Packet_Connection8get_dataERK11LoRa_packetPhS3_
                0x0000000008005d6c       0xf4 Core/Packet_analyzer/Packet_analyzer.o
                0x0000000008005d6c                Packet_Connection::get_data(LoRa_packet const&, unsigned char*, unsigned char*)
 .text._ZN17Packet_Connection15get_packet_dataERK11LoRa_packetPhS3_S3_
                0x0000000008005e60       0x26 Core/Packet_analyzer/Packet_analyzer.o
                0x0000000008005e60                Packet_Connection::get_packet_data(LoRa_packet const&, unsigned char*, unsigned char*, unsigned char*)
 *fill*         0x0000000008005e86        0x2 
 .text._ZN17Packet_Connection18get_size_by_packetERK11LoRa_packetRh
                0x0000000008005e88       0x8c Core/Packet_analyzer/Packet_analyzer.o
                0x0000000008005e88                Packet_Connection::get_size_by_packet(LoRa_packet const&, unsigned char&)
 .text._ZN13Packet_Sensor15set_packet_dataER11LoRa_packetPhS2_S2_Pm
                0x0000000008005f14      0x138 Core/Packet_analyzer/Packet_analyzer.o
                0x0000000008005f14                Packet_Sensor::set_packet_data(LoRa_packet&, unsigned char*, unsigned char*, unsigned char*, unsigned long*)
 .text._ZN13Packet_System15set_packet_dataER11LoRa_packetPhS2_S2_
                0x000000000800604c       0xd4 Core/Packet_analyzer/Packet_analyzer.o
                0x000000000800604c                Packet_System::set_packet_data(LoRa_packet&, unsigned char*, unsigned char*, unsigned char*)
 .text._ZN13Packet_System15get_packet_dataERK11LoRa_packetPhS3_S3_
                0x0000000008006120       0xc4 Core/Packet_analyzer/Packet_analyzer.o
                0x0000000008006120                Packet_System::get_packet_data(LoRa_packet const&, unsigned char*, unsigned char*, unsigned char*)
 .text._ZN13Packet_System18get_size_by_packetERK11LoRa_packetRh
                0x00000000080061e4       0x78 Core/Packet_analyzer/Packet_analyzer.o
                0x00000000080061e4                Packet_System::get_size_by_packet(LoRa_packet const&, unsigned char&)
 .text.startup._GLOBAL__sub_I_LORA_ADDRESS_BRANCH
                0x000000000800625c      0x3d8 Core/Packet_analyzer/Packet_analyzer.o
 .text.null_ptr_check
                0x0000000008006634       0x1c Core/Sensor_BME280/bme280.o
 .text.bme280_get_regs
                0x0000000008006650       0x2e Core/Sensor_BME280/bme280.o
                0x0000000008006650                bme280_get_regs
 .text.bme280_set_regs
                0x000000000800667e       0x86 Core/Sensor_BME280/bme280.o
                0x000000000800667e                bme280_set_regs
 .text.set_osr_humidity_settings.isra.0
                0x0000000008006704       0x4c Core/Sensor_BME280/bme280.o
 .text.set_osr_press_temp_settings
                0x0000000008006750       0x60 Core/Sensor_BME280/bme280.o
 .text.set_filter_standby_settings
                0x00000000080067b0       0x60 Core/Sensor_BME280/bme280.o
 .text.bme280_get_sensor_mode
                0x0000000008006810       0x22 Core/Sensor_BME280/bme280.o
                0x0000000008006810                bme280_get_sensor_mode
 .text.bme280_soft_reset
                0x0000000008006832       0x36 Core/Sensor_BME280/bme280.o
                0x0000000008006832                bme280_soft_reset
 .text.bme280_init
                0x0000000008006868       0xda Core/Sensor_BME280/bme280.o
                0x0000000008006868                bme280_init
 .text.put_device_to_sleep
                0x0000000008006942       0x70 Core/Sensor_BME280/bme280.o
 .text.bme280_set_sensor_settings
                0x00000000080069b2       0x76 Core/Sensor_BME280/bme280.o
                0x00000000080069b2                bme280_set_sensor_settings
 .text.bme280_set_sensor_mode
                0x0000000008006a28       0x64 Core/Sensor_BME280/bme280.o
                0x0000000008006a28                bme280_set_sensor_mode
 .text.bme280_parse_sensor_data
                0x0000000008006a8c       0x2e Core/Sensor_BME280/bme280.o
                0x0000000008006a8c                bme280_parse_sensor_data
 *fill*         0x0000000008006aba        0x2 
 .text.bme280_compensate_data
                0x0000000008006abc      0x3a0 Core/Sensor_BME280/bme280.o
                0x0000000008006abc                bme280_compensate_data
 .text.bme280_get_sensor_data
                0x0000000008006e5c       0x4e Core/Sensor_BME280/bme280.o
                0x0000000008006e5c                bme280_get_sensor_data
 *fill*         0x0000000008006eaa        0x2 
 .text.readAlgorithmResults
                0x0000000008006eac       0x58 Core/Sensor_CCS811/Sensor_CCS811.o
                0x0000000008006eac                readAlgorithmResults
 .text.setEnvironmentalData
                0x0000000008006f04       0xe8 Core/Sensor_CCS811/Sensor_CCS811.o
                0x0000000008006f04                setEnvironmentalData
 .text.readRegister
                0x0000000008006fec       0x38 Core/Sensor_CCS811/Sensor_CCS811.o
                0x0000000008006fec                readRegister
 .text.checkForError
                0x0000000008007024       0x20 Core/Sensor_CCS811/Sensor_CCS811.o
                0x0000000008007024                checkForError
 .text.writeRegister
                0x0000000008007044       0x58 Core/Sensor_CCS811/Sensor_CCS811.o
                0x0000000008007044                writeRegister
 .text.setDriveMode
                0x000000000800709c       0x34 Core/Sensor_CCS811/Sensor_CCS811.o
                0x000000000800709c                setDriveMode
 .text.configureCCS811
                0x00000000080070d0       0x7c Core/Sensor_CCS811/Sensor_CCS811.o
                0x00000000080070d0                configureCCS811
 .text.user_i2c_read
                0x000000000800714c       0x48 Core/Src/main.o
                0x000000000800714c                user_i2c_read
 .text.user_delay_ms
                0x0000000008007194        0x4 Core/Src/main.o
                0x0000000008007194                user_delay_ms
 .text.user_i2c_write
                0x0000000008007198       0x54 Core/Src/main.o
                0x0000000008007198                user_i2c_write
 .text.SystemClock_Config
                0x00000000080071ec       0x76 Core/Src/main.o
                0x00000000080071ec                SystemClock_Config
 *fill*         0x0000000008007262        0x6 
 .text.startup.main
                0x0000000008007268      0x390 Core/Src/main.o
                0x0000000008007268                main
 .text.HAL_GPIO_EXTI_Callback
                0x00000000080075f8       0x28 Core/Src/main.o
                0x00000000080075f8                HAL_GPIO_EXTI_Callback
 .text.SensorsGetValues
                0x0000000008007620       0xbc Core/Src/main.o
                0x0000000008007620                SensorsGetValues
 .text.HAL_TIM_PeriodElapsedCallback
                0x00000000080076dc       0x30 Core/Src/main.o
                0x00000000080076dc                HAL_TIM_PeriodElapsedCallback
 .text.HAL_MspInit
                0x000000000800770c       0x44 Core/Src/stm32f1xx_hal_msp.o
                0x000000000800770c                HAL_MspInit
 .text.HAL_ADC_MspInit
                0x0000000008007750       0x5c Core/Src/stm32f1xx_hal_msp.o
                0x0000000008007750                HAL_ADC_MspInit
 .text.HAL_I2C_MspInit
                0x00000000080077ac       0x98 Core/Src/stm32f1xx_hal_msp.o
                0x00000000080077ac                HAL_I2C_MspInit
 .text.HAL_SPI_MspInit
                0x0000000008007844       0x84 Core/Src/stm32f1xx_hal_msp.o
                0x0000000008007844                HAL_SPI_MspInit
 .text.HAL_TIM_Base_MspInit
                0x00000000080078c8       0x60 Core/Src/stm32f1xx_hal_msp.o
                0x00000000080078c8                HAL_TIM_Base_MspInit
 .text.NMI_Handler
                0x0000000008007928        0x2 Core/Src/stm32f1xx_it.o
                0x0000000008007928                NMI_Handler
 .text.HardFault_Handler
                0x000000000800792a        0x2 Core/Src/stm32f1xx_it.o
                0x000000000800792a                HardFault_Handler
 .text.MemManage_Handler
                0x000000000800792c        0x2 Core/Src/stm32f1xx_it.o
                0x000000000800792c                MemManage_Handler
 .text.BusFault_Handler
                0x000000000800792e        0x2 Core/Src/stm32f1xx_it.o
                0x000000000800792e                BusFault_Handler
 .text.UsageFault_Handler
                0x0000000008007930        0x2 Core/Src/stm32f1xx_it.o
                0x0000000008007930                UsageFault_Handler
 .text.SVC_Handler
                0x0000000008007932        0x2 Core/Src/stm32f1xx_it.o
                0x0000000008007932                SVC_Handler
 .text.DebugMon_Handler
                0x0000000008007934        0x2 Core/Src/stm32f1xx_it.o
                0x0000000008007934                DebugMon_Handler
 .text.PendSV_Handler
                0x0000000008007936        0x2 Core/Src/stm32f1xx_it.o
                0x0000000008007936                PendSV_Handler
 .text.SysTick_Handler
                0x0000000008007938       0x14 Core/Src/stm32f1xx_it.o
                0x0000000008007938                SysTick_Handler
 .text.EXTI2_IRQHandler
                0x000000000800794c        0x6 Core/Src/stm32f1xx_it.o
                0x000000000800794c                EXTI2_IRQHandler
 *fill*         0x0000000008007952        0x2 
 .text.TIM4_IRQHandler
                0x0000000008007954        0xc Core/Src/stm32f1xx_it.o
                0x0000000008007954                TIM4_IRQHandler
 .text.I2C1_EV_IRQHandler
                0x0000000008007960        0xc Core/Src/stm32f1xx_it.o
                0x0000000008007960                I2C1_EV_IRQHandler
 .text.I2C1_ER_IRQHandler
                0x000000000800796c        0xc Core/Src/stm32f1xx_it.o
                0x000000000800796c                I2C1_ER_IRQHandler
 .text.SPI1_IRQHandler
                0x0000000008007978        0xc Core/Src/stm32f1xx_it.o
                0x0000000008007978                SPI1_IRQHandler
 .text.EXTI15_10_IRQHandler
                0x0000000008007984        0x8 Core/Src/stm32f1xx_it.o
                0x0000000008007984                EXTI15_10_IRQHandler
 .text._getpid  0x000000000800798c        0x4 Core/Src/syscalls.o
                0x000000000800798c                _getpid
 .text._kill    0x0000000008007990       0x10 Core/Src/syscalls.o
                0x0000000008007990                _kill
 .text._exit    0x00000000080079a0        0xc Core/Src/syscalls.o
                0x00000000080079a0                _exit
 .text._sbrk    0x00000000080079ac       0x40 Core/Src/sysmem.o
                0x00000000080079ac                _sbrk
 .text.SystemInit
                0x00000000080079ec        0x2 Core/Src/system_stm32f1xx.o
                0x00000000080079ec                SystemInit
 *fill*         0x00000000080079ee        0x2 
 .text.Reset_Handler
                0x00000000080079f0       0x48 Core/Startup/startup_stm32f103c8tx.o
                0x00000000080079f0                Reset_Handler
 .text.Default_Handler
                0x0000000008007a38        0x2 Core/Startup/startup_stm32f103c8tx.o
                0x0000000008007a38                RTC_Alarm_IRQHandler
                0x0000000008007a38                TIM1_CC_IRQHandler
                0x0000000008007a38                PVD_IRQHandler
                0x0000000008007a38                EXTI3_IRQHandler
                0x0000000008007a38                EXTI0_IRQHandler
                0x0000000008007a38                I2C2_EV_IRQHandler
                0x0000000008007a38                ADC1_2_IRQHandler
                0x0000000008007a38                TAMPER_IRQHandler
                0x0000000008007a38                DMA1_Channel4_IRQHandler
                0x0000000008007a38                USART3_IRQHandler
                0x0000000008007a38                RTC_IRQHandler
                0x0000000008007a38                DMA1_Channel7_IRQHandler
                0x0000000008007a38                CAN1_RX1_IRQHandler
                0x0000000008007a38                DMA1_Channel6_IRQHandler
                0x0000000008007a38                TIM3_IRQHandler
                0x0000000008007a38                RCC_IRQHandler
                0x0000000008007a38                TIM1_TRG_COM_IRQHandler
                0x0000000008007a38                DMA1_Channel1_IRQHandler
                0x0000000008007a38                Default_Handler
                0x0000000008007a38                EXTI9_5_IRQHandler
                0x0000000008007a38                SPI2_IRQHandler
                0x0000000008007a38                DMA1_Channel5_IRQHandler
                0x0000000008007a38                EXTI4_IRQHandler
                0x0000000008007a38                USB_LP_CAN1_RX0_IRQHandler
                0x0000000008007a38                USB_HP_CAN1_TX_IRQHandler
                0x0000000008007a38                DMA1_Channel3_IRQHandler
                0x0000000008007a38                TIM1_UP_IRQHandler
                0x0000000008007a38                WWDG_IRQHandler
                0x0000000008007a38                TIM2_IRQHandler
                0x0000000008007a38                TIM1_BRK_IRQHandler
                0x0000000008007a38                EXTI1_IRQHandler
                0x0000000008007a38                USART2_IRQHandler
                0x0000000008007a38                I2C2_ER_IRQHandler
                0x0000000008007a38                DMA1_Channel2_IRQHandler
                0x0000000008007a38                CAN1_SCE_IRQHandler
                0x0000000008007a38                FLASH_IRQHandler
                0x0000000008007a38                USART1_IRQHandler
                0x0000000008007a38                USBWakeUp_IRQHandler
 *fill*         0x0000000008007a3a        0x2 
 .text.HAL_InitTick
                0x0000000008007a3c       0x48 Drivers/STM32F1xx_HAL_Driver/Src/stm32f1xx_hal.o
                0x0000000008007a3c                HAL_InitTick
 .text.HAL_Init
                0x0000000008007a84       0x24 Drivers/STM32F1xx_HAL_Driver/Src/stm32f1xx_hal.o
                0x0000000008007a84                HAL_Init
 .text.HAL_IncTick
                0x0000000008007aa8       0x18 Drivers/STM32F1xx_HAL_Driver/Src/stm32f1xx_hal.o
                0x0000000008007aa8                HAL_IncTick
 .text.HAL_GetTick
                0x0000000008007ac0        0xc Drivers/STM32F1xx_HAL_Driver/Src/stm32f1xx_hal.o
                0x0000000008007ac0                HAL_GetTick
 .text.HAL_Delay
                0x0000000008007acc       0x24 Drivers/STM32F1xx_HAL_Driver/Src/stm32f1xx_hal.o
                0x0000000008007acc                HAL_Delay
 .text.HAL_ADC_ConfigChannel
                0x0000000008007af0       0xfc Drivers/STM32F1xx_HAL_Driver/Src/stm32f1xx_hal_adc.o
                0x0000000008007af0                HAL_ADC_ConfigChannel
 .text.ADC_Enable
                0x0000000008007bec       0x70 Drivers/STM32F1xx_HAL_Driver/Src/stm32f1xx_hal_adc.o
                0x0000000008007bec                ADC_Enable
 .text.ADC_ConversionStop_Disable
                0x0000000008007c5c       0x44 Drivers/STM32F1xx_HAL_Driver/Src/stm32f1xx_hal_adc.o
                0x0000000008007c5c                ADC_ConversionStop_Disable
 .text.HAL_ADC_Init
                0x0000000008007ca0       0xfc Drivers/STM32F1xx_HAL_Driver/Src/stm32f1xx_hal_adc.o
                0x0000000008007ca0                HAL_ADC_Init
 .text.HAL_ADCEx_Calibration_Start
                0x0000000008007d9c       0xd0 Drivers/STM32F1xx_HAL_Driver/Src/stm32f1xx_hal_adc_ex.o
                0x0000000008007d9c                HAL_ADCEx_Calibration_Start
 .text.HAL_NVIC_SetPriorityGrouping
                0x0000000008007e6c       0x24 Drivers/STM32F1xx_HAL_Driver/Src/stm32f1xx_hal_cortex.o
                0x0000000008007e6c                HAL_NVIC_SetPriorityGrouping
 .text.HAL_NVIC_SetPriority
                0x0000000008007e90       0x64 Drivers/STM32F1xx_HAL_Driver/Src/stm32f1xx_hal_cortex.o
                0x0000000008007e90                HAL_NVIC_SetPriority
 .text.HAL_NVIC_EnableIRQ
                0x0000000008007ef4       0x1c Drivers/STM32F1xx_HAL_Driver/Src/stm32f1xx_hal_cortex.o
                0x0000000008007ef4                HAL_NVIC_EnableIRQ
 .text.HAL_SYSTICK_Config
                0x0000000008007f10       0x2c Drivers/STM32F1xx_HAL_Driver/Src/stm32f1xx_hal_cortex.o
                0x0000000008007f10                HAL_SYSTICK_Config
 .text.HAL_DMA_Abort_IT
                0x0000000008007f3c       0x8c Drivers/STM32F1xx_HAL_Driver/Src/stm32f1xx_hal_dma.o
                0x0000000008007f3c                HAL_DMA_Abort_IT
 .text.HAL_DMA_GetState
                0x0000000008007fc8        0x6 Drivers/STM32F1xx_HAL_Driver/Src/stm32f1xx_hal_dma.o
                0x0000000008007fc8                HAL_DMA_GetState
 *fill*         0x0000000008007fce        0x2 
 .text.FLASH_SetErrorCode
                0x0000000008007fd0       0x50 Drivers/STM32F1xx_HAL_Driver/Src/stm32f1xx_hal_flash.o
 .text.HAL_FLASH_Unlock
                0x0000000008008020       0x24 Drivers/STM32F1xx_HAL_Driver/Src/stm32f1xx_hal_flash.o
                0x0000000008008020                HAL_FLASH_Unlock
 .text.HAL_FLASH_Lock
                0x0000000008008044       0x14 Drivers/STM32F1xx_HAL_Driver/Src/stm32f1xx_hal_flash.o
                0x0000000008008044                HAL_FLASH_Lock
 .text.FLASH_WaitForLastOperation
                0x0000000008008058       0x54 Drivers/STM32F1xx_HAL_Driver/Src/stm32f1xx_hal_flash.o
                0x0000000008008058                FLASH_WaitForLastOperation
 .text.HAL_FLASH_Program
                0x00000000080080ac       0xa4 Drivers/STM32F1xx_HAL_Driver/Src/stm32f1xx_hal_flash.o
                0x00000000080080ac                HAL_FLASH_Program
 .text.FLASH_MassErase.isra.0
                0x0000000008008150       0x24 Drivers/STM32F1xx_HAL_Driver/Src/stm32f1xx_hal_flash_ex.o
 .text.FLASH_PageErase
                0x0000000008008174       0x24 Drivers/STM32F1xx_HAL_Driver/Src/stm32f1xx_hal_flash_ex.o
                0x0000000008008174                FLASH_PageErase
 .text.HAL_FLASHEx_Erase
                0x0000000008008198       0x98 Drivers/STM32F1xx_HAL_Driver/Src/stm32f1xx_hal_flash_ex.o
                0x0000000008008198                HAL_FLASHEx_Erase
 .text.HAL_GPIO_Init
                0x0000000008008230      0x1b8 Drivers/STM32F1xx_HAL_Driver/Src/stm32f1xx_hal_gpio.o
                0x0000000008008230                HAL_GPIO_Init
 .text.HAL_GPIO_ReadPin
                0x00000000080083e8        0xc Drivers/STM32F1xx_HAL_Driver/Src/stm32f1xx_hal_gpio.o
                0x00000000080083e8                HAL_GPIO_ReadPin
 .text.HAL_GPIO_WritePin
                0x00000000080083f4        0xa Drivers/STM32F1xx_HAL_Driver/Src/stm32f1xx_hal_gpio.o
                0x00000000080083f4                HAL_GPIO_WritePin
 .text.HAL_GPIO_TogglePin
                0x00000000080083fe       0x12 Drivers/STM32F1xx_HAL_Driver/Src/stm32f1xx_hal_gpio.o
                0x00000000080083fe                HAL_GPIO_TogglePin
 .text.HAL_GPIO_EXTI_IRQHandler
                0x0000000008008410       0x18 Drivers/STM32F1xx_HAL_Driver/Src/stm32f1xx_hal_gpio.o
                0x0000000008008410                HAL_GPIO_EXTI_IRQHandler
 .text.I2C_IsAcknowledgeFailed
                0x0000000008008428       0x32 Drivers/STM32F1xx_HAL_Driver/Src/stm32f1xx_hal_i2c.o
 .text.I2C_WaitOnMasterAddressFlagUntilTimeout
                0x000000000800845a       0x76 Drivers/STM32F1xx_HAL_Driver/Src/stm32f1xx_hal_i2c.o
 .text.I2C_WaitOnBTFFlagUntilTimeout
                0x00000000080084d0       0x4c Drivers/STM32F1xx_HAL_Driver/Src/stm32f1xx_hal_i2c.o
 .text.I2C_WaitOnRXNEFlagUntilTimeout
                0x000000000800851c       0x5e Drivers/STM32F1xx_HAL_Driver/Src/stm32f1xx_hal_i2c.o
 .text.I2C_WaitOnFlagUntilTimeout
                0x000000000800857a       0x64 Drivers/STM32F1xx_HAL_Driver/Src/stm32f1xx_hal_i2c.o
 .text.I2C_WaitOnTXEFlagUntilTimeout
                0x00000000080085de       0x4c Drivers/STM32F1xx_HAL_Driver/Src/stm32f1xx_hal_i2c.o
 *fill*         0x000000000800862a        0x2 
 .text.I2C_RequestMemoryWrite
                0x000000000800862c       0xb0 Drivers/STM32F1xx_HAL_Driver/Src/stm32f1xx_hal_i2c.o
 .text.I2C_RequestMemoryRead
                0x00000000080086dc      0x104 Drivers/STM32F1xx_HAL_Driver/Src/stm32f1xx_hal_i2c.o
 .text.HAL_I2C_Init
                0x00000000080087e0      0x150 Drivers/STM32F1xx_HAL_Driver/Src/stm32f1xx_hal_i2c.o
                0x00000000080087e0                HAL_I2C_Init
 .text.HAL_I2C_Master_Transmit
                0x0000000008008930      0x1b0 Drivers/STM32F1xx_HAL_Driver/Src/stm32f1xx_hal_i2c.o
                0x0000000008008930                HAL_I2C_Master_Transmit
 .text.HAL_I2C_Master_Receive
                0x0000000008008ae0      0x348 Drivers/STM32F1xx_HAL_Driver/Src/stm32f1xx_hal_i2c.o
                0x0000000008008ae0                HAL_I2C_Master_Receive
 .text.HAL_I2C_Mem_Write
                0x0000000008008e28      0x120 Drivers/STM32F1xx_HAL_Driver/Src/stm32f1xx_hal_i2c.o
                0x0000000008008e28                HAL_I2C_Mem_Write
 .text.HAL_I2C_Mem_Read
                0x0000000008008f48      0x27c Drivers/STM32F1xx_HAL_Driver/Src/stm32f1xx_hal_i2c.o
                0x0000000008008f48                HAL_I2C_Mem_Read
 .text.HAL_I2C_IsDeviceReady
                0x00000000080091c4      0x164 Drivers/STM32F1xx_HAL_Driver/Src/stm32f1xx_hal_i2c.o
                0x00000000080091c4                HAL_I2C_IsDeviceReady
 .text.HAL_I2C_MasterTxCpltCallback
                0x0000000008009328        0x2 Drivers/STM32F1xx_HAL_Driver/Src/stm32f1xx_hal_i2c.o
                0x0000000008009328                HAL_I2C_MasterTxCpltCallback
 .text.HAL_I2C_MasterRxCpltCallback
                0x000000000800932a        0x2 Drivers/STM32F1xx_HAL_Driver/Src/stm32f1xx_hal_i2c.o
                0x000000000800932a                HAL_I2C_MasterRxCpltCallback
 .text.HAL_I2C_SlaveTxCpltCallback
                0x000000000800932c        0x2 Drivers/STM32F1xx_HAL_Driver/Src/stm32f1xx_hal_i2c.o
                0x000000000800932c                HAL_I2C_SlaveTxCpltCallback
 .text.HAL_I2C_SlaveRxCpltCallback
                0x000000000800932e        0x2 Drivers/STM32F1xx_HAL_Driver/Src/stm32f1xx_hal_i2c.o
                0x000000000800932e                HAL_I2C_SlaveRxCpltCallback
 .text.HAL_I2C_AddrCallback
                0x0000000008009330        0x2 Drivers/STM32F1xx_HAL_Driver/Src/stm32f1xx_hal_i2c.o
                0x0000000008009330                HAL_I2C_AddrCallback
 .text.HAL_I2C_ListenCpltCallback
                0x0000000008009332        0x2 Drivers/STM32F1xx_HAL_Driver/Src/stm32f1xx_hal_i2c.o
                0x0000000008009332                HAL_I2C_ListenCpltCallback
 .text.HAL_I2C_MemTxCpltCallback
                0x0000000008009334        0x2 Drivers/STM32F1xx_HAL_Driver/Src/stm32f1xx_hal_i2c.o
                0x0000000008009334                HAL_I2C_MemTxCpltCallback
 .text.I2C_MemoryTransmit_TXE_BTF
                0x0000000008009336       0xa2 Drivers/STM32F1xx_HAL_Driver/Src/stm32f1xx_hal_i2c.o
 .text.HAL_I2C_MemRxCpltCallback
                0x00000000080093d8        0x2 Drivers/STM32F1xx_HAL_Driver/Src/stm32f1xx_hal_i2c.o
                0x00000000080093d8                HAL_I2C_MemRxCpltCallback
 .text.HAL_I2C_ErrorCallback
                0x00000000080093da        0x2 Drivers/STM32F1xx_HAL_Driver/Src/stm32f1xx_hal_i2c.o
                0x00000000080093da                HAL_I2C_ErrorCallback
 .text.HAL_I2C_AbortCpltCallback
                0x00000000080093dc        0x2 Drivers/STM32F1xx_HAL_Driver/Src/stm32f1xx_hal_i2c.o
                0x00000000080093dc                HAL_I2C_AbortCpltCallback
 *fill*         0x00000000080093de        0x2 
 .text.I2C_DMAAbort
                0x00000000080093e0       0xc0 Drivers/STM32F1xx_HAL_Driver/Src/stm32f1xx_hal_i2c.o
 .text.I2C_ITError
                0x00000000080094a0      0x150 Drivers/STM32F1xx_HAL_Driver/Src/stm32f1xx_hal_i2c.o
 .text.HAL_I2C_EV_IRQHandler
                0x00000000080095f0      0x8a0 Drivers/STM32F1xx_HAL_Driver/Src/stm32f1xx_hal_i2c.o
                0x00000000080095f0                HAL_I2C_EV_IRQHandler
 .text.HAL_I2C_ER_IRQHandler
                0x0000000008009e90      0x13c Drivers/STM32F1xx_HAL_Driver/Src/stm32f1xx_hal_i2c.o
                0x0000000008009e90                HAL_I2C_ER_IRQHandler
 .text.HAL_I2C_GetState
                0x0000000008009fcc        0x6 Drivers/STM32F1xx_HAL_Driver/Src/stm32f1xx_hal_i2c.o
                0x0000000008009fcc                HAL_I2C_GetState
 *fill*         0x0000000008009fd2        0x2 
 .text.HAL_RCC_OscConfig
                0x0000000008009fd4      0x338 Drivers/STM32F1xx_HAL_Driver/Src/stm32f1xx_hal_rcc.o
                0x0000000008009fd4                HAL_RCC_OscConfig
 .text.HAL_RCC_GetSysClockFreq
                0x000000000800a30c       0x74 Drivers/STM32F1xx_HAL_Driver/Src/stm32f1xx_hal_rcc.o
                0x000000000800a30c                HAL_RCC_GetSysClockFreq
 .text.HAL_RCC_ClockConfig
                0x000000000800a380      0x138 Drivers/STM32F1xx_HAL_Driver/Src/stm32f1xx_hal_rcc.o
                0x000000000800a380                HAL_RCC_ClockConfig
 .text.HAL_RCC_GetPCLK1Freq
                0x000000000800a4b8       0x20 Drivers/STM32F1xx_HAL_Driver/Src/stm32f1xx_hal_rcc.o
                0x000000000800a4b8                HAL_RCC_GetPCLK1Freq
 .text.HAL_RCC_GetPCLK2Freq
                0x000000000800a4d8       0x20 Drivers/STM32F1xx_HAL_Driver/Src/stm32f1xx_hal_rcc.o
                0x000000000800a4d8                HAL_RCC_GetPCLK2Freq
 .text.HAL_RCCEx_PeriphCLKConfig
                0x000000000800a4f8       0xf0 Drivers/STM32F1xx_HAL_Driver/Src/stm32f1xx_hal_rcc_ex.o
                0x000000000800a4f8                HAL_RCCEx_PeriphCLKConfig
 .text.HAL_RCCEx_GetPeriphCLKFreq