Archive member included to satisfy reference by file (symbol)

/opt/st/stm32cubeide_1.5.0/plugins/com.st.stm32cube.ide.mcu.externaltools.gnu-tools-for-stm32.7-2018-q2-update.linux64_1.5.0.202011040924/tools/bin/../lib/gcc/arm-none-eabi/7.3.1/../../../../arm-none-eabi/lib/thumb/v7-m/libstdc++_nano.a(del_opv.o)
                              Core/LoRa-module/LoRa.o (operator delete[](void*))
/opt/st/stm32cubeide_1.5.0/plugins/com.st.stm32cube.ide.mcu.externaltools.gnu-tools-for-stm32.7-2018-q2-update.linux64_1.5.0.202011040924/tools/bin/../lib/gcc/arm-none-eabi/7.3.1/../../../../arm-none-eabi/lib/thumb/v7-m/libstdc++_nano.a(new_opv.o)
                              Core/LoRa-module/LoRa.o (operator new[](unsigned int))
/opt/st/stm32cubeide_1.5.0/plugins/com.st.stm32cube.ide.mcu.externaltools.gnu-tools-for-stm32.7-2018-q2-update.linux64_1.5.0.202011040924/tools/bin/../lib/gcc/arm-none-eabi/7.3.1/../../../../arm-none-eabi/lib/thumb/v7-m/libstdc++_nano.a(del_ops.o)
                              Core/LoRa-module/LoRa.o (operator delete(void*, unsigned int))
/opt/st/stm32cubeide_1.5.0/plugins/com.st.stm32cube.ide.mcu.externaltools.gnu-tools-for-stm32.7-2018-q2-update.linux64_1.5.0.202011040924/tools/bin/../lib/gcc/arm-none-eabi/7.3.1/../../../../arm-none-eabi/lib/thumb/v7-m/libstdc++_nano.a(new_op.o)
                              Core/LoRa-module/LoRa.o (operator new(unsigned int))
/opt/st/stm32cubeide_1.5.0/plugins/com.st.stm32cube.ide.mcu.externaltools.gnu-tools-for-stm32.7-2018-q2-update.linux64_1.5.0.202011040924/tools/bin/../lib/gcc/arm-none-eabi/7.3.1/../../../../arm-none-eabi/lib/thumb/v7-m/libstdc++_nano.a(new_handler.o)
                              /opt/st/stm32cubeide_1.5.0/plugins/com.st.stm32cube.ide.mcu.externaltools.gnu-tools-for-stm32.7-2018-q2-update.linux64_1.5.0.202011040924/tools/bin/../lib/gcc/arm-none-eabi/7.3.1/../../../../arm-none-eabi/lib/thumb/v7-m/libstdc++_nano.a(new_op.o) (std::get_new_handler())
/opt/st/stm32cubeide_1.5.0/plugins/com.st.stm32cube.ide.mcu.externaltools.gnu-tools-for-stm32.7-2018-q2-update.linux64_1.5.0.202011040924/tools/bin/../lib/gcc/arm-none-eabi/7.3.1/../../../../arm-none-eabi/lib/thumb/v7-m/libstdc++_nano.a(del_op.o)
                              Core/LoRa-module/LoRa.o (operator delete(void*))
/opt/st/stm32cubeide_1.5.0/plugins/com.st.stm32cube.ide.mcu.externaltools.gnu-tools-for-stm32.7-2018-q2-update.linux64_1.5.0.202011040924/tools/bin/../lib/gcc/arm-none-eabi/7.3.1/../../../../arm-none-eabi/lib/thumb/v7-m/libstdc++_nano.a(functexcept.o)
                              Core/LoRa-module/LoRa_register.o (std::__throw_bad_alloc())
/opt/st/stm32cubeide_1.5.0/plugins/com.st.stm32cube.ide.mcu.externaltools.gnu-tools-for-stm32.7-2018-q2-update.linux64_1.5.0.202011040924/tools/bin/../lib/gcc/arm-none-eabi/7.3.1/../../../../arm-none-eabi/lib/thumb/v7-m/libstdc++_nano.a(snprintf_lite.o)
                              /opt/st/stm32cubeide_1.5.0/plugins/com.st.stm32cube.ide.mcu.externaltools.gnu-tools-for-stm32.7-2018-q2-update.linux64_1.5.0.202011040924/tools/bin/../lib/gcc/arm-none-eabi/7.3.1/../../../../arm-none-eabi/lib/thumb/v7-m/libstdc++_nano.a(functexcept.o) (__gnu_cxx::__snprintf_lite(char*, unsigned int, char const*, std::__va_list))
/opt/st/stm32cubeide_1.5.0/plugins/com.st.stm32cube.ide.mcu.externaltools.gnu-tools-for-stm32.7-2018-q2-update.linux64_1.5.0.202011040924/tools/bin/../lib/gcc/arm-none-eabi/7.3.1/../../../../arm-none-eabi/lib/thumb/v7-m/libm.a(lib_a-w_pow.o)
                              Core/Sensor_TSL2561/Sensor_TSL2561.o (pow)
/opt/st/stm32cubeide_1.5.0/plugins/com.st.stm32cube.ide.mcu.externaltools.gnu-tools-for-stm32.7-2018-q2-update.linux64_1.5.0.202011040924/tools/bin/../lib/gcc/arm-none-eabi/7.3.1/../../../../arm-none-eabi/lib/thumb/v7-m/libm.a(lib_a-e_pow.o)
                              /opt/st/stm32cubeide_1.5.0/plugins/com.st.stm32cube.ide.mcu.externaltools.gnu-tools-for-stm32.7-2018-q2-update.linux64_1.5.0.202011040924/tools/bin/../lib/gcc/arm-none-eabi/7.3.1/../../../../arm-none-eabi/lib/thumb/v7-m/libm.a(lib_a-w_pow.o) (__ieee754_pow)
/opt/st/stm32cubeide_1.5.0/plugins/com.st.stm32cube.ide.mcu.externaltools.gnu-tools-for-stm32.7-2018-q2-update.linux64_1.5.0.202011040924/tools/bin/../lib/gcc/arm-none-eabi/7.3.1/../../../../arm-none-eabi/lib/thumb/v7-m/libm.a(lib_a-e_sqrt.o)
                              /opt/st/stm32cubeide_1.5.0/plugins/com.st.stm32cube.ide.mcu.externaltools.gnu-tools-for-stm32.7-2018-q2-update.linux64_1.5.0.202011040924/tools/bin/../lib/gcc/arm-none-eabi/7.3.1/../../../../arm-none-eabi/lib/thumb/v7-m/libm.a(lib_a-e_pow.o) (__ieee754_sqrt)
/opt/st/stm32cubeide_1.5.0/plugins/com.st.stm32cube.ide.mcu.externaltools.gnu-tools-for-stm32.7-2018-q2-update.linux64_1.5.0.202011040924/tools/bin/../lib/gcc/arm-none-eabi/7.3.1/../../../../arm-none-eabi/lib/thumb/v7-m/libm.a(lib_a-s_fabs.o)
[...]
Memory Configuration

Name             Origin             Length             Attributes
RAM              0x0000000020000000 0x0000000000005000 xrw
FLASH            0x0000000008000000 0x0000000000010000 xr
*default*        0x0000000000000000 0xffffffffffffffff

Linker script and memory map

LOAD /opt/st/stm32cubeide_1.5.0/plugins/com.st.stm32cube.ide.mcu.externaltools.gnu-tools-for-stm32.7-2018-q2-update.linux64_1.5.0.202011040924/tools/bin/../lib/gcc/arm-none-eabi/7.3.1/thumb/v7-m/crti.o
LOAD /opt/st/stm32cubeide_1.5.0/plugins/com.st.stm32cube.ide.mcu.externaltools.gnu-tools-for-stm32.7-2018-q2-update.linux64_1.5.0.202011040924/tools/bin/../lib/gcc/arm-none-eabi/7.3.1/thumb/v7-m/crtbegin.o
LOAD /opt/st/stm32cubeide_1.5.0/plugins/com.st.stm32cube.ide.mcu.externaltools.gnu-tools-for-stm32.7-2018-q2-update.linux64_1.5.0.202011040924/tools/bin/../lib/gcc/arm-none-eabi/7.3.1/../../../../arm-none-eabi/lib/thumb/v7-m/crt0.o
LOAD Core/LoRa-module/Address_field.o
LOAD Core/LoRa-module/LoRa.o
LOAD Core/LoRa-module/LoRa_packet.o
LOAD Core/LoRa-module/LoRa_register.o
LOAD Core/LoRa-module/LoRa_register_data.o
LOAD Core/Sensor_BME280/bme280.o
LOAD Core/Sensor_TSL2561/Sensor_TSL2561.o
LOAD Core/Src/freertos.o
LOAD Core/Src/main.o
LOAD Core/Src/stm32f1xx_hal_msp.o
LOAD Core/Src/stm32f1xx_hal_timebase_tim.o
LOAD Core/Src/stm32f1xx_it.o
LOAD Core/Src/syscalls.o
LOAD Core/Src/sysmem.o
LOAD Core/Src/system_stm32f1xx.o
LOAD Core/Startup/startup_stm32f103c8tx.o
LOAD Core/my_lib/DelayDWT/DelayDWT.o
LOAD Core/my_lib/GrowTimer/GrowTimer_LoRa_module.o
LOAD Core/my_lib/GrowTimer/GrowTimer_device.o
LOAD Core/my_lib/GrowTimer/GrowTimer_sensor.o
LOAD Core/my_lib/LoRa_module/LoRa_led_control.o
LOAD Core/my_lib/LoRa_module/LoRa_main_file.o
LOAD Core/my_lib/Sensor_DHT/Sensor_DHT.o
LOAD Drivers/STM32F1xx_HAL_Driver/Src/stm32f1xx_hal.o
LOAD Drivers/STM32F1xx_HAL_Driver/Src/stm32f1xx_hal_cortex.o
LOAD Drivers/STM32F1xx_HAL_Driver/Src/stm32f1xx_hal_dma.o
LOAD Drivers/STM32F1xx_HAL_Driver/Src/stm32f1xx_hal_exti.o
LOAD Drivers/STM32F1xx_HAL_Driver/Src/stm32f1xx_hal_flash.o
LOAD Drivers/STM32F1xx_HAL_Driver/Src/stm32f1xx_hal_flash_ex.o
LOAD Drivers/STM32F1xx_HAL_Driver/Src/stm32f1xx_hal_gpio.o
LOAD Drivers/STM32F1xx_HAL_Driver/Src/stm32f1xx_hal_gpio_ex.o
LOAD Drivers/STM32F1xx_HAL_Driver/Src/stm32f1xx_hal_i2c.o
LOAD Drivers/STM32F1xx_HAL_Driver/Src/stm32f1xx_hal_pwr.o
LOAD Drivers/STM32F1xx_HAL_Driver/Src/stm32f1xx_hal_rcc.o
LOAD Drivers/STM32F1xx_HAL_Driver/Src/stm32f1xx_hal_rcc_ex.o
LOAD Drivers/STM32F1xx_HAL_Driver/Src/stm32f1xx_hal_rtc.o
LOAD Drivers/STM32F1xx_HAL_Driver/Src/stm32f1xx_hal_rtc_ex.o
LOAD Drivers/STM32F1xx_HAL_Driver/Src/stm32f1xx_hal_spi.o
LOAD Drivers/STM32F1xx_HAL_Driver/Src/stm32f1xx_hal_tim.o
LOAD Drivers/STM32F1xx_HAL_Driver/Src/stm32f1xx_hal_tim_ex.o
LOAD Middlewares/Third_Party/FreeRTOS/Source/CMSIS_RTOS_V2/cmsis_os2.o
LOAD Middlewares/Third_Party/FreeRTOS/Source/croutine.o
LOAD Middlewares/Third_Party/FreeRTOS/Source/event_groups.o
LOAD Middlewares/Third_Party/FreeRTOS/Source/list.o
LOAD Middlewares/Third_Party/FreeRTOS/Source/queue.o
LOAD Middlewares/Third_Party/FreeRTOS/Source/stream_buffer.o
LOAD Middlewares/Third_Party/FreeRTOS/Source/tasks.o
LOAD Middlewares/Third_Party/FreeRTOS/Source/timers.o
LOAD Middlewares/Third_Party/FreeRTOS/Source/portable/GCC/ARM_CM3/port.o
LOAD Middlewares/Third_Party/FreeRTOS/Source/portable/MemMang/heap_4.o
START GROUP
LOAD /opt/st/stm32cubeide_1.5.0/plugins/com.st.stm32cube.ide.mcu.externaltools.gnu-tools-for-stm32.7-2018-q2-update.linux64_1.5.0.202011040924/tools/bin/../lib/gcc/arm-none-eabi/7.3.1/../../../../arm-none-eabi/lib/thumb/v7-m/libstdc++_nano.a
LOAD /opt/st/stm32cubeide_1.5.0/plugins/com.st.stm32cube.ide.mcu.externaltools.gnu-tools-for-stm32.7-2018-q2-update.linux64_1.5.0.202011040924/tools/bin/../lib/gcc/arm-none-eabi/7.3.1/../../../../arm-none-eabi/lib/thumb/v7-m/libsupc++_nano.a
END GROUP
LOAD /opt/st/stm32cubeide_1.5.0/plugins/com.st.stm32cube.ide.mcu.externaltools.gnu-tools-for-stm32.7-2018-q2-update.linux64_1.5.0.202011040924/tools/bin/../lib/gcc/arm-none-eabi/7.3.1/../../../../arm-none-eabi/lib/thumb/v7-m/libstdc++_nano.a
LOAD /opt/st/stm32cubeide_1.5.0/plugins/com.st.stm32cube.ide.mcu.externaltools.gnu-tools-for-stm32.7-2018-q2-update.linux64_1.5.0.202011040924/tools/bin/../lib/gcc/arm-none-eabi/7.3.1/../../../../arm-none-eabi/lib/thumb/v7-m/libm.a
LOAD /opt/st/stm32cubeide_1.5.0/plugins/com.st.stm32cube.ide.mcu.externaltools.gnu-tools-for-stm32.7-2018-q2-update.linux64_1.5.0.202011040924/tools/bin/../lib/gcc/arm-none-eabi/7.3.1/../../../../arm-none-eabi/lib/thumb/v7-m/libc_nano.a
START GROUP
LOAD /opt/st/stm32cubeide_1.5.0/plugins/com.st.stm32cube.ide.mcu.externaltools.gnu-tools-for-stm32.7-2018-q2-update.linux64_1.5.0.202011040924/tools/bin/../lib/gcc/arm-none-eabi/7.3.1/thumb/v7-m/libgcc.a
LOAD /opt/st/stm32cubeide_1.5.0/plugins/com.st.stm32cube.ide.mcu.externaltools.gnu-tools-for-stm32.7-2018-q2-update.linux64_1.5.0.202011040924/tools/bin/../lib/gcc/arm-none-eabi/7.3.1/../../../../arm-none-eabi/lib/thumb/v7-m/libc_nano.a
END GROUP
START GROUP
LOAD /opt/st/stm32cubeide_1.5.0/plugins/com.st.stm32cube.ide.mcu.externaltools.gnu-tools-for-stm32.7-2018-q2-update.linux64_1.5.0.202011040924/tools/bin/../lib/gcc/arm-none-eabi/7.3.1/thumb/v7-m/libgcc.a
LOAD /opt/st/stm32cubeide_1.5.0/plugins/com.st.stm32cube.ide.mcu.externaltools.gnu-tools-for-stm32.7-2018-q2-update.linux64_1.5.0.202011040924/tools/bin/../lib/gcc/arm-none-eabi/7.3.1/../../../../arm-none-eabi/lib/thumb/v7-m/libc_nano.a
LOAD /opt/st/stm32cubeide_1.5.0/plugins/com.st.stm32cube.ide.mcu.externaltools.gnu-tools-for-stm32.7-2018-q2-update.linux64_1.5.0.202011040924/tools/bin/../lib/gcc/arm-none-eabi/7.3.1/../../../../arm-none-eabi/lib/thumb/v7-m/libnosys.a
END GROUP
START GROUP
LOAD /opt/st/stm32cubeide_1.5.0/plugins/com.st.stm32cube.ide.mcu.externaltools.gnu-tools-for-stm32.7-2018-q2-update.linux64_1.5.0.202011040924/tools/bin/../lib/gcc/arm-none-eabi/7.3.1/thumb/v7-m/libgcc.a
LOAD /opt/st/stm32cubeide_1.5.0/plugins/com.st.stm32cube.ide.mcu.externaltools.gnu-tools-for-stm32.7-2018-q2-update.linux64_1.5.0.202011040924/tools/bin/../lib/gcc/arm-none-eabi/7.3.1/../../../../arm-none-eabi/lib/thumb/v7-m/libc_nano.a
LOAD /opt/st/stm32cubeide_1.5.0/plugins/com.st.stm32cube.ide.mcu.externaltools.gnu-tools-for-stm32.7-2018-q2-update.linux64_1.5.0.202011040924/tools/bin/../lib/gcc/arm-none-eabi/7.3.1/../../../../arm-none-eabi/lib/thumb/v7-m/libnosys.a
END GROUP
LOAD /opt/st/stm32cubeide_1.5.0/plugins/com.st.stm32cube.ide.mcu.externaltools.gnu-tools-for-stm32.7-2018-q2-update.linux64_1.5.0.202011040924/tools/bin/../lib/gcc/arm-none-eabi/7.3.1/thumb/v7-m/crtend.o
LOAD /opt/st/stm32cubeide_1.5.0/plugins/com.st.stm32cube.ide.mcu.externaltools.gnu-tools-for-stm32.7-2018-q2-update.linux64_1.5.0.202011040924/tools/bin/../lib/gcc/arm-none-eabi/7.3.1/thumb/v7-m/crtn.o
                0x0000000020005000                _estack = (ORIGIN (RAM) + LENGTH (RAM))
                0x0000000000000200                _Min_Heap_Size = 0x200
                0x0000000000000400                _Min_Stack_Size = 0x400

.isr_vector     0x0000000008000000      0x10c
                0x0000000008000000                . = ALIGN (0x4)
 *(.isr_vector)
 .isr_vector    0x0000000008000000      0x10c Core/Startup/startup_stm32f103c8tx.o
                0x0000000008000000                g_pfnVectors
                0x000000000800010c                . = ALIGN (0x4)

.text           0x0000000008000110     0xbbf0
                0x0000000008000110                . = ALIGN (0x4)
 *(.text)
 .text          0x0000000008000110       0x40 /opt/st/stm32cubeide_1.5.0/plugins/com.st.stm32cube.ide.mcu.externaltools.gnu-tools-for-stm32.7-2018-q2-update.linux64_1.5.0.202011040924/tools/bin/../lib/gcc/arm-none-eabi/7.3.1/thumb/v7-m/crtbegin.o
 .text          0x0000000008000150      0x378 /opt/st/stm32cubeide_1.5.0/plugins/com.st.stm32cube.ide.mcu.externaltools.gnu-tools-for-stm32.7-2018-q2-update.linux64_1.5.0.202011040924/tools/bin/../lib/gcc/arm-none-eabi/7.3.1/thumb/v7-m/libgcc.a(_arm_addsubdf3.o)
                0x0000000008000150                __aeabi_drsub
                0x0000000008000158                __aeabi_dsub
                0x0000000008000158                __subdf3
                0x000000000800015c                __adddf3
                0x000000000800015c                __aeabi_dadd
                0x00000000080003d4                __aeabi_ui2d
                0x00000000080003d4                __floatunsidf
                0x00000000080003f4                __floatsidf
                0x00000000080003f4                __aeabi_i2d
                0x0000000008000418                __extendsfdf2
                0x0000000008000418                __aeabi_f2d
                0x000000000800045c                __aeabi_ul2d
                0x000000000800045c                __floatundidf
                0x000000000800046c                __floatdidf
                0x000000000800046c                __aeabi_l2d
 .text          0x00000000080004c8      0x424 /opt/st/stm32cubeide_1.5.0/plugins/com.st.stm32cube.ide.mcu.externaltools.gnu-tools-for-stm32.7-2018-q2-update.linux64_1.5.0.202011040924/tools/bin/../lib/gcc/arm-none-eabi/7.3.1/thumb/v7-m/libgcc.a(_arm_muldivdf3.o)
                0x00000000080004c8                __aeabi_dmul
                0x00000000080004c8                __muldf3
                0x000000000800071c                __aeabi_ddiv
                0x000000000800071c                __divdf3
 .text          0x00000000080008ec      0x110 /opt/st/stm32cubeide_1.5.0/plugins/com.st.stm32cube.ide.mcu.externaltools.gnu-tools-for-stm32.7-2018-q2-update.linux64_1.5.0.202011040924/tools/bin/../lib/gcc/arm-none-eabi/7.3.1/thumb/v7-m/libgcc.a(_arm_cmpdf2.o)
                0x00000000080008ec                __gtdf2
                0x00000000080008ec                __gedf2
                0x00000000080008f4                __ltdf2
                0x00000000080008f4                __ledf2
                0x00000000080008fc                __cmpdf2
                0x00000000080008fc                __eqdf2
                0x00000000080008fc                __nedf2
                0x0000000008000978                __aeabi_cdrcmple
                0x0000000008000988                __aeabi_cdcmple
                0x0000000008000988                __aeabi_cdcmpeq
                0x0000000008000998                __aeabi_dcmpeq
                0x00000000080009ac                __aeabi_dcmplt
                0x00000000080009c0                __aeabi_dcmple
                0x00000000080009d4                __aeabi_dcmpge
                0x00000000080009e8                __aeabi_dcmpgt
 .text          0x00000000080009fc       0x2c /opt/st/stm32cubeide_1.5.0/plugins/com.st.stm32cube.ide.mcu.externaltools.gnu-tools-for-stm32.7-2018-q2-update.linux64_1.5.0.202011040924/tools/bin/../lib/gcc/arm-none-eabi/7.3.1/thumb/v7-m/libgcc.a(_arm_unorddf2.o)
                0x00000000080009fc                __aeabi_dcmpun
                0x00000000080009fc                __unorddf2
 .text          0x0000000008000a28       0x40 /opt/st/stm32cubeide_1.5.0/plugins/com.st.stm32cube.ide.mcu.externaltools.gnu-tools-for-stm32.7-2018-q2-update.linux64_1.5.0.202011040924/tools/bin/../lib/gcc/arm-none-eabi/7.3.1/thumb/v7-m/libgcc.a(_arm_fixunsdfsi.o)
                0x0000000008000a28                __fixunsdfsi
                0x0000000008000a28                __aeabi_d2uiz
 .text          0x0000000008000a68       0xa0 /opt/st/stm32cubeide_1.5.0/plugins/com.st.stm32cube.ide.mcu.externaltools.gnu-tools-for-stm32.7-2018-q2-update.linux64_1.5.0.202011040924/tools/bin/../lib/gcc/arm-none-eabi/7.3.1/thumb/v7-m/libgcc.a(_aeabi_ldivmod.o)
                0x0000000008000a68                __aeabi_ldivmod
 .text          0x0000000008000b08       0x30 /opt/st/stm32cubeide_1.5.0/plugins/com.st.stm32cube.ide.mcu.externaltools.gnu-tools-for-stm32.7-2018-q2-update.linux64_1.5.0.202011040924/tools/bin/../lib/gcc/arm-none-eabi/7.3.1/thumb/v7-m/libgcc.a(_aeabi_uldivmod.o)
                0x0000000008000b08                __aeabi_uldivmod
 .text          0x0000000008000b38      0x2d0 /opt/st/stm32cubeide_1.5.0/plugins/com.st.stm32cube.ide.mcu.externaltools.gnu-tools-for-stm32.7-2018-q2-update.linux64_1.5.0.202011040924/tools/bin/../lib/gcc/arm-none-eabi/7.3.1/thumb/v7-m/libgcc.a(_udivmoddi4.o)
                0x0000000008000b38                __udivmoddi4
 .text          0x0000000008000e08        0x4 /opt/st/stm32cubeide_1.5.0/plugins/com.st.stm32cube.ide.mcu.externaltools.gnu-tools-for-stm32.7-2018-q2-update.linux64_1.5.0.202011040924/tools/bin/../lib/gcc/arm-none-eabi/7.3.1/thumb/v7-m/libgcc.a(_dvmd_tls.o)
                0x0000000008000e08                __aeabi_ldiv0
                0x0000000008000e08                __aeabi_idiv0
 *(.text*)
 .text._ZN8RegisterC2Ethh
                0x0000000008000e0c       0xa0 Core/LoRa-module/Address_field.o
                0x0000000008000e0c                Register::Register(unsigned short, unsigned char, unsigned char)
                0x0000000008000e0c                Register::Register(unsigned short, unsigned char, unsigned char)
 .text._ZN8Register7addressEv
                0x0000000008000eac        0x4 Core/LoRa-module/Address_field.o
                0x0000000008000eac                Register::address()
 .text._ZN8Register4maskEv
                0x0000000008000eb0        0x4 Core/LoRa-module/Address_field.o
                0x0000000008000eb0                Register::mask()
 .text._ZN13Address_fieldC2EP8RegisterhbcmmPmm
                0x0000000008000eb4       0x94 Core/LoRa-module/Address_field.o
                0x0000000008000eb4                Address_field::Address_field(Register*, unsigned char, bool, char, unsigned long, unsigned long, unsigned long*, unsigned long)
                0x0000000008000eb4                Address_field::Address_field(Register*, unsigned char, bool, char, unsigned long, unsigned long, unsigned long*, unsigned long)
 .text._ZN13Address_field9get_valueEPhi
                0x0000000008000f48       0x7c Core/LoRa-module/Address_field.o
                0x0000000008000f48                Address_field::get_value(unsigned char*, int)
 .text._ZN13Address_field9set_valueEmPhi
                0x0000000008000fc4       0xd4 Core/LoRa-module/Address_field.o
                0x0000000008000fc4                Address_field::set_value(unsigned long, unsigned char*, int)
 .text._ZN13Address_field13get_registersEv
                0x0000000008001098        0x4 Core/LoRa-module/Address_field.o
                0x0000000008001098                Address_field::get_registers()
 .text._ZN13Address_field13get_reg_countEv
                0x000000000800109c        0x4 Core/LoRa-module/Address_field.o
                0x000000000800109c                Address_field::get_reg_count()
 .text._ZN10LoRa_class9field_setE13Address_fieldmb.constprop.22
                0x00000000080010a0       0x4c Core/LoRa-module/LoRa.o
 .text._ZN10LoRa_classC2Ev
                0x00000000080010ec       0x5c Core/LoRa-module/LoRa.o
                0x00000000080010ec                LoRa_class::LoRa_class()
                0x00000000080010ec                LoRa_class::LoRa_class()
 .text._ZN10LoRa_classD2Ev
                0x0000000008001148       0x24 Core/LoRa-module/LoRa.o
                0x0000000008001148                LoRa_class::~LoRa_class()
                0x0000000008001148                LoRa_class::~LoRa_class()
 .text._ZN10LoRa_class4initEP19__SPI_HandleTypeDef
                0x000000000800116c       0x48 Core/LoRa-module/LoRa.o
                0x000000000800116c                LoRa_class::init(__SPI_HandleTypeDef*)
 .text._ZN10LoRa_class8set_modeEh
                0x00000000080011b4       0x78 Core/LoRa-module/LoRa.o
                0x00000000080011b4                LoRa_class::set_mode(unsigned char)
 .text._ZN10LoRa_class12set_TX_powerEhbh
                0x000000000800122c       0xec Core/LoRa-module/LoRa.o
                0x000000000800122c                LoRa_class::set_TX_power(unsigned char, bool, unsigned char)
 .text._ZN10LoRa_class20set_spreading_factorEh
                0x0000000008001318       0xa4 Core/LoRa-module/LoRa.o
                0x0000000008001318                LoRa_class::set_spreading_factor(unsigned char)
 *fill*         0x00000000080013bc        0x4 
 .text._ZN10LoRa_class20set_signal_bandwidthEy
                0x00000000080013c0      0x16c Core/LoRa-module/LoRa.o
                0x00000000080013c0                LoRa_class::set_signal_bandwidth(unsigned long long)
 .text._ZN10LoRa_class5beginEybhhyh
                0x000000000800152c      0x36c Core/LoRa-module/LoRa.o
                0x000000000800152c                LoRa_class::begin(unsigned long long, bool, unsigned char, unsigned char, unsigned long long, unsigned char)
 .text.startup._GLOBAL__sub_I_LoRa
                0x0000000008001898        0xc Core/LoRa-module/LoRa.o
 .text.exit._GLOBAL__sub_D_LoRa
                0x00000000080018a4        0xc Core/LoRa-module/LoRa.o
 .text._ZN11LoRa_packetC2Ev
                0x00000000080018b0       0x10 Core/LoRa-module/LoRa_packet.o
                0x00000000080018b0                LoRa_packet::LoRa_packet()
                0x00000000080018b0                LoRa_packet::LoRa_packet()
 .text._ZN11LoRa_packetD2Ev
                0x00000000080018c0       0x10 Core/LoRa-module/LoRa_packet.o
                0x00000000080018c0                LoRa_packet::~LoRa_packet()
                0x00000000080018c0                LoRa_packet::~LoRa_packet()
 .text._ZN13LoRa_registerC2Ev
                0x00000000080018d0       0xe0 Core/LoRa-module/LoRa_register.o
                0x00000000080018d0                LoRa_register::LoRa_register()
                0x00000000080018d0                LoRa_register::LoRa_register()
 .text._ZN13LoRa_registerD2Ev
                0x00000000080019b0        0x4 Core/LoRa-module/LoRa_register.o
                0x00000000080019b0                LoRa_register::~LoRa_register()
                0x00000000080019b0                LoRa_register::~LoRa_register()
 .text._ZN13LoRa_register4initEP19__SPI_HandleTypeDefP12GPIO_TypeDeft
                0x00000000080019b4        0x8 Core/LoRa-module/LoRa_register.o
                0x00000000080019b4                LoRa_register::init(__SPI_HandleTypeDef*, GPIO_TypeDef*, unsigned short)
 .text._ZNSt6vectorIhSaIhEE12emplace_backIJhEEEvDpOT_
                0x00000000080019bc       0xac Core/LoRa-module/LoRa_register.o
                0x00000000080019bc                void std::vector<unsigned char, std::allocator<unsigned char> >::emplace_back<unsigned char>(unsigned char&&)
 .text._ZN13LoRa_register10check_readEP13Address_fieldhPSt6vectorIhSaIhEES5_
                0x0000000008001a68      0x174 Core/LoRa-module/LoRa_register.o
                0x0000000008001a68                LoRa_register::check_read(Address_field*, unsigned char, std::vector<unsigned char, std::allocator<unsigned char> >*, std::vector<unsigned char, std::allocator<unsigned char> >*)
 .text._ZNSt6vectorIhSaIhEE17_M_realloc_insertIJRKhEEEvN9__gnu_cxx17__normal_iteratorIPhS1_EEDpOT_
                0x0000000008001bdc       0x98 Core/LoRa-module/LoRa_register.o
                0x0000000008001bdc                void std::vector<unsigned char, std::allocator<unsigned char> >::_M_realloc_insert<unsigned char const&>(__gnu_cxx::__normal_iterator<unsigned char*, std::vector<unsigned char, std::allocator<unsigned char> > >, unsigned char const&)
 .text._ZN13LoRa_register15field_registersEP13Address_fieldh
                0x0000000008001c74       0xa0 Core/LoRa-module/LoRa_register.o
                0x0000000008001c74                LoRa_register::field_registers(Address_field*, unsigned char)
 .text._ZN13LoRa_register22check_missing_registerEP13Address_fieldh
                0x0000000008001d14       0x80 Core/LoRa-module/LoRa_register.o
                0x0000000008001d14                LoRa_register::check_missing_register(Address_field*, unsigned char)
 .text._ZN13LoRa_register13register_readEP13Address_fieldhb
                0x0000000008001d94       0xf0 Core/LoRa-module/LoRa_register.o
                0x0000000008001d94                LoRa_register::register_read(Address_field*, unsigned char, bool)
 .text._ZN13LoRa_register15set_field_valueEP13Address_fieldPmh
                0x0000000008001e84       0xc8 Core/LoRa-module/LoRa_register.o
                0x0000000008001e84                LoRa_register::set_field_value(Address_field*, unsigned long*, unsigned char)
 .text._ZN13LoRa_register14register_writeEP13Address_fieldhbb
                0x0000000008001f4c      0x128 Core/LoRa-module/LoRa_register.o
                0x0000000008001f4c                LoRa_register::register_write(Address_field*, unsigned char, bool, bool)
 .text._ZN13LoRa_register22check_missing_registerEP13Address_fieldh.constprop.51
                0x0000000008002074       0xf4 Core/LoRa-module/LoRa_register.o
 .text._ZN13LoRa_register14register_writeE13Address_fieldbb
                0x0000000008002168      0x1a4 Core/LoRa-module/LoRa_register.o
                0x0000000008002168                LoRa_register::register_write(Address_field, bool, bool)
 .text._ZN13LoRa_register13register_readEP13Address_fieldhb.constprop.49
                0x000000000800230c      0x178 Core/LoRa-module/LoRa_register.o
 .text._ZN13LoRa_register15set_field_valueEP13Address_fieldPmh.constprop.47
                0x0000000008002484      0x198 Core/LoRa-module/LoRa_register.o
 .text._ZN13LoRa_register15set_field_valueE13Address_fieldm
                0x000000000800261c       0x1c Core/LoRa-module/LoRa_register.o
                0x000000000800261c                LoRa_register::set_field_value(Address_field, unsigned long)
 .text._ZN13LoRa_register15get_field_valueE13Address_fieldPmb
                0x0000000008002638      0x108 Core/LoRa-module/LoRa_register.o
                0x0000000008002638                LoRa_register::get_field_value(Address_field, unsigned long*, bool)
 .text.startup._GLOBAL__sub_I_REG_FIFO
                0x0000000008002740     0x18cc Core/LoRa-module/LoRa_register_data.o
 .text.bme280_set_regs
                0x000000000800400c      0x194 Core/Sensor_BME280/bme280.o
                0x000000000800400c                bme280_set_regs
 .text.put_device_to_sleep
                0x00000000080041a0      0x180 Core/Sensor_BME280/bme280.o
 .text.bme280_init
                0x0000000008004320      0x1f8 Core/Sensor_BME280/bme280.o
                0x0000000008004320                bme280_init
 .text.bme280_set_sensor_settings
                0x0000000008004518      0x1e8 Core/Sensor_BME280/bme280.o
                0x0000000008004518                bme280_set_sensor_settings
 .text.bme280_set_sensor_mode
                0x0000000008004700       0xa0 Core/Sensor_BME280/bme280.o
                0x0000000008004700                bme280_set_sensor_mode
 .text.bme280_get_sensor_data
                0x00000000080047a0      0x4bc Core/Sensor_BME280/bme280.o
                0x00000000080047a0                bme280_get_sensor_data
 .text.TSL2561_setPowerUp
                0x0000000008004c5c       0x30 Core/Sensor_TSL2561/Sensor_TSL2561.o
                0x0000000008004c5c                TSL2561_setPowerUp
 .text.TSL2561_setTiming_ms
                0x0000000008004c8c       0xa8 Core/Sensor_TSL2561/Sensor_TSL2561.o
                0x0000000008004c8c                TSL2561_setTiming_ms
 .text.TSL2561_getData
                0x0000000008004d34       0x90 Core/Sensor_TSL2561/Sensor_TSL2561.o
                0x0000000008004d34                TSL2561_getData
 *fill*         0x0000000008004dc4        0x4 
 .text.TSL2561_getLux
                0x0000000008004dc8      0x210 Core/Sensor_TSL2561/Sensor_TSL2561.o
                0x0000000008004dc8                TSL2561_getLux
 .text.configureTimerForRunTimeStats
                0x0000000008004fd8        0x4 Core/Src/freertos.o
                0x0000000008004fd8                configureTimerForRunTimeStats
 .text.getRunTimeCounterValue
                0x0000000008004fdc        0x4 Core/Src/freertos.o
                0x0000000008004fdc                getRunTimeCounterValue
 .text.user_i2c_read
                0x0000000008004fe0       0x4c Core/Src/main.o
                0x0000000008004fe0                user_i2c_read
 .text.user_delay_ms
                0x000000000800502c        0x4 Core/Src/main.o
                0x000000000800502c                user_delay_ms
 .text.user_i2c_write
                0x0000000008005030       0x54 Core/Src/main.o
                0x0000000008005030                user_i2c_write
 .text.StartTask01
                0x0000000008005084       0x48 Core/Src/main.o
                0x0000000008005084                StartTask01
 .text.StartTask03
                0x00000000080050cc        0xc Core/Src/main.o
                0x00000000080050cc                StartTask03
 .text.StartTask02
                0x00000000080050d8       0xd0 Core/Src/main.o
                0x00000000080050d8                StartTask02
 .text.SystemClock_Config
                0x00000000080051a8       0x70 Core/Src/main.o
                0x00000000080051a8                SystemClock_Config
 .text.startup.main
                0x0000000008005218      0x32c Core/Src/main.o
                0x0000000008005218                main
 .text.HAL_TIM_PeriodElapsedCallback
                0x0000000008005544       0x14 Core/Src/main.o
                0x0000000008005544                HAL_TIM_PeriodElapsedCallback
 .text.HAL_MspInit
                0x0000000008005558       0x50 Core/Src/stm32f1xx_hal_msp.o
                0x0000000008005558                HAL_MspInit
 .text.HAL_I2C_MspInit
                0x00000000080055a8       0x98 Core/Src/stm32f1xx_hal_msp.o
                0x00000000080055a8                HAL_I2C_MspInit
 .text.HAL_RTC_MspInit
                0x0000000008005640       0x50 Core/Src/stm32f1xx_hal_msp.o
                0x0000000008005640                HAL_RTC_MspInit
 .text.HAL_SPI_MspInit
                0x0000000008005690       0x84 Core/Src/stm32f1xx_hal_msp.o
                0x0000000008005690                HAL_SPI_MspInit
 .text.HAL_InitTick
                0x0000000008005714       0x7c Core/Src/stm32f1xx_hal_timebase_tim.o
                0x0000000008005714                HAL_InitTick
 .text.NMI_Handler
                0x0000000008005790        0x4 Core/Src/stm32f1xx_it.o
                0x0000000008005790                NMI_Handler
 .text.HardFault_Handler
                0x0000000008005794        0x4 Core/Src/stm32f1xx_it.o
                0x0000000008005794                HardFault_Handler
 .text.MemManage_Handler
                0x0000000008005798        0x4 Core/Src/stm32f1xx_it.o
                0x0000000008005798                MemManage_Handler
 .text.BusFault_Handler
                0x000000000800579c        0x4 Core/Src/stm32f1xx_it.o
                0x000000000800579c                BusFault_Handler
 .text.UsageFault_Handler
                0x00000000080057a0        0x4 Core/Src/stm32f1xx_it.o
                0x00000000080057a0                UsageFault_Handler
 .text.DebugMon_Handler
                0x00000000080057a4        0x4 Core/Src/stm32f1xx_it.o
                0x00000000080057a4                DebugMon_Handler
 .text.RTC_IRQHandler
                0x00000000080057a8        0xc Core/Src/stm32f1xx_it.o
                0x00000000080057a8                RTC_IRQHandler
 .text.EXTI2_IRQHandler
                0x00000000080057b4        0x8 Core/Src/stm32f1xx_it.o
                0x00000000080057b4                EXTI2_IRQHandler
 .text.TIM4_IRQHandler
                0x00000000080057bc        0xc Core/Src/stm32f1xx_it.o
                0x00000000080057bc                TIM4_IRQHandler
 .text.I2C1_EV_IRQHandler
                0x00000000080057c8        0xc Core/Src/stm32f1xx_it.o
                0x00000000080057c8                I2C1_EV_IRQHandler
 .text.I2C1_ER_IRQHandler
                0x00000000080057d4        0xc Core/Src/stm32f1xx_it.o
                0x00000000080057d4                I2C1_ER_IRQHandler
 .text.SPI1_IRQHandler
                0x00000000080057e0        0xc Core/Src/stm32f1xx_it.o
                0x00000000080057e0                SPI1_IRQHandler
 .text.EXTI15_10_IRQHandler
                0x00000000080057ec        0x8 Core/Src/stm32f1xx_it.o
                0x00000000080057ec                EXTI15_10_IRQHandler
 .text._getpid  0x00000000080057f4        0x4 Core/Src/syscalls.o
                0x00000000080057f4                _getpid
 .text._kill    0x00000000080057f8       0x10 Core/Src/syscalls.o
                0x00000000080057f8                _kill
 .text._exit    0x0000000008005808        0xc Core/Src/syscalls.o
                0x0000000008005808                _exit
 .text._sbrk    0x0000000008005814       0x48 Core/Src/sysmem.o
                0x0000000008005814                _sbrk
 .text.SystemInit
                0x000000000800585c        0x4 Core/Src/system_stm32f1xx.o
                0x000000000800585c                SystemInit
 .text.Reset_Handler
                0x0000000008005860       0x48 Core/Startup/startup_stm32f103c8tx.o
                0x0000000008005860                Reset_Handler
 .text.Default_Handler
                0x00000000080058a8        0x2 Core/Startup/startup_stm32f103c8tx.o
                0x00000000080058a8                RTC_Alarm_IRQHandler
                0x00000000080058a8                TIM1_CC_IRQHandler
                0x00000000080058a8                PVD_IRQHandler
                0x00000000080058a8                EXTI3_IRQHandler
                0x00000000080058a8                EXTI0_IRQHandler
                0x00000000080058a8                I2C2_EV_IRQHandler
                0x00000000080058a8                ADC1_2_IRQHandler
                0x00000000080058a8                TAMPER_IRQHandler
                0x00000000080058a8                DMA1_Channel4_IRQHandler
                0x00000000080058a8                USART3_IRQHandler
                0x00000000080058a8                DMA1_Channel7_IRQHandler
                0x00000000080058a8                CAN1_RX1_IRQHandler
                0x00000000080058a8                DMA1_Channel6_IRQHandler
                0x00000000080058a8                TIM3_IRQHandler
                0x00000000080058a8                RCC_IRQHandler
                0x00000000080058a8                TIM1_TRG_COM_IRQHandler
                0x00000000080058a8                DMA1_Channel1_IRQHandler
                0x00000000080058a8                Default_Handler
                0x00000000080058a8                EXTI9_5_IRQHandler
                0x00000000080058a8                SPI2_IRQHandler
                0x00000000080058a8                DMA1_Channel5_IRQHandler
                0x00000000080058a8                EXTI4_IRQHandler
                0x00000000080058a8                USB_LP_CAN1_RX0_IRQHandler
                0x00000000080058a8                USB_HP_CAN1_TX_IRQHandler
                0x00000000080058a8                DMA1_Channel3_IRQHandler
                0x00000000080058a8                TIM1_UP_IRQHandler
                0x00000000080058a8                WWDG_IRQHandler
                0x00000000080058a8                TIM2_IRQHandler
                0x00000000080058a8                TIM1_BRK_IRQHandler
                0x00000000080058a8                EXTI1_IRQHandler
                0x00000000080058a8                USART2_IRQHandler
                0x00000000080058a8                I2C2_ER_IRQHandler
                0x00000000080058a8                DMA1_Channel2_IRQHandler
                0x00000000080058a8                CAN1_SCE_IRQHandler
                0x00000000080058a8                FLASH_IRQHandler
                0x00000000080058a8                USART1_IRQHandler
                0x00000000080058a8                USBWakeUp_IRQHandler
 *fill*         0x00000000080058aa        0x2 
 .text.LoRa_init
                0x00000000080058ac        0xc Core/my_lib/LoRa_module/LoRa_main_file.o
                0x00000000080058ac                LoRa_init
 .text.LoRa_begin
                0x00000000080058b8       0x30 Core/my_lib/LoRa_module/LoRa_main_file.o
                0x00000000080058b8                LoRa_begin
 .text.HAL_Init
                0x00000000080058e8       0x24 Drivers/STM32F1xx_HAL_Driver/Src/stm32f1xx_hal.o
                0x00000000080058e8                HAL_Init
 .text.HAL_IncTick
                0x000000000800590c       0x18 Drivers/STM32F1xx_HAL_Driver/Src/stm32f1xx_hal.o
                0x000000000800590c                HAL_IncTick
 .text.HAL_GetTick
                0x0000000008005924        0xc Drivers/STM32F1xx_HAL_Driver/Src/stm32f1xx_hal.o
                0x0000000008005924                HAL_GetTick
 .text.HAL_Delay
                0x0000000008005930       0x24 Drivers/STM32F1xx_HAL_Driver/Src/stm32f1xx_hal.o
                0x0000000008005930                HAL_Delay
 .text.HAL_NVIC_SetPriorityGrouping
                0x0000000008005954       0x24 Drivers/STM32F1xx_HAL_Driver/Src/stm32f1xx_hal_cortex.o
                0x0000000008005954                HAL_NVIC_SetPriorityGrouping
 .text.HAL_NVIC_SetPriority
                0x0000000008005978       0x6c Drivers/STM32F1xx_HAL_Driver/Src/stm32f1xx_hal_cortex.o
                0x0000000008005978                HAL_NVIC_SetPriority
 .text.HAL_NVIC_EnableIRQ
                0x00000000080059e4       0x1c Drivers/STM32F1xx_HAL_Driver/Src/stm32f1xx_hal_cortex.o
                0x00000000080059e4                HAL_NVIC_EnableIRQ
 .text.HAL_DMA_Abort_IT
                0x0000000008005a00       0x98 Drivers/STM32F1xx_HAL_Driver/Src/stm32f1xx_hal_dma.o
                0x0000000008005a00                HAL_DMA_Abort_IT
 .text.HAL_DMA_GetState
                0x0000000008005a98        0x8 Drivers/STM32F1xx_HAL_Driver/Src/stm32f1xx_hal_dma.o
                0x0000000008005a98                HAL_DMA_GetState
 .text.HAL_GPIO_Init
                0x0000000008005aa0      0x1f4 Drivers/STM32F1xx_HAL_Driver/Src/stm32f1xx_hal_gpio.o
                0x0000000008005aa0                HAL_GPIO_Init
 .text.HAL_GPIO_WritePin
                0x0000000008005c94        0x8 Drivers/STM32F1xx_HAL_Driver/Src/stm32f1xx_hal_gpio.o
                0x0000000008005c94                HAL_GPIO_WritePin
 .text.HAL_GPIO_EXTI_Callback
                0x0000000008005c9c        0x4 Drivers/STM32F1xx_HAL_Driver/Src/stm32f1xx_hal_gpio.o
                0x0000000008005c9c                HAL_GPIO_EXTI_Callback
 .text.HAL_GPIO_EXTI_IRQHandler
                0x0000000008005ca0       0x18 Drivers/STM32F1xx_HAL_Driver/Src/stm32f1xx_hal_gpio.o
                0x0000000008005ca0                HAL_GPIO_EXTI_IRQHandler
 .text.HAL_I2C_Init
                0x0000000008005cb8      0x180 Drivers/STM32F1xx_HAL_Driver/Src/stm32f1xx_hal_i2c.o
                0x0000000008005cb8                HAL_I2C_Init
 .text.HAL_I2C_Master_Transmit
                0x0000000008005e38      0x304 Drivers/STM32F1xx_HAL_Driver/Src/stm32f1xx_hal_i2c.o
                0x0000000008005e38                HAL_I2C_Master_Transmit
 .text.HAL_I2C_Master_Receive
                0x000000000800613c      0x550 Drivers/STM32F1xx_HAL_Driver/Src/stm32f1xx_hal_i2c.o
                0x000000000800613c                HAL_I2C_Master_Receive
 .text.HAL_I2C_MasterTxCpltCallback
                0x000000000800668c        0x4 Drivers/STM32F1xx_HAL_Driver/Src/stm32f1xx_hal_i2c.o
                0x000000000800668c                HAL_I2C_MasterTxCpltCallback
 .text.HAL_I2C_MasterRxCpltCallback
                0x0000000008006690        0x4 Drivers/STM32F1xx_HAL_Driver/Src/stm32f1xx_hal_i2c.o
                0x0000000008006690                HAL_I2C_MasterRxCpltCallback
 .text.HAL_I2C_SlaveTxCpltCallback
                0x0000000008006694        0x4 Drivers/STM32F1xx_HAL_Driver/Src/stm32f1xx_hal_i2c.o
                0x0000000008006694                HAL_I2C_SlaveTxCpltCallback
 .text.HAL_I2C_SlaveRxCpltCallback
                0x0000000008006698        0x4 Drivers/STM32F1xx_HAL_Driver/Src/stm32f1xx_hal_i2c.o
                0x0000000008006698                HAL_I2C_SlaveRxCpltCallback
 .text.HAL_I2C_AddrCallback
                0x000000000800669c        0x4 Drivers/STM32F1xx_HAL_Driver/Src/stm32f1xx_hal_i2c.o
                0x000000000800669c                HAL_I2C_AddrCallback
 .text.HAL_I2C_ListenCpltCallback
                0x00000000080066a0        0x4 Drivers/STM32F1xx_HAL_Driver/Src/stm32f1xx_hal_i2c.o
                0x00000000080066a0                HAL_I2C_ListenCpltCallback
 .text.HAL_I2C_MemTxCpltCallback
                0x00000000080066a4        0x4 Drivers/STM32F1xx_HAL_Driver/Src/stm32f1xx_hal_i2c.o
                0x00000000080066a4                HAL_I2C_MemTxCpltCallback
 .text.I2C_MemoryTransmit_TXE_BTF
                0x00000000080066a8       0xb4 Drivers/STM32F1xx_HAL_Driver/Src/stm32f1xx_hal_i2c.o
 .text.HAL_I2C_MemRxCpltCallback
                0x000000000800675c        0x4 Drivers/STM32F1xx_HAL_Driver/Src/stm32f1xx_hal_i2c.o
                0x000000000800675c                HAL_I2C_MemRxCpltCallback
 .text.HAL_I2C_ErrorCallback
                0x0000000008006760        0x4 Drivers/STM32F1xx_HAL_Driver/Src/stm32f1xx_hal_i2c.o
                0x0000000008006760                HAL_I2C_ErrorCallback
 .text.HAL_I2C_AbortCpltCallback
                0x0000000008006764        0x4 Drivers/STM32F1xx_HAL_Driver/Src/stm32f1xx_hal_i2c.o
                0x0000000008006764                HAL_I2C_AbortCpltCallback
 .text.I2C_DMAAbort
                0x0000000008006768       0xf8 Drivers/STM32F1xx_HAL_Driver/Src/stm32f1xx_hal_i2c.o
 .text.HAL_I2C_EV_IRQHandler
                0x0000000008006860      0xae8 Drivers/STM32F1xx_HAL_Driver/Src/stm32f1xx_hal_i2c.o
                0x0000000008006860                HAL_I2C_EV_IRQHandler
 .text.HAL_I2C_ER_IRQHandler
                0x0000000008007348      0x2fc Drivers/STM32F1xx_HAL_Driver/Src/stm32f1xx_hal_i2c.o
                0x0000000008007348                HAL_I2C_ER_IRQHandler
 .text.HAL_PWR_EnableBkUpAccess
                0x0000000008007644        0xc Drivers/STM32F1xx_HAL_Driver/Src/stm32f1xx_hal_pwr.o
                0x0000000008007644                HAL_PWR_EnableBkUpAccess
 .text.HAL_RCC_OscConfig
                0x0000000008007650      0x3f0 Drivers/STM32F1xx_HAL_Driver/Src/stm32f1xx_hal_rcc.o
                0x0000000008007650                HAL_RCC_OscConfig
 .text.HAL_RCC_ClockConfig
                0x0000000008007a40      0x198 Drivers/STM32F1xx_HAL_Driver/Src/stm32f1xx_hal_rcc.o
                0x0000000008007a40                HAL_RCC_ClockConfig
 .text.HAL_RCC_GetPCLK1Freq
                0x0000000008007bd8       0x20 Drivers/STM32F1xx_HAL_Driver/Src/stm32f1xx_hal_rcc.o
                0x0000000008007bd8                HAL_RCC_GetPCLK1Freq
 .text.HAL_RCC_GetPCLK2Freq
                0x0000000008007bf8       0x20 Drivers/STM32F1xx_HAL_Driver/Src/stm32f1xx_hal_rcc.o
                0x0000000008007bf8                HAL_RCC_GetPCLK2Freq
 .text.HAL_RCC_GetClockConfig
                0x0000000008007c18       0x40 Drivers/STM32F1xx_HAL_Driver/Src/stm32f1xx_hal_rcc.o
                0x0000000008007c18                HAL_RCC_GetClockConfig
 .text.HAL_RCCEx_PeriphCLKConfig
                0x0000000008007c58      0x104 Drivers/STM32F1xx_HAL_Driver/Src/stm32f1xx_hal_rcc_ex.o
                0x0000000008007c58                HAL_RCCEx_PeriphCLKConfig
 .text.HAL_RCCEx_GetPeriphCLKFreq
                0x0000000008007d5c       0xf0 Drivers/STM32F1xx_HAL_Driver/Src/stm32f1xx_hal_rcc_ex.o
                0x0000000008007d5c                HAL_RCCEx_GetPeriphCLKFreq
 .text.HAL_RTC_Init
                0x0000000008007e4c       0xfc Drivers/STM32F1xx_HAL_Driver/Src/stm32f1xx_hal_rtc.o
                0x0000000008007e4c                HAL_RTC_Init
 .text.HAL_RTC_SetTime
                0x0000000008007f48      0x158 Drivers/STM32F1xx_HAL_Driver/Src/stm32f1xx_hal_rtc.o
                0x0000000008007f48                HAL_RTC_SetTime
 .text.HAL_RTC_SetDate
                0x00000000080080a0      0x1fc Drivers/STM32F1xx_HAL_Driver/Src/stm32f1xx_hal_rtc.o
                0x00000000080080a0                HAL_RTC_SetDate
 .text.HAL_RTCEx_RTCEventCallback
                0x000000000800829c        0x4 Drivers/STM32F1xx_HAL_Driver/Src/stm32f1xx_hal_rtc_ex.o
                0x000000000800829c                HAL_RTCEx_RTCEventCallback
 .text.HAL_RTCEx_RTCEventErrorCallback
                0x00000000080082a0        0x4 Drivers/STM32F1xx_HAL_Driver/Src/stm32f1xx_hal_rtc_ex.o
                0x00000000080082a0                HAL_RTCEx_RTCEventErrorCallback
 .text.HAL_RTCEx_RTCIRQHandler
                0x00000000080082a4       0x44 Drivers/STM32F1xx_HAL_Driver/Src/stm32f1xx_hal_rtc_ex.o
                0x00000000080082a4                HAL_RTCEx_RTCIRQHandler
 .text.SPI_WaitFlagStateUntilTimeout.constprop.8
                0x00000000080082e8       0xc0 Drivers/STM32F1xx_HAL_Driver/Src/stm32f1xx_hal_spi.o
 .text.HAL_SPI_Init
                0x00000000080083a8       0xb4 Drivers/STM32F1xx_HAL_Driver/Src/stm32f1xx_hal_spi.o
                0x00000000080083a8                HAL_SPI_Init
 .text.HAL_SPI_TransmitReceive
                0x000000000800845c      0x2b4 Drivers/STM32F1xx_HAL_Driver/Src/stm32f1xx_hal_spi.o
                0x000000000800845c                HAL_SPI_TransmitReceive
 .text.HAL_SPI_ErrorCallback
                0x0000000008008710        0x4 Drivers/STM32F1xx_HAL_Driver/Src/stm32f1xx_hal_spi.o
                0x0000000008008710                HAL_SPI_ErrorCallback
 .text.HAL_SPI_IRQHandler
                0x0000000008008714      0x114 Drivers/STM32F1xx_HAL_Driver/Src/stm32f1xx_hal_spi.o
                0x0000000008008714                HAL_SPI_IRQHandler
 .text.SPI_DMAAbortOnError
                0x0000000008008828       0x14 Drivers/STM32F1xx_HAL_Driver/Src/stm32f1xx_hal_spi.o
 .text.HAL_TIM_Base_MspInit
                0x000000000800883c        0x4 Drivers/STM32F1xx_HAL_Driver/Src/stm32f1xx_hal_tim.o
                0x000000000800883c                HAL_TIM_Base_MspInit
 .text.HAL_TIM_Base_Init
                0x0000000008008840       0xc0 Drivers/STM32F1xx_HAL_Driver/Src/stm32f1xx_hal_tim.o
                0x0000000008008840                HAL_TIM_Base_Init
 .text.HAL_TIM_Base_Start_IT
                0x0000000008008900       0x58 Drivers/STM32F1xx_HAL_Driver/Src/stm32f1xx_hal_tim.o
                0x0000000008008900                HAL_TIM_Base_Start_IT
 .text.HAL_TIM_OC_DelayElapsedCallback
                0x0000000008008958        0x4 Drivers/STM32F1xx_HAL_Driver/Src/stm32f1xx_hal_tim.o
                0x0000000008008958                HAL_TIM_OC_DelayElapsedCallback
 .text.HAL_TIM_IC_CaptureCallback
                0x000000000800895c        0x4 Drivers/STM32F1xx_HAL_Driver/Src/stm32f1xx_hal_tim.o
                0x000000000800895c                HAL_TIM_IC_CaptureCallback
 .text.HAL_TIM_PWM_PulseFinishedCallback
                0x0000000008008960        0x4 Drivers/STM32F1xx_HAL_Driver/Src/stm32f1xx_hal_tim.o
                0x0000000008008960                HAL_TIM_PWM_PulseFinishedCallback
 .text.HAL_TIM_TriggerCallback
                0x0000000008008964        0x4 Drivers/STM32F1xx_HAL_Driver/Src/stm32f1xx_hal_tim.o
                0x0000000008008964                HAL_TIM_TriggerCallback
 .text.HAL_TIM_IRQHandler
                0x0000000008008968      0x154 Drivers/STM32F1xx_HAL_Driver/Src/stm32f1xx_hal_tim.o
                0x0000000008008968                HAL_TIM_IRQHandler
 .text.HAL_TIMEx_CommutCallback
                0x0000000008008abc        0x4 Drivers/STM32F1xx_HAL_Driver/Src/stm32f1xx_hal_tim_ex.o
                0x0000000008008abc                HAL_TIMEx_CommutCallback
 .text.HAL_TIMEx_BreakCallback
                0x0000000008008ac0        0x4 Drivers/STM32F1xx_HAL_Driver/Src/stm32f1xx_hal_tim_ex.o
                0x0000000008008ac0                HAL_TIMEx_BreakCallback
 .text.osKernelInitialize
                0x0000000008008ac4       0x34 Middlewares/Third_Party/FreeRTOS/Source/CMSIS_RTOS_V2/cmsis_os2.o
                0x0000000008008ac4                osKernelInitialize
 .text.osKernelStart
                0x0000000008008af8       0x44 Middlewares/Third_Party/FreeRTOS/Source/CMSIS_RTOS_V2/cmsis_os2.o
                0x0000000008008af8                osKernelStart
 .text.osThreadNew
                0x0000000008008b3c       0xb4 Middlewares/Third_Party/FreeRTOS/Source/CMSIS_RTOS_V2/cmsis_os2.o
                0x0000000008008b3c                osThreadNew
 .text.osDelay  0x0000000008008bf0       0x34 Middlewares/Third_Party/FreeRTOS/Source/CMSIS_RTOS_V2/cmsis_os2.o
                0x0000000008008bf0                osDelay
 .text.vApplicationGetIdleTaskMemory
                0x0000000008008c24       0x1c Middlewares/Third_Party/FreeRTOS/Source/CMSIS_RTOS_V2/cmsis_os2.o
                0x0000000008008c24                vApplicationGetIdleTaskMemory
 .text.vApplicationGetTimerTaskMemory
                0x0000000008008c40       0x1c Middlewares/Third_Party/FreeRTOS/Source/CMSIS_RTOS_V2/cmsis_os2.o
                0x0000000008008c40                vApplicationGetTimerTaskMemory
 .text.vListInitialise
                0x0000000008008c5c       0x18 Middlewares/Third_Party/FreeRTOS/Source/list.o
                0x0000000008008c5c                vListInitialise
 .text.vListInitialiseItem
                0x0000000008008c74        0x8 Middlewares/Third_Party/FreeRTOS/Source/list.o
                0x0000000008008c74                vListInitialiseItem
 .text.vListInsertEnd
                0x0000000008008c7c       0x1c Middlewares/Third_Party/FreeRTOS/Source/list.o
                0x0000000008008c7c                vListInsertEnd
 .text.vListInsert
                0x0000000008008c98       0x34 Middlewares/Third_Party/FreeRTOS/Source/list.o
                0x0000000008008c98                vListInsert
 .text.uxListRemove
                0x0000000008008ccc       0x28 Middlewares/Third_Party/FreeRTOS/Source/list.o
                0x0000000008008ccc                uxListRemove
 .text.xQueueGenericReset
                0x0000000008008cf4       0x84 Middlewares/Third_Party/FreeRTOS/Source/queue.o
                0x0000000008008cf4                xQueueGenericReset
 .text.xQueueGenericCreateStatic
                0x0000000008008d78       0xac Middlewares/Third_Party/FreeRTOS/Source/queue.o
                0x0000000008008d78                xQueueGenericCreateStatic
 .text.xQueueGenericSend
                0x0000000008008e24      0x398 Middlewares/Third_Party/FreeRTOS/Source/queue.o
                0x0000000008008e24                xQueueGenericSend
 .text.xQueueReceive
                0x00000000080091bc      0x2c8 Middlewares/Third_Party/FreeRTOS/Source/queue.o
                0x00000000080091bc                xQueueReceive
 .text.vQueueAddToRegistry
                0x0000000008009484       0x54 Middlewares/Third_Party/FreeRTOS/Source/queue.o
                0x0000000008009484                vQueueAddToRegistry
 .text.vQueueWaitForMessageRestricted
                0x00000000080094d8       0xcc Middlewares/Third_Party/FreeRTOS/Source/queue.o
                0x00000000080094d8                vQueueWaitForMessageRestricted
 .text.prvAddNewTaskToReadyList
                0x00000000080095a4      0x110 Middlewares/Third_Party/FreeRTOS/Source/tasks.o
 .text.unlikely.prvInitialiseNewTask.isra.2
                0x00000000080096b4       0x96 Middlewares/Third_Party/FreeRTOS/Source/tasks.o
 *fill*         0x000000000800974a        0x2 
 .text.unlikely.prvAddCurrentTaskToDelayedList
                0x000000000800974c       0x74 Middlewares/Third_Party/FreeRTOS/Source/tasks.o
 .text.prvIdleTask
                0x00000000080097c0       0xa0 Middlewares/Third_Party/FreeRTOS/Source/tasks.o
 .text.xTaskCreateStatic
                0x0000000008009860       0x70 Middlewares/Third_Party/FreeRTOS/Source/tasks.o
                0x0000000008009860                xTaskCreateStatic
 .text.xTaskCreate
                0x00000000080098d0      0x160 Middlewares/Third_Party/FreeRTOS/Source/tasks.o
                0x00000000080098d0                xTaskCreate
 .text.vTaskStartScheduler
                0x0000000008009a30       0xe4 Middlewares/Third_Party/FreeRTOS/Source/tasks.o
                0x0000000008009a30                vTaskStartScheduler
 .text.vTaskSuspendAll
                0x0000000008009b14       0x10 Middlewares/Third_Party/FreeRTOS/Source/tasks.o
                0x0000000008009b14                vTaskSuspendAll
 .text.xTaskGetTickCount
                0x0000000008009b24        0xc Middlewares/Third_Party/FreeRTOS/Source/tasks.o
                0x0000000008009b24                xTaskGetTickCount
 .text.xTaskIncrementTick
                0x0000000008009b30      0x148 Middlewares/Third_Party/FreeRTOS/Source/tasks.o
                0x0000000008009b30                xTaskIncrementTick
 .text.xTaskResumeAll
                0x0000000008009c78      0x10c Middlewares/Third_Party/FreeRTOS/Source/tasks.o
                0x0000000008009c78                xTaskResumeAll
 .text.vTaskDelay
                0x0000000008009d84       0x48 Middlewares/Third_Party/FreeRTOS/Source/tasks.o
                0x0000000008009d84                vTaskDelay
 .text.vTaskSwitchContext
                0x0000000008009dcc       0xa0 Middlewares/Third_Party/FreeRTOS/Source/tasks.o
                0x0000000008009dcc                vTaskSwitchContext
 .text.vTaskPlaceOnEventList
                0x0000000008009e6c       0x88 Middlewares/Third_Party/FreeRTOS/Source/tasks.o
                0x0000000008009e6c                vTaskPlaceOnEventList
 .text.vTaskPlaceOnEventListRestricted
                0x0000000008009ef4       0x94 Middlewares/Third_Party/FreeRTOS/Source/tasks.o
                0x0000000008009ef4                vTaskPlaceOnEventListRestricted
 .text.xTaskRemoveFromEventList
                0x0000000008009f88       0x8c Middlewares/Third_Party/FreeRTOS/Source/tasks.o
                0x0000000008009f88                xTaskRemoveFromEventList
 .text.vTaskInternalSetTimeOutState
                0x000000000800a014       0x18 Middlewares/Third_Party/FreeRTOS/Source/tasks.o
                0x000000000800a014                vTaskInternalSetTimeOutState
 .text.xTaskCheckForTimeOut
                0x000000000800a02c       0x8c Middlewares/Third_Party/FreeRTOS/Source/tasks.o
                0x000000000800a02c                xTaskCheckForTimeOut
 .text.vTaskMissedYield
                0x000000000800a0b8        0xc Middlewares/Third_Party/FreeRTOS/Source/tasks.o
                0x000000000800a0b8                vTaskMissedYield
 .text.xTaskGetSchedulerState
                0x000000000800a0c4       0x20 Middlewares/Third_Party/FreeRTOS/Source/tasks.o
                0x000000000800a0c4                xTaskGetSchedulerState
 .text.xTaskPriorityDisinherit
                0x000000000800a0e4       0x84 Middlewares/Third_Party/FreeRTOS/Source/tasks.o
                0x000000000800a0e4                xTaskPriorityDisinherit
 .text.prvSwitchTimerLists
                0x000000000800a168       0x94 Middlewares/Third_Party/FreeRTOS/Source/timers.o
 .text.prvTimerTask
                0x000000000800a1fc      0x258 Middlewares/Third_Party/FreeRTOS/Source/timers.o
 .text.xTimerCreateTimerTask
                0x000000000800a454       0xbc Middlewares/Third_Party/FreeRTOS/Source/timers.o
                0x000000000800a454                xTimerCreateTimerTask
 .text.prvTaskExitError
                0x000000000800a510       0x40 Middlewares/Third_Party/FreeRTOS/Source/portable/GCC/ARM_CM3/port.o
 .text.unlikely.prvPortStartFirstTask
                0x000000000800a550       0x20 Middlewares/Third_Party/FreeRTOS/Source/portable/GCC/ARM_CM3/port.o
 .text.pxPortInitialiseStack
                0x000000000800a570       0x24 Middlewares/Third_Party/FreeRTOS/Source/portable/GCC/ARM_CM3/port.o
                0x000000000800a570                pxPortInitialiseStack
 *fill*         0x000000000800a594        0xc 
 .text.SVC_Handler
                0x000000000800a5a0       0x24 Middlewares/Third_Party/FreeRTOS/Source/portable/GCC/ARM_CM3/port.o
                0x000000000800a5a0                SVC_Handler
 .text.vPortEnterCritical
                0x000000000800a5c4       0x44 Middlewares/Third_Party/FreeRTOS/Source/portable/GCC/ARM_CM3/port.o
                0x000000000800a5c4                vPortEnterCritical
 .text.vPortExitCritical
                0x000000000800a608       0x28 Middlewares/Third_Party/FreeRTOS/Source/portable/GCC/ARM_CM3/port.o
                0x000000000800a608                vPortExitCritical
 .text.PendSV_Handler
                0x000000000800a630       0x44 Middlewares/Third_Party/FreeRTOS/Source/portable/GCC/ARM_CM3/port.o
                0x000000000800a630                PendSV_Handler
 .text.SysTick_Handler
                0x000000000800a674       0x2c Middlewares/Third_Party/FreeRTOS/Source/portable/GCC/ARM_CM3/port.o
                0x000000000800a674                SysTick_Handler
 .text.vPortSetupTimerInterrupt
                0x000000000800a6a0       0x3c Middlewares/Third_Party/FreeRTOS/Source/portable/GCC/ARM_CM3/port.o
                0x000000000800a6a0                vPortSetupTimerInterrupt
 .text.xPortStartScheduler
                0x000000000800a6dc       0xb8 Middlewares/Third_Party/FreeRTOS/Source/portable/GCC/ARM_CM3/port.o
                0x000000000800a6dc                xPortStartScheduler
 .text.unlikely.prvInsertBlockIntoFreeList
                0x000000000800a794       0x50 Middlewares/Third_Party/FreeRTOS/Source/portable/MemMang/heap_4.o
 .text.pvPortMalloc
                0x000000000800a7e4      0x128 Middlewares/Third_Party/FreeRTOS/Source/portable/MemMang/heap_4.o
                0x000000000800a7e4                pvPortMalloc
 .text.vPortFree
                0x000000000800a90c       0x70 Middlewares/Third_Party/FreeRTOS/Source/portable/MemMang/heap_4.o
                0x000000000800a90c                vPortFree
 .text._ZdaPv   0x000000000800a97c        0x4 /opt/st/stm32cubeide_1.5.0/plugins/com.st.stm32cube.ide.mcu.externaltools.gnu-tools-for-stm32.7-2018-q2-update.linux64_1.5.0.202011040924/tools/bin/../lib/gcc/arm-none-eabi/7.3.1/../../../../arm-none-eabi/lib/thumb/v7-m/libstdc++_nano.a(del_opv.o)
                0x000000000800a97c                operator delete[](void*)
 .text._ZdlPvj  0x000000000800a980        0x4 /opt/st/stm32cubeide_1.5.0/plugins/com.st.stm32cube.ide.mcu.externaltools.gnu-tools-for-stm32.7-2018-q2-update.linux64_1.5.0.202011040924/tools/bin/../lib/gcc/arm-none-eabi/7.3.1/../../../../arm-none-eabi/lib/thumb/v7-m/libstdc++_nano.a(del_ops.o)
                0x000000000800a980                operator delete(void*, unsigned int)
 .text._Znwj    0x000000000800a984       0x22 /opt/st/stm32cubeide_1.5.0/plugins/com.st.stm32cube.ide.mcu.externaltools.gnu-tools-for-stm32.7-2018-q2-update.linux64_1.5.0.202011040924/tools/bin/../lib/gcc/arm-none-eabi/7.3.1/../../../../arm-none-eabi/lib/thumb/v7-m/libstdc++_nano.a(new_op.o)
                0x000000000800a984                operator new(unsigned int)
 *fill*         0x000000000800a9a6        0x2 
 .text._ZSt15get_new_handlerv
                0x000000000800a9a8       0x10 /opt/st/stm32cubeide_1.5.0/plugins/com.st.stm32cube.ide.mcu.externaltools.gnu-tools-for-stm32.7-2018-q2-update.linux64_1.5.0.202011040924/tools/bin/../lib/gcc/arm-none-eabi/7.3.1/../../../../arm-none-eabi/lib/thumb/v7-m/libstdc++_nano.a(new_handler.o)
                0x000000000800a9a8                std::get_new_handler()
 .text._ZdlPv   0x000000000800a9b8        0x4 /opt/st/stm32cubeide_1.5.0/plugins/com.st.stm32cube.ide.mcu.externaltools.gnu-tools-for-stm32.7-2018-q2-update.linux64_1.5.0.202011040924/tools/bin/../lib/gcc/arm-none-eabi/7.3.1/../../../../arm-none-eabi/lib/thumb/v7-m/libstdc++_nano.a(del_op.o)
                0x000000000800a9b8                operator delete(void*)
 .text._ZSt20__throw_length_errorPKc
                0x000000000800a9bc        0x6 /opt/st/stm32cubeide_1.5.0/plugins/com.st.stm32cube.ide.mcu.externaltools.gnu-tools-for-stm32.7-2018-q2-update.linux64_1.5.0.202011040924/tools/bin/../lib/gcc/arm-none-eabi/7.3.1/../../../../arm-none-eabi/lib/thumb/v7-m/libstdc++_nano.a(functexcept.o)
                0x000000000800a9bc                std::__throw_length_error(char const*)
 *fill*         0x000000000800a9c2        0x2 
 .text.pow      0x000000000800a9c4      0x2b8 /opt/st/stm32cubeide_1.5.0/plugins/com.st.stm32cube.ide.mcu.externaltools.gnu-tools-for-stm32.7-2018-q2-update.linux64_1.5.0.202011040924/tools/bin/../lib/gcc/arm-none-eabi/7.3.1/../../../../arm-none-eabi/lib/thumb/v7-m/libm.a(lib_a-w_pow.o)
                0x000000000800a9c4                pow
 *fill*         0x000000000800ac7c        0x4 
 .text.__ieee754_pow
                0x000000000800ac80      0xa14 /opt/st/stm32cubeide_1.5.0/plugins/com.st.stm32cube.ide.mcu.externaltools.gnu-tools-for-stm32.7-2018-q2-update.linux64_1.5.0.202011040924/tools/bin/../lib/gcc/arm-none-eabi/7.3.1/../../../../arm-none-eabi/lib/thumb/v7-m/libm.a(lib_a-e_pow.o)
                0x000000000800ac80                __ieee754_pow
 .text.__ieee754_sqrt
                0x000000000800b694      0x158 /opt/st/stm32cubeide_1.5.0/plugins/com.st.stm32cube.ide.mcu.externaltools.gnu-tools-for-stm32.7-2018-q2-update.linux64_1.5.0.202011040924/tools/bin/../lib/gcc/arm-none-eabi/7.3.1/../../../../arm-none-eabi/lib/thumb/v7-m/libm.a(lib_a-e_sqrt.o)
                0x000000000800b694                __ieee754_sqrt
 .text.fabs     0x000000000800b7ec        0x8 /opt/st/stm32cubeide_1.5.0/plugins/com.st.stm32cube.ide.mcu.externaltools.gnu-tools-for-stm32.7-2018-q2-update.linux64_1.5.0.202011040924/tools/bin/../lib/gcc/arm-none-eabi/7.3.1/../../../../arm-none-eabi/lib/thumb/v7-m/libm.a(lib_a-s_fabs.o)
                0x000000000800b7ec                fabs
 .text.finite   0x000000000800b7f4        0xc /opt/st/stm32cubeide_1.5.0/plugins/com.st.stm32cube.ide.mcu.externaltools.gnu-tools-for-stm32.7-2018-q2-update.linux64_1.5.0.202011040924/tools/bin/../lib/gcc/arm-none-eabi/7.3.1/../../../../arm-none-eabi/lib/thumb/v7-m/libm.a(lib_a-s_finite.o)
                0x000000000800b7f4                finite
 .text.matherr  0x000000000800b800        0x4 /opt/st/stm32cubeide_1.5.0/plugins/com.st.stm32cube.ide.mcu.externaltools.gnu-tools-for-stm32.7-2018-q2-update.linux64_1.5.0.202011040924/tools/bin/../lib/gcc/arm-none-eabi/7.3.1/../../../../arm-none-eabi/lib/thumb/v7-m/libm.a(lib_a-s_matherr.o)
                0x000000000800b800                matherr
 .text.nan      0x000000000800b804        0xc /opt/st/stm32cubeide_1.5.0/plugins/com.st.stm32cube.ide.mcu.externaltools.gnu-tools-for-stm32.7-2018-q2-update.linux64_1.5.0.202011040924/tools/bin/../lib/gcc/arm-none-eabi/7.3.1/../../../../arm-none-eabi/lib/thumb/v7-m/libm.a(lib_a-s_nan.o)
                0x000000000800b804                nan
 .text.rint     0x000000000800b810      0x114 /opt/st/stm32cubeide_1.5.0/plugins/com.st.stm32cube.ide.mcu.externaltools.gnu-tools-for-stm32.7-2018-q2-update.linux64_1.5.0.202011040924/tools/bin/../lib/gcc/arm-none-eabi/7.3.1/../../../../arm-none-eabi/lib/thumb/v7-m/libm.a(lib_a-s_rint.o)
                0x000000000800b810                rint
 *fill*         0x000000000800b924        0x4 
 .text.scalbn   0x000000000800b928       0xdc /opt/st/stm32cubeide_1.5.0/plugins/com.st.stm32cube.ide.mcu.externaltools.gnu-tools-for-stm32.7-2018-q2-update.linux64_1.5.0.202011040924/tools/bin/../lib/gcc/arm-none-eabi/7.3.1/../../../../arm-none-eabi/lib/thumb/v7-m/libm.a(lib_a-s_scalbn.o)
                0x000000000800b928                scalbn
 .text.copysign
                0x000000000800ba04       0x12 /opt/st/stm32cubeide_1.5.0/plugins/com.st.stm32cube.ide.mcu.externaltools.gnu-tools-for-stm32.7-2018-q2-update.linux64_1.5.0.202011040924/tools/bin/../lib/gcc/arm-none-eabi/7.3.1/../../../../arm-none-eabi/lib/thumb/v7-m/libm.a(lib_a-s_copysign.o)
                0x000000000800ba04                copysign
 .text.abort    0x000000000800ba16        0xe /opt/st/stm32cubeide_1.5.0/plugins/com.st.stm32cube.ide.mcu.externaltools.gnu-tools-for-stm32.7-2018-q2-update.linux64_1.5.0.202011040924/tools/bin/../lib/gcc/arm-none-eabi/7.3.1/../../../../arm-none-eabi/lib/thumb/v7-m/libc_nano.a(lib_a-abort.o)
                0x000000000800ba16                abort
 .text.__errno  0x000000000800ba24        0xc /opt/st/stm32cubeide_1.5.0/plugins/com.st.stm32cube.ide.mcu.externaltools.gnu-tools-for-stm32.7-2018-q2-update.linux64_1.5.0.202011040924/tools/bin/../lib/gcc/arm-none-eabi/7.3.1/../../../../arm-none-eabi/lib/thumb/v7-m/libc_nano.a(lib_a-errno.o)
                0x000000000800ba24                __errno
 .text.__libc_init_array
                0x000000000800ba30       0x48 /opt/st/stm32cubeide_1.5.0/plugins/com.st.stm32cube.ide.mcu.externaltools.gnu-tools-for-stm32.7-2018-q2-update.linux64_1.5.0.202011040924/tools/bin/../lib/gcc/arm-none-eabi/7.3.1/../../../../arm-none-eabi/lib/thumb/v7-m/libc_nano.a(lib_a-init.o)
                0x000000000800ba30                __libc_init_array
 .text.malloc   0x000000000800ba78       0x10 /opt/st/stm32cubeide_1.5.0/plugins/com.st.stm32cube.ide.mcu.externaltools.gnu-tools-for-stm32.7-2018-q2-update.linux64_1.5.0.202011040924/tools/bin/../lib/gcc/arm-none-eabi/7.3.1/../../../../arm-none-eabi/lib/thumb/v7-m/libc_nano.a(lib_a-malloc.o)
                0x000000000800ba78                malloc
 .text.free     0x000000000800ba88       0x10 /opt/st/stm32cubeide_1.5.0/plugins/com.st.stm32cube.ide.mcu.externaltools.gnu-tools-for-stm32.7-2018-q2-update.linux64_1.5.0.202011040924/tools/bin/../lib/gcc/arm-none-eabi/7.3.1/../../../../arm-none-eabi/lib/thumb/v7-m/libc_nano.a(lib_a-malloc.o)
                0x000000000800ba88                free
 .text.memcpy   0x000000000800ba98       0x16 /opt/st/stm32cubeide_1.5.0/plugins/com.st.stm32cube.ide.mcu.externaltools.gnu-tools-for-stm32.7-2018-q2-update.linux64_1.5.0.202011040924/tools/bin/../lib/gcc/arm-none-eabi/7.3.1/../../../../arm-none-eabi/lib/thumb/v7-m/libc_nano.a(lib_a-memcpy-stub.o)
                0x000000000800ba98                memcpy
 .text.memmove  0x000000000800baae       0x32 /opt/st/stm32cubeide_1.5.0/plugins/com.st.stm32cube.ide.mcu.externaltools.gnu-tools-for-stm32.7-2018-q2-update.linux64_1.5.0.202011040924/tools/bin/../lib/gcc/arm-none-eabi/7.3.1/../../../../arm-none-eabi/lib/thumb/v7-m/libc_nano.a(lib_a-memmove.o)
                0x000000000800baae                memmove
 .text.memset   0x000000000800bae0       0x10 /opt/st/stm32cubeide_1.5.0/plugins/com.st.stm32cube.ide.mcu.externaltools.gnu-tools-for-stm32.7-2018-q2-update.linux64_1.5.0.202011040924/tools/bin/../lib/gcc/arm-none-eabi/7.3.1/../../../../arm-none-eabi/lib/thumb/v7-m/libc_nano.a(lib_a-memset.o)
                0x000000000800bae0                memset
 .text._free_r  0x000000000800baf0       0x98 /opt/st/stm32cubeide_1.5.0/plugins/com.st.stm32cube.ide.mcu.externaltools.gnu-tools-for-stm32.7-2018-q2-update.linux64_1.5.0.202011040924/tools/bin/../lib/gcc/arm-none-eabi/7.3.1/../../../../arm-none-eabi/lib/thumb/v7-m/libc_nano.a(lib_a-nano-freer.o)
                0x000000000800baf0                _free_r
 .text._malloc_r
                0x000000000800bb88       0xb4 /opt/st/stm32cubeide_1.5.0/plugins/com.st.stm32cube.ide.mcu.externaltools.gnu-tools-for-stm32.7-2018-q2-update.linux64_1.5.0.202011040924/tools/bin/../lib/gcc/arm-none-eabi/7.3.1/../../../../arm-none-eabi/lib/thumb/v7-m/libc_nano.a(lib_a-nano-mallocr.o)
                0x000000000800bb88                _malloc_r
 .text._sbrk_r  0x000000000800bc3c       0x20 /opt/st/stm32cubeide_1.5.0/plugins/com.st.stm32cube.ide.mcu.externaltools.gnu-tools-for-stm32.7-2018-q2-update.linux64_1.5.0.202011040924/tools/bin/../lib/gcc/arm-none-eabi/7.3.1/../../../../arm-none-eabi/lib/thumb/v7-m/libc_nano.a(lib_a-sbrkr.o)
                0x000000000800bc3c                _sbrk_r
 .text._raise_r
                0x000000000800bc5c       0x50 /opt/st/stm32cubeide_1.5.0/plugins/com.st.stm32cube.ide.mcu.externaltools.gnu-tools-for-stm32.7-2018-q2-update.linux64_1.5.0.202011040924/tools/bin/../lib/gcc/arm-none-eabi/7.3.1/../../../../arm-none-eabi/lib/thumb/v7-m/libc_nano.a(lib_a-signal.o)
                0x000000000800bc5c                _raise_r
 .text.raise    0x000000000800bcac       0x10 /opt/st/stm32cubeide_1.5.0/plugins/com.st.stm32cube.ide.mcu.externaltools.gnu-tools-for-stm32.7-2018-q2-update.linux64_1.5.0.202011040924/tools/bin/../lib/gcc/arm-none-eabi/7.3.1/../../../../arm-none-eabi/lib/thumb/v7-m/libc_nano.a(lib_a-signal.o)
                0x000000000800bcac                raise
 .text._kill_r  0x000000000800bcbc       0x24 /opt/st/stm32cubeide_1.5.0/plugins/com.st.stm32cube.ide.mcu.externaltools.gnu-tools-for-stm32.7-2018-q2-update.linux64_1.5.0.202011040924/tools/bin/../lib/gcc/arm-none-eabi/7.3.1/../../../../arm-none-eabi/lib/thumb/v7-m/libc_nano.a(lib_a-signalr.o)
                0x000000000800bcbc                _kill_r
 .text._getpid_r
                0x000000000800bce0        0x4 /opt/st/stm32cubeide_1.5.0/plugins/com.st.stm32cube.ide.mcu.externaltools.gnu-tools-for-stm32.7-2018-q2-update.linux64_1.5.0.202011040924/tools/bin/../lib/gcc/arm-none-eabi/7.3.1/../../../../arm-none-eabi/lib/thumb/v7-m/libc_nano.a(lib_a-signalr.o)
                0x000000000800bce0                _getpid_r
 .text.__malloc_lock
                0x000000000800bce4        0x2 /opt/st/stm32cubeide_1.5.0/plugins/com.st.stm32cube.ide.mcu.externaltools.gnu-tools-for-stm32.7-2018-q2-update.linux64_1.5.0.202011040924/tools/bin/../lib/gcc/arm-none-eabi/7.3.1/../../../../arm-none-eabi/lib/thumb/v7-m/libc_nano.a(lib_a-mlock.o)
                0x000000000800bce4                __malloc_lock
 .text.__malloc_unlock
                0x000000000800bce6        0x2 /opt/st/stm32cubeide_1.5.0/plugins/com.st.stm32cube.ide.mcu.externaltools.gnu-tools-for-stm32.7-2018-q2-update.linux64_1.5.0.202011040924/tools/bin/../lib/gcc/arm-none-eabi/7.3.1/../../../../arm-none-eabi/lib/thumb/v7-m/libc_nano.a(lib_a-mlock.o)
                0x000000000800bce6                __malloc_unlock
 *(.glue_7)
 .glue_7        0x000000000800bce8        0x0 linker stubs
 *(.glue_7t)
 .glue_7t       0x000000000800bce8        0x0 linker stubs
 *(.eh_frame)
 .eh_frame      0x000000000800bce8        0x0 /opt/st/stm32cubeide_1.5.0/plugins/com.st.stm32cube.ide.mcu.externaltools.gnu-tools-for-stm32.7-2018-q2-update.linux64_1.5.0.202011040924/tools/bin/../lib/gcc/arm-none-eabi/7.3.1/thumb/v7-m/crtbegin.o
 *(.init)
 .init          0x000000000800bce8        0x4 /opt/st/stm32cubeide_1.5.0/plugins/com.st.stm32cube.ide.mcu.externaltools.gnu-tools-for-stm32.7-2018-q2-update.linux64_1.5.0.202011040924/tools/bin/../lib/gcc/arm-none-eabi/7.3.1/thumb/v7-m/crti.o
                0x000000000800bce8                _init
 .init          0x000000000800bcec        0x8 /opt/st/stm32cubeide_1.5.0/plugins/com.st.stm32cube.ide.mcu.externaltools.gnu-tools-for-stm32.7-2018-q2-update.linux64_1.5.0.202011040924/tools/bin/../lib/gcc/arm-none-eabi/7.3.1/thumb/v7-m/crtn.o
 *(.fini)
 .fini          0x000000000800bcf4        0x4 /opt/st/stm32cubeide_1.5.0/plugins/com.st.stm32cube.ide.mcu.externaltools.gnu-tools-for-stm32.7-2018-q2-update.linux64_1.5.0.202011040924/tools/bin/../lib/gcc/arm-none-eabi/7.3.1/thumb/v7-m/crti.o
                0x000000000800bcf4                _fini
 .fini          0x000000000800bcf8        0x8 /opt/st/stm32cubeide_1.5.0/plugins/com.st.stm32cube.ide.mcu.externaltools.gnu-tools-for-stm32.7-2018-q2-update.linux64_1.5.0.202011040924/tools/bin/../lib/gcc/arm-none-eabi/7.3.1/thumb/v7-m/crtn.o
                0x000000000800bd00                . = ALIGN (0x4)
                0x000000000800bd00                _etext = .

.vfp11_veneer   0x000000000800bd00        0x0
 .vfp11_veneer  0x000000000800bd00        0x0 linker stubs

.v4_bx          0x000000000800bd00        0x0
 .v4_bx         0x000000000800bd00        0x0 linker stubs

.iplt           0x000000000800bd00        0x0
 .iplt          0x000000000800bd00        0x0 /opt/st/stm32cubeide_1.5.0/plugins/com.st.stm32cube.ide.mcu.externaltools.gnu-tools-for-stm32.7-2018-q2-update.linux64_1.5.0.202011040924/tools/bin/../lib/gcc/arm-none-eabi/7.3.1/thumb/v7-m/crtbegin.o

.rodata         0x000000000800bd00      0x138
                0x000000000800bd00                . = ALIGN (0x4)
 *(.rodata)
 .rodata        0x000000000800bd00       0x10 Drivers/STM32F1xx_HAL_Driver/Src/stm32f1xx_hal_rcc.o
 .rodata        0x000000000800bd10       0x10 Drivers/STM32F1xx_HAL_Driver/Src/stm32f1xx_hal_rcc_ex.o
 *(.rodata*)
 .rodata._ZN13LoRa_register15field_registersE13Address_field.str1.4
                0x000000000800bd20       0x1a Core/LoRa-module/LoRa_register.o
 *fill*         0x000000000800bd3a        0x2 
 .rodata.Task01_attributes
                0x000000000800bd3c       0x24 Core/Src/main.o
                0x000000000800bd3c                Task01_attributes
 .rodata.Task02_attributes
                0x000000000800bd60       0x24 Core/Src/main.o
                0x000000000800bd60                Task02_attributes
 .rodata.Task03_attributes
                0x000000000800bd84       0x24 Core/Src/main.o
                0x000000000800bd84                Task03_attributes
 .rodata.str1.4
                0x000000000800bda8       0x17 Core/Src/main.o
 *fill*         0x000000000800bdbf        0x1 
 .rodata.AHBPrescTable
                0x000000000800bdc0       0x10 Core/Src/system_stm32f1xx.o
                0x000000000800bdc0                AHBPrescTable
 .rodata.APBPrescTable
                0x000000000800bdd0        0x8 Core/Src/system_stm32f1xx.o
                0x000000000800bdd0                APBPrescTable
 .rodata.vTaskStartScheduler.str1.4
                0x000000000800bdd8        0x5 Middlewares/Third_Party/FreeRTOS/Source/tasks.o
 *fill*         0x000000000800bddd        0x3 
 .rodata.xTimerCreateTimerTask.str1.4
                0x000000000800bde0       0x10 Middlewares/Third_Party/FreeRTOS/Source/timers.o
 .rodata.pow.str1.1
                0x000000000800bdf0        0x4 /opt/st/stm32cubeide_1.5.0/plugins/com.st.stm32cube.ide.mcu.externaltools.gnu-tools-for-stm32.7-2018-q2-update.linux64_1.5.0.202011040924/tools/bin/../lib/gcc/arm-none-eabi/7.3.1/../../../../arm-none-eabi/lib/thumb/v7-m/libm.a(lib_a-w_pow.o)
 .rodata.__ieee754_pow.str1.1
                0x000000000800bdf4        0x4 /opt/st/stm32cubeide_1.5.0/plugins/com.st.stm32cube.ide.mcu.externaltools.gnu-tools-for-stm32.7-2018-q2-update.linux64_1.5.0.202011040924/tools/bin/../lib/gcc/arm-none-eabi/7.3.1/../../../../arm-none-eabi/lib/thumb/v7-m/libm.a(lib_a-e_pow.o)
                                          0x1 (size before relaxing)
 *fill*         0x000000000800bdf4        0x4 
 .rodata.bp     0x000000000800bdf8       0x10 /opt/st/stm32cubeide_1.5.0/plugins/com.st.stm32cube.ide.mcu.externaltools.gnu-tools-for-stm32.7-2018-q2-update.linux64_1.5.0.202011040924/tools/bin/../lib/gcc/arm-none-eabi/7.3.1/../../../../arm-none-eabi/lib/thumb/v7-m/libm.a(lib_a-e_pow.o)
 .rodata.dp_h   0x000000000800be08       0x10 /opt/st/stm32cubeide_1.5.0/plugins/com.st.stm32cube.ide.mcu.externaltools.gnu-tools-for-stm32.7-2018-q2-update.linux64_1.5.0.202011040924/tools/bin/../lib/gcc/arm-none-eabi/7.3.1/../../../../arm-none-eabi/lib/thumb/v7-m/libm.a(lib_a-e_pow.o)
 .rodata.dp_l   0x000000000800be18       0x10 /opt/st/stm32cubeide_1.5.0/plugins/com.st.stm32cube.ide.mcu.externaltools.gnu-tools-for-stm32.7-2018-q2-update.linux64_1.5.0.202011040924/tools/bin/../lib/gcc/arm-none-eabi/7.3.1/../../../../arm-none-eabi/lib/thumb/v7-m/libm.a(lib_a-e_pow.o)
 .rodata.TWO52  0x000000000800be28       0x10 /opt/st/stm32cubeide_1.5.0/plugins/com.st.stm32cube.ide.mcu.externaltools.gnu-tools-for-stm32.7-2018-q2-update.linux64_1.5.0.202011040924/tools/bin/../lib/gcc/arm-none-eabi/7.3.1/../../../../arm-none-eabi/lib/thumb/v7-m/libm.a(lib_a-s_rint.o)
                0x000000000800be38                . = ALIGN (0x4)

.ARM.extab      0x000000000800be38        0x0
                0x000000000800be38                . = ALIGN (0x4)
 *(.ARM.extab* .gnu.linkonce.armextab.*)
                0x000000000800be38                . = ALIGN (0x4)

.ARM            0x000000000800be38        0x8
                0x000000000800be38                . = ALIGN (0x4)
                0x000000000800be38                __exidx_start = .
 *(.ARM.exidx*)
 .ARM.exidx     0x000000000800be38        0x8 /opt/st/stm32cubeide_1.5.0/plugins/com.st.stm32cube.ide.mcu.externaltools.gnu-tools-for-stm32.7-2018-q2-update.linux64_1.5.0.202011040924/tools/bin/../lib/gcc/arm-none-eabi/7.3.1/thumb/v7-m/libgcc.a(_udivmoddi4.o)
                0x000000000800be40                __exidx_end = .
                0x000000000800be40                . = ALIGN (0x4)

.rel.dyn        0x000000000800be40        0x0
 .rel.iplt      0x000000000800be40        0x0 /opt/st/stm32cubeide_1.5.0/plugins/com.st.stm32cube.ide.mcu.externaltools.gnu-tools-for-stm32.7-2018-q2-update.linux64_1.5.0.202011040924/tools/bin/../lib/gcc/arm-none-eabi/7.3.1/thumb/v7-m/crtbegin.o

.preinit_array  0x000000000800be40        0x0
                0x000000000800be40                . = ALIGN (0x4)
                0x000000000800be40                PROVIDE (__preinit_array_start = .)
 *(.preinit_array*)
                0x000000000800be40                PROVIDE (__preinit_array_end = .)
                0x000000000800be40                . = ALIGN (0x4)

.init_array     0x000000000800be40        0xc
                0x000000000800be40                . = ALIGN (0x4)
                0x000000000800be40                PROVIDE (__init_array_start = .)
 *(SORT_BY_NAME(.init_array.*))
 *(.init_array*)
 .init_array    0x000000000800be40        0x4 /opt/st/stm32cubeide_1.5.0/plugins/com.st.stm32cube.ide.mcu.externaltools.gnu-tools-for-stm32.7-2018-q2-update.linux64_1.5.0.202011040924/tools/bin/../lib/gcc/arm-none-eabi/7.3.1/thumb/v7-m/crtbegin.o
 .init_array    0x000000000800be44        0x4 Core/LoRa-module/LoRa.o
 .init_array    0x000000000800be48        0x4 Core/LoRa-module/LoRa_register_data.o
                0x000000000800be4c                PROVIDE (__init_array_end = .)
                0x000000000800be4c                . = ALIGN (0x4)

.fini_array     0x000000000800be4c        0x8
                0x000000000800be4c                . = ALIGN (0x4)
                [!provide]                        PROVIDE (__fini_array_start = .)
 *(SORT_BY_NAME(.fini_array.*))
 *(.fini_array*)
 .fini_array    0x000000000800be4c        0x4 /opt/st/stm32cubeide_1.5.0/plugins/com.st.stm32cube.ide.mcu.externaltools.gnu-tools-for-stm32.7-2018-q2-update.linux64_1.5.0.202011040924/tools/bin/../lib/gcc/arm-none-eabi/7.3.1/thumb/v7-m/crtbegin.o
 .fini_array    0x000000000800be50        0x4 Core/LoRa-module/LoRa.o
                [!provide]                        PROVIDE (__fini_array_end = .)
                0x000000000800be54                . = ALIGN (0x4)
                0x000000000800be54                _sidata = LOADADDR (.data)

.data           0x0000000020000000       0xd4 load address 0x000000000800be54
                0x0000000020000000                . = ALIGN (0x4)
                0x0000000020000000                _sdata = .
 *(.data)
 *(.data*)
 .data.reserv_detection_optimize
                0x0000000020000000        0x4 Core/LoRa-module/LoRa_register_data.o
                0x0000000020000000                reserv_detection_optimize
 .data.reserv_detection_threshold
                0x0000000020000004        0x4 Core/LoRa-module/LoRa_register_data.o
                0x0000000020000004                reserv_detection_threshold
 .data.reserv_lna_boost_hf
                0x0000000020000008        0x8 Core/LoRa-module/LoRa_register_data.o
                0x0000000020000008                reserv_lna_boost_hf
 .data.reserv_pa_dac
                0x0000000020000010        0x8 Core/LoRa-module/LoRa_register_data.o
                0x0000000020000010                reserv_pa_dac
 .data.dev      0x0000000020000018       0x40 Core/Src/main.o
                0x0000000020000018                dev
 .data.time     0x0000000020000058        0x1 Core/Src/main.o
                0x0000000020000058                time
 *fill*         0x0000000020000059        0x3 
 .data.SystemCoreClock
                0x000000002000005c        0x4 Core/Src/system_stm32f1xx.o
                0x000000002000005c                SystemCoreClock
 .data.uwTickFreq
                0x0000000020000060        0x1 Drivers/STM32F1xx_HAL_Driver/Src/stm32f1xx_hal.o
                0x0000000020000060                uwTickFreq
 *fill*         0x0000000020000061        0x3 
 .data.uwTickPrio
                0x0000000020000064        0x4 Drivers/STM32F1xx_HAL_Driver/Src/stm32f1xx_hal.o
                0x0000000020000064                uwTickPrio
 .data.uxCriticalNesting
                0x0000000020000068        0x4 Middlewares/Third_Party/FreeRTOS/Source/portable/GCC/ARM_CM3/port.o
 .data.__fdlib_version
                0x000000002000006c        0x1 /opt/st/stm32cubeide_1.5.0/plugins/com.st.stm32cube.ide.mcu.externaltools.gnu-tools-for-stm32.7-2018-q2-update.linux64_1.5.0.202011040924/tools/bin/../lib/gcc/arm-none-eabi/7.3.1/../../../../arm-none-eabi/lib/thumb/v7-m/libm.a(lib_a-s_lib_ver.o)
                0x000000002000006c                __fdlib_version
 *fill*         0x000000002000006d        0x3 
 .data._impure_ptr
                0x0000000020000070        0x4 /opt/st/stm32cubeide_1.5.0/plugins/com.st.stm32cube.ide.mcu.externaltools.gnu-tools-for-stm32.7-2018-q2-update.linux64_1.5.0.202011040924/tools/bin/../lib/gcc/arm-none-eabi/7.3.1/../../../../arm-none-eabi/lib/thumb/v7-m/libc_nano.a(lib_a-impure.o)
                0x0000000020000070                _impure_ptr
 .data.impure_data
                0x0000000020000074       0x60 /opt/st/stm32cubeide_1.5.0/plugins/com.st.stm32cube.ide.mcu.externaltools.gnu-tools-for-stm32.7-2018-q2-update.linux64_1.5.0.202011040924/tools/bin/../lib/gcc/arm-none-eabi/7.3.1/../../../../arm-none-eabi/lib/thumb/v7-m/libc_nano.a(lib_a-impure.o)
 *(.RamFunc)
 *(.RamFunc*)
                0x00000000200000d4                . = ALIGN (0x4)
                0x00000000200000d4                _edata = .

.igot.plt       0x00000000200000d4        0x0 load address 0x000000000800bf28
 .igot.plt      0x00000000200000d4        0x0 /opt/st/stm32cubeide_1.5.0/plugins/com.st.stm32cube.ide.mcu.externaltools.gnu-tools-for-stm32.7-2018-q2-update.linux64_1.5.0.202011040924/tools/bin/../lib/gcc/arm-none-eabi/7.3.1/thumb/v7-m/crtbegin.o
                0x00000000200000d4                . = ALIGN (0x4)

.bss            0x00000000200000d8     0x2ee8 load address 0x000000000800bf28
                0x00000000200000d8                _sbss = .
                0x00000000200000d8                __bss_start__ = _sbss
 *(.bss)
 .bss           0x00000000200000d8       0x1c /opt/st/stm32cubeide_1.5.0/plugins/com.st.stm32cube.ide.mcu.externaltools.gnu-tools-for-stm32.7-2018-q2-update.linux64_1.5.0.202011040924/tools/bin/../lib/gcc/arm-none-eabi/7.3.1/thumb/v7-m/crtbegin.o
 *(.bss*)
 *fill*         0x00000000200000f4        0x4 
 .bss.LoRa      0x00000000200000f8      0x220 Core/LoRa-module/LoRa.o
                0x00000000200000f8                LoRa
 .bss.ALL_FIELD
                0x0000000020000318      0x968 Core/LoRa-module/LoRa_register_data.o
                0x0000000020000318                ALL_FIELD
 .bss.AccessSharedReg
                0x0000000020000c80       0x1c Core/LoRa-module/LoRa_register_data.o
                0x0000000020000c80                AccessSharedReg
 .bss.AgcAutoOn
                0x0000000020000c9c       0x1c Core/LoRa-module/LoRa_register_data.o
                0x0000000020000c9c                AgcAutoOn
 .bss.AgcReferenceLevel
                0x0000000020000cb8       0x1c Core/LoRa-module/LoRa_register_data.o
                0x0000000020000cb8                AgcReferenceLevel
 .bss.AgcStep1  0x0000000020000cd4       0x1c Core/LoRa-module/LoRa_register_data.o
                0x0000000020000cd4                AgcStep1
 .bss.AgcStep2  0x0000000020000cf0       0x1c Core/LoRa-module/LoRa_register_data.o
                0x0000000020000cf0                AgcStep2
 .bss.AgcStep3  0x0000000020000d0c       0x1c Core/LoRa-module/LoRa_register_data.o
                0x0000000020000d0c                AgcStep3
 .bss.AgcStep4  0x0000000020000d28       0x1c Core/LoRa-module/LoRa_register_data.o
                0x0000000020000d28                AgcStep4
 .bss.AgcStep5  0x0000000020000d44       0x1c Core/LoRa-module/LoRa_register_data.o
                0x0000000020000d44                AgcStep5
 .bss.BitRateFrac
                0x0000000020000d60       0x1c Core/LoRa-module/LoRa_register_data.o
                0x0000000020000d60                BitRateFrac
 .bss.Bw        0x0000000020000d7c       0x1c Core/LoRa-module/LoRa_register_data.o
                0x0000000020000d7c                Bw
 .bss.CadDetected
                0x0000000020000d98       0x1c Core/LoRa-module/LoRa_register_data.o
                0x0000000020000d98                CadDetected
 .bss.CadDetectedMask
                0x0000000020000db4       0x1c Core/LoRa-module/LoRa_register_data.o
                0x0000000020000db4                CadDetectedMask
 .bss.CadDone   0x0000000020000dd0       0x1c Core/LoRa-module/LoRa_register_data.o
                0x0000000020000dd0                CadDone
 .bss.CadDoneMask
                0x0000000020000dec       0x1c Core/LoRa-module/LoRa_register_data.o
                0x0000000020000dec                CadDoneMask
 .bss.CodingRate
                0x0000000020000e08       0x1c Core/LoRa-module/LoRa_register_data.o
                0x0000000020000e08                CodingRate
 .bss.CrcOnPayload
                0x0000000020000e24       0x1c Core/LoRa-module/LoRa_register_data.o
                0x0000000020000e24                CrcOnPayload
 .bss.DetectionOptimize
                0x0000000020000e40       0x1c Core/LoRa-module/LoRa_register_data.o
                0x0000000020000e40                DetectionOptimize
 .bss.DetectionThreshold
                0x0000000020000e5c       0x1c Core/LoRa-module/LoRa_register_data.o
                0x0000000020000e5c                DetectionThreshold
 .bss.Dio0Mapping
                0x0000000020000e78       0x1c Core/LoRa-module/LoRa_register_data.o
                0x0000000020000e78                Dio0Mapping
 .bss.Dio1Mapping
                0x0000000020000e94       0x1c Core/LoRa-module/LoRa_register_data.o
                0x0000000020000e94                Dio1Mapping
 .bss.Dio2Mapping
                0x0000000020000eb0       0x1c Core/LoRa-module/LoRa_register_data.o
                0x0000000020000eb0                Dio2Mapping
 .bss.Dio3Mapping
                0x0000000020000ecc       0x1c Core/LoRa-module/LoRa_register_data.o
                0x0000000020000ecc                Dio3Mapping
 .bss.Dio4Mapping
                0x0000000020000ee8       0x1c Core/LoRa-module/LoRa_register_data.o
                0x0000000020000ee8                Dio4Mapping
 .bss.Dio5Mapping
                0x0000000020000f04       0x1c Core/LoRa-module/LoRa_register_data.o
                0x0000000020000f04                Dio5Mapping
 .bss.FastHopOn
                0x0000000020000f20       0x1c Core/LoRa-module/LoRa_register_data.o
                0x0000000020000f20                FastHopOn
 .bss.FhssChangeChannel
                0x0000000020000f3c       0x1c Core/LoRa-module/LoRa_register_data.o
                0x0000000020000f3c                FhssChangeChannel
 .bss.FhssChangeChannelMask
                0x0000000020000f58       0x1c Core/LoRa-module/LoRa_register_data.o
                0x0000000020000f58                FhssChangeChannelMask
 .bss.FhssPresentChannel
                0x0000000020000f74       0x1c Core/LoRa-module/LoRa_register_data.o
                0x0000000020000f74                FhssPresentChannel
 .bss.Fifo      0x0000000020000f90       0x1c Core/LoRa-module/LoRa_register_data.o
                0x0000000020000f90                Fifo
 .bss.FifoAddrPtr
                0x0000000020000fac       0x1c Core/LoRa-module/LoRa_register_data.o
                0x0000000020000fac                FifoAddrPtr
 .bss.FifoRxBaseAddr
                0x0000000020000fc8       0x1c Core/LoRa-module/LoRa_register_data.o
                0x0000000020000fc8                FifoRxBaseAddr
 .bss.FifoRxByteAddrPtr
                0x0000000020000fe4       0x1c Core/LoRa-module/LoRa_register_data.o
                0x0000000020000fe4                FifoRxByteAddrPtr
 .bss.FifoRxBytesNb
                0x0000000020001000       0x1c Core/LoRa-module/LoRa_register_data.o
                0x0000000020001000                FifoRxBytesNb
 .bss.FifoRxCurrentAddr
                0x000000002000101c       0x1c Core/LoRa-module/LoRa_register_data.o
                0x000000002000101c                FifoRxCurrentAddr
 .bss.FifoTxBaseAddr
                0x0000000020001038       0x1c Core/LoRa-module/LoRa_register_data.o
                0x0000000020001038                FifoTxBaseAddr
 .bss.FormerTemp
                0x0000000020001054       0x1c Core/LoRa-module/LoRa_register_data.o
                0x0000000020001054                FormerTemp
 .bss.FreqError
                0x0000000020001070       0x1c Core/LoRa-module/LoRa_register_data.o
                0x0000000020001070                FreqError
 .bss.FreqHoppingPeriod
                0x000000002000108c       0x1c Core/LoRa-module/LoRa_register_data.o
                0x000000002000108c                FreqHoppingPeriod
 .bss.Frf       0x00000000200010a8       0x1c Core/LoRa-module/LoRa_register_data.o
                0x00000000200010a8                Frf
 .bss.ImplicitHeaderModeOn
                0x00000000200010c4       0x1c Core/LoRa-module/LoRa_register_data.o
                0x00000000200010c4                ImplicitHeaderModeOn
 .bss.InvertIQ  0x00000000200010e0       0x1c Core/LoRa-module/LoRa_register_data.o
                0x00000000200010e0                InvertIQ
 .bss.LnaBoostHf
                0x00000000200010fc       0x1c Core/LoRa-module/LoRa_register_data.o
                0x00000000200010fc                LnaBoostHf
 .bss.LnaBoostLf
                0x0000000020001118       0x1c Core/LoRa-module/LoRa_register_data.o
                0x0000000020001118                LnaBoostLf
 .bss.LnaGain   0x0000000020001134       0x1c Core/LoRa-module/LoRa_register_data.o
                0x0000000020001134                LnaGain
 .bss.LongRangeMode
                0x0000000020001150       0x1c Core/LoRa-module/LoRa_register_data.o
                0x0000000020001150                LongRangeMode
 .bss.LowDataRateOptimize
                0x000000002000116c       0x1c Core/LoRa-module/LoRa_register_data.o
                0x000000002000116c                LowDataRateOptimize
 .bss.LowFrequencyModeOn
                0x0000000020001188       0x1c Core/LoRa-module/LoRa_register_data.o
                0x0000000020001188                LowFrequencyModeOn
 .bss.MapPreambleDetect
                0x00000000200011a4       0x1c Core/LoRa-module/LoRa_register_data.o
                0x00000000200011a4                MapPreambleDetect
 .bss.MaxPower  0x00000000200011c0       0x1c Core/LoRa-module/LoRa_register_data.o
                0x00000000200011c0                MaxPower
 .bss.Mode      0x00000000200011dc       0x1c Core/LoRa-module/LoRa_register_data.o
                0x00000000200011dc                Mode
 .bss.ModemStatus
                0x00000000200011f8       0x1c Core/LoRa-module/LoRa_register_data.o
                0x00000000200011f8                ModemStatus
 .bss.OcpOn     0x0000000020001214       0x1c Core/LoRa-module/LoRa_register_data.o
                0x0000000020001214                OcpOn
 .bss.OcpTrim   0x0000000020001230       0x1c Core/LoRa-module/LoRa_register_data.o
                0x0000000020001230                OcpTrim
 .bss.OutputPower
                0x000000002000124c       0x1c Core/LoRa-module/LoRa_register_data.o
                0x000000002000124c                OutputPower
 .bss.PaDac     0x0000000020001268       0x1c Core/LoRa-module/LoRa_register_data.o
                0x0000000020001268                PaDac
 .bss.PaRamp    0x0000000020001284       0x1c Core/LoRa-module/LoRa_register_data.o
                0x0000000020001284                PaRamp
 .bss.PaSelect  0x00000000200012a0       0x1c Core/LoRa-module/LoRa_register_data.o
                0x00000000200012a0                PaSelect
 .bss.PacketRssi
                0x00000000200012bc       0x1c Core/LoRa-module/LoRa_register_data.o
                0x00000000200012bc                PacketRssi
 .bss.PacketSnr
                0x00000000200012d8       0x1c Core/LoRa-module/LoRa_register_data.o
                0x00000000200012d8                PacketSnr
 .bss.PayloadCrcError
                0x00000000200012f4       0x1c Core/LoRa-module/LoRa_register_data.o
                0x00000000200012f4                PayloadCrcError
 .bss.PayloadCrcErrorMask
                0x0000000020001310       0x1c Core/LoRa-module/LoRa_register_data.o
                0x0000000020001310                PayloadCrcErrorMask
 .bss.PayloadLength
                0x000000002000132c       0x1c Core/LoRa-module/LoRa_register_data.o
                0x000000002000132c                PayloadLength
 .bss.PayloadMaxLength
                0x0000000020001348       0x1c Core/LoRa-module/LoRa_register_data.o
                0x0000000020001348                PayloadMaxLength
 .bss.PllBandwidth
                0x0000000020001364       0x1c Core/LoRa-module/LoRa_register_data.o
                0x0000000020001364                PllBandwidth
 .bss.PllTimeout
                0x0000000020001380       0x1c Core/LoRa-module/LoRa_register_data.o
                0x0000000020001380                PllTimeout
 .bss.PpmCorrection
                0x000000002000139c       0x1c Core/LoRa-module/LoRa_register_data.o
                0x000000002000139c                PpmCorrection
 .bss.PreambleLength
                0x00000000200013b8       0x1c Core/LoRa-module/LoRa_register_data.o
                0x00000000200013b8                PreambleLength
 .bss.Rssi      0x00000000200013d4       0x1c Core/LoRa-module/LoRa_register_data.o
                0x00000000200013d4                Rssi
 .bss.RssiWideband
                0x00000000200013f0       0x1c Core/LoRa-module/LoRa_register_data.o
                0x00000000200013f0                RssiWideband
 .bss.RxCodingRate
                0x000000002000140c       0x1c Core/LoRa-module/LoRa_register_data.o
                0x000000002000140c                RxCodingRate
 .bss.RxDone    0x0000000020001428       0x1c Core/LoRa-module/LoRa_register_data.o
                0x0000000020001428                RxDone
 .bss.RxDoneMask
                0x0000000020001444       0x1c Core/LoRa-module/LoRa_register_data.o
                0x0000000020001444                RxDoneMask
 .bss.RxPayloadCrcOn
                0x0000000020001460       0x1c Core/LoRa-module/LoRa_register_data.o
                0x0000000020001460                RxPayloadCrcOn
 .bss.RxTimeout
                0x000000002000147c       0x1c Core/LoRa-module/LoRa_register_data.o
                0x000000002000147c                RxTimeout
 .bss.RxTimeoutMask
                0x0000000020001498       0x1c Core/LoRa-module/LoRa_register_data.o
                0x0000000020001498                RxTimeoutMask
 .bss.SpreadingFactor
                0x00000000200014b4       0x1c Core/LoRa-module/LoRa_register_data.o
                0x00000000200014b4                SpreadingFactor
 .bss.SymbTimeout
                0x00000000200014d0       0x1c Core/LoRa-module/LoRa_register_data.o
                0x00000000200014d0                SymbTimeout
 .bss.SyncWord  0x00000000200014ec       0x1c Core/LoRa-module/LoRa_register_data.o
                0x00000000200014ec                SyncWord
 .bss.TcxoInputOn
                0x0000000020001508       0x1c Core/LoRa-module/LoRa_register_data.o
                0x0000000020001508                TcxoInputOn
 .bss.TxContinuousMode
                0x0000000020001524       0x1c Core/LoRa-module/LoRa_register_data.o
                0x0000000020001524                TxContinuousMode
 .bss.TxDone    0x0000000020001540       0x1c Core/LoRa-module/LoRa_register_data.o
                0x0000000020001540                TxDone
 .bss.TxDoneMask
                0x000000002000155c       0x1c Core/LoRa-module/LoRa_register_data.o
                0x000000002000155c                TxDoneMask
 .bss.ValidHeader
                0x0000000020001578       0x1c Core/LoRa-module/LoRa_register_data.o
                0x0000000020001578                ValidHeader
 .bss.ValidHeaderCnt
                0x0000000020001594       0x1c Core/LoRa-module/LoRa_register_data.o
                0x0000000020001594                ValidHeaderCnt
 .bss.ValidHeaderMask
                0x00000000200015b0       0x1c Core/LoRa-module/LoRa_register_data.o
                0x00000000200015b0                ValidHeaderMask
 .bss.ValidPacketCnt
                0x00000000200015cc       0x1c Core/LoRa-module/LoRa_register_data.o
                0x00000000200015cc                ValidPacketCnt
 .bss.Version   0x00000000200015e8       0x1c Core/LoRa-module/LoRa_register_data.o
                0x00000000200015e8                Version
 .bss.reg_access_shared_reg
                0x0000000020001604        0x8 Core/LoRa-module/LoRa_register_data.o
                0x0000000020001604                reg_access_shared_reg
 .bss.reg_agc_auto_on
                0x000000002000160c        0x8 Core/LoRa-module/LoRa_register_data.o
                0x000000002000160c                reg_agc_auto_on
 .bss.reg_agc_reference_level
                0x0000000020001614        0x8 Core/LoRa-module/LoRa_register_data.o
                0x0000000020001614                reg_agc_reference_level
 .bss.reg_agc_step1
                0x000000002000161c        0x8 Core/LoRa-module/LoRa_register_data.o
                0x000000002000161c                reg_agc_step1
 .bss.reg_agc_step2
                0x0000000020001624        0x8 Core/LoRa-module/LoRa_register_data.o
                0x0000000020001624                reg_agc_step2
 .bss.reg_agc_step3
                0x000000002000162c        0x8 Core/LoRa-module/LoRa_register_data.o
                0x000000002000162c                reg_agc_step3
 .bss.reg_agc_step4
                0x0000000020001634        0x8 Core/LoRa-module/LoRa_register_data.o
                0x0000000020001634                reg_agc_step4
 .bss.reg_agc_step5