GrowTimer_LoRa_module.c:20:6:lora_module_send_packet	8	static
GrowTimer_LoRa_module.c:27:6:lora_module_recieve_packet	40	static
GrowTimer_LoRa_module.c:41:6:lora_module_create_adr	16	static
GrowTimer_LoRa_module.c:51:6:lora_module_my_packet	0	static
GrowTimer_LoRa_module.c:74:9:lora_module_reciv_packet_connect	4	static
GrowTimer_LoRa_module.c:93:6:lora_module_send_packet_connect	16	static
GrowTimer_LoRa_module.c:123:6:lora_module_send_packet_read_data	24	static
GrowTimer_LoRa_module.c:152:6:lora_module_send_regist_packet	16	static
GrowTimer_LoRa_module.c:192:6:lora_module_reciv_regist_packet	16	static
GrowTimer_LoRa_module.c:216:6:lora_module_reciv_packet_use_device	24	static
GrowTimer_LoRa_module.c:245:20:lora_module_init	112	static
GrowTimer_LoRa_module.c:270:6:lora_module_introduce	0	static
GrowTimer_LoRa_module.c:274:6:lora_module_work	40	static
