GrowTimer_LoRa_module.c:20:6:lora_module_send_packet	8	static
GrowTimer_LoRa_module.c:28:6:lora_module_recieve_packet	40	static
GrowTimer_LoRa_module.c:42:6:lora_module_create_adr	16	static
GrowTimer_LoRa_module.c:52:6:lora_module_my_packet	0	static
GrowTimer_LoRa_module.c:75:9:lora_module_reciv_packet_connect	4	static
GrowTimer_LoRa_module.c:94:6:lora_module_send_packet_connect	16	static
GrowTimer_LoRa_module.c:124:6:lora_module_send_packet_read_data	24	static
GrowTimer_LoRa_module.c:153:6:lora_module_send_regist_packet	24	static
GrowTimer_LoRa_module.c:197:6:lora_module_reciv_regist_packet	16	static
GrowTimer_LoRa_module.c:221:6:lora_module_reciv_packet_use_device	24	static
GrowTimer_LoRa_module.c:250:20:lora_module_init	112	static
GrowTimer_LoRa_module.c:275:6:lora_module_introduce	0	static
GrowTimer_LoRa_module.c:279:6:lora_module_work	40	static
