tasks.c:1024:13:prvAddNewTaskToReadyList	24	static,ignoring_inline_asm
tasks.c:820:13:prvInitialiseNewTask.isra.2	40	static
tasks.c:4909:13:prvAddCurrentTaskToDelayedList	24	static
tasks.c:3221:8:prvIdleTask	8	static,ignoring_inline_asm
tasks.c:578:15:xTaskCreateStatic	48	static,ignoring_inline_asm
tasks.c:729:13:xTaskCreate	32	static
tasks.c:1109:7:vTaskDelete	16	static,ignoring_inline_asm
tasks.c:1330:13:eTaskGetState	16	static,ignoring_inline_asm
tasks.c:1401:14:uxTaskPriorityGet	8	static
tasks.c:1423:14:uxTaskPriorityGetFromISR	8	static,ignoring_inline_asm
tasks.c:1463:7:vTaskPrioritySet	24	static,ignoring_inline_asm
tasks.c:1627:7:vTaskSuspend	16	static,ignoring_inline_asm
tasks.c:1774:7:vTaskResume	16	static,ignoring_inline_asm
tasks.c:1828:13:xTaskResumeFromISR	24	static,ignoring_inline_asm
tasks.c:1898:6:vTaskStartScheduler	56	static,ignoring_inline_asm
tasks.c:2018:6:vTaskEndScheduler	0	static,ignoring_inline_asm
tasks.c:2029:6:vTaskSuspendAll	0	static
tasks.c:2212:12:xTaskGetTickCount	0	static
tasks.c:2227:12:xTaskGetTickCountFromISR	8	static
tasks.c:2258:13:uxTaskGetNumberOfTasks	0	static
tasks.c:2266:7:pcTaskGetName	0	static,ignoring_inline_asm
tasks.c:2586:12:xTaskIncrementTick	40	static,ignoring_inline_asm
tasks.c:2102:12:xTaskResumeAll	32	static,ignoring_inline_asm
tasks.c:1201:7:vTaskDelayUntil	8	static,ignoring_inline_asm
tasks.c:1285:7:vTaskDelay	8	static,ignoring_inline_asm
tasks.c:2406:14:uxTaskGetSystemState	56	static
tasks.c:2848:6:vTaskSwitchContext	16	static,ignoring_inline_asm
tasks.c:2907:6:vTaskPlaceOnEventList	16	static,ignoring_inline_asm
tasks.c:2924:6:vTaskPlaceOnUnorderedEventList	16	static,ignoring_inline_asm
tasks.c:2950:7:vTaskPlaceOnEventListRestricted	16	static,ignoring_inline_asm
tasks.c:2981:12:xTaskRemoveFromEventList	16	static,ignoring_inline_asm
tasks.c:3049:6:vTaskRemoveFromUnorderedEventList	16	static,ignoring_inline_asm
tasks.c:3083:6:vTaskSetTimeOutState	8	static,ignoring_inline_asm
tasks.c:3095:6:vTaskInternalSetTimeOutState	0	static
tasks.c:3103:12:xTaskCheckForTimeOut	24	static,ignoring_inline_asm
tasks.c:3166:6:vTaskMissedYield	0	static
tasks.c:3174:14:uxTaskGetTaskNumber	0	static
tasks.c:3197:7:vTaskSetTaskNumber	0	static
tasks.c:3496:7:vTaskGetInfo	24	static
tasks.c:3645:14:uxTaskGetStackHighWaterMark	0	static
tasks.c:3753:15:xTaskGetCurrentTaskHandle	0	static
tasks.c:3770:13:xTaskGetSchedulerState	0	static
tasks.c:3798:13:xTaskPriorityInherit	24	static
tasks.c:3885:13:xTaskPriorityDisinherit	16	static,ignoring_inline_asm
tasks.c:3965:7:vTaskPriorityDisinheritAfterTimeout	16	static,ignoring_inline_asm
tasks.c:4156:7:vTaskList	48	static
tasks.c:4254:7:vTaskGetRunTimeStats	48	static
tasks.c:4379:12:uxTaskResetEventItemValue	0	static
tasks.c:4395:8:pvTaskIncrementMutexHeldCount	0	static
tasks.c:4412:11:ulTaskNotifyTake	24	static,ignoring_inline_asm
tasks.c:4480:13:xTaskNotifyWait	24	static,ignoring_inline_asm
tasks.c:4560:13:xTaskGenericNotify	24	static,ignoring_inline_asm
tasks.c:4666:13:xTaskGenericNotifyFromISR	32	static,ignoring_inline_asm
tasks.c:4790:7:vTaskNotifyGiveFromISR	24	static,ignoring_inline_asm
tasks.c:4879:13:xTaskNotifyStateClear	16	static
