array:94:12:std::array<LoRa_packet, 15>::array()	16	static
LoRa_contact_data.cpp:75:1:LoRa_contact_data::~LoRa_contact_data()	16	static
LoRa_contact_data.cpp:90:6:bool LoRa_contact_data::init_lora_module(SPI_HandleTypeDef*)	8	static
LoRa_contact_data.cpp:97:9:uint8_t LoRa_contact_data::begin_lora_module(ulong, bool, uint8_t, uint8_t, ulong, uint8_t)	48	static
LoRa_contact_data.cpp:111:6:bool LoRa_contact_data::set_my_adr(LoRa_address)	8	static
LoRa_contact_data.cpp:117:14:LoRa_address LoRa_contact_data::get_my_adr() const	8	static
LoRa_contact_data.cpp:121:14:LoRa_address LoRa_contact_data::get_connect_adr() const	8	static
LoRa_contact_data.cpp:126:6:bool LoRa_contact_data::set_channel(uint16_t)	0	static
LoRa_contact_data.cpp:134:10:uint16_t LoRa_contact_data::get_channel() const	0	static
LoRa_contact_data.cpp:170:6:bool LoRa_contact_data::add_packet(LoRa_packet)	24	static
LoRa_contact_data.cpp:141:6:bool LoRa_contact_data::add_packet(uint8_t, uint8_t*)	24	static
LoRa_contact_data.cpp:200:6:bool LoRa_contact_data::clear_send_packet()	0	static
LoRa_contact_data.cpp:337:9:uint8_t LoRa_contact_data::get_amt_packet()	0	static
LoRa_contact_data.cpp:342:8:int8_t LoRa_contact_data::get_state_contact()	0	static
LoRa_contact_data.cpp:347:13:LoRa_packet LoRa_contact_data::get_packet()	32	static
LoRa_contact_data.cpp:386:50:std::array<LoRa_packet, 15> LoRa_contact_data::get_all_packet(uint8_t&)	16	static
LoRa_contact_data.cpp:575:6:bool LoRa_contact_data::get_signal_complete()	0	static
LoRa_contact_data.cpp:579:6:bool LoRa_contact_data::get_signal_start_connect()	0	static
LoRa_contact_data.cpp:589:6:void LoRa_contact_data::clear()	0	static
LoRa_contact_data.cpp:46:1:LoRa_contact_data::LoRa_contact_data()	16	static
LoRa_contact_data.cpp:70:1:LoRa_contact_data::LoRa_contact_data(LoRa_address)	24	static
LoRa_contact_data.cpp:612:6:void LoRa_contact_data::create_packet(uint8_t, Packet_Type)	24	static
LoRa_contact_data.cpp:627:6:bool LoRa_contact_data::create_connect_packet(uint8_t, bool)	48	static
LoRa_contact_data.cpp:224:6:bool LoRa_contact_data::init_contact(LoRa_address)	32	static
LoRa_contact_data.cpp:220:6:bool LoRa_contact_data::init_contact(uint16_t, uint16_t)	16	static
LoRa_contact_data.cpp:693:6:bool LoRa_contact_data::create_data_packet()	16	static
LoRa_contact_data.cpp:722:6:bool LoRa_contact_data::create_amt_packet()	32	static
LoRa_contact_data.cpp:757:6:bool LoRa_contact_data::create_number_packet()	56	static
LoRa_contact_data.cpp:811:6:bool LoRa_contact_data::create_reset_wait_packet()	32	static
LoRa_contact_data.cpp:832:6:bool LoRa_contact_data::create_disconnet_packet(bool)	24	static
LoRa_contact_data.cpp:864:6:bool LoRa_contact_data::packet_dont_correct(bool, bool)	32	static
LoRa_contact_data.cpp:899:6:bool LoRa_contact_data::check_packet_type(Packet_Type)	8	static
LoRa_contact_data.cpp:902:6:bool LoRa_contact_data::check_packet_type(Packet_Type, const uint8_t&)	16	static
LoRa_contact_data.cpp:912:9:int16_t LoRa_contact_data::search_num_packet(uint16_t)	24	static
LoRa_contact_data.cpp:948:9:uint8_t LoRa_contact_data::pop_num_packet(const std::array<short unsigned int, 15>&, uint8_t)	32	static
LoRa_contact_data.cpp:971:6:void LoRa_contact_data::sort_num_packet()	48	static
LoRa_contact_data.cpp:1576:10:uint32_t LoRa_contact_data::init_disconnect(Stage_control&)	0	static
LoRa_contact_data.cpp:1621:10:uint32_t LoRa_contact_data::recip_connection_queue_check(Stage_control&)	0	static
LoRa_contact_data.cpp:2259:6:void LoRa_contact_data::set_LoRa_mode_receive()	24	static
LoRa_contact_data.cpp:262:6:bool LoRa_contact_data::wait_recipient(LoRa_address)	16	static
LoRa_contact_data.cpp:310:10:uint16_t LoRa_contact_data::broadcast_receive(LoRa_address)	16	static
LoRa_contact_data.cpp:2145:10:uint32_t LoRa_contact_data::broadcast_wait_packet()	16	static
LoRa_contact_data.cpp:2271:6:void LoRa_contact_data::set_LoRa_mode_send(bool)	16	static,ignoring_inline_asm
LoRa_contact_data.cpp:234:6:bool LoRa_contact_data::start_transfer()	32	static
LoRa_contact_data.cpp:1280:10:uint32_t LoRa_contact_data::init_exchange_boardcast(Stage_control&)	8	static
LoRa_contact_data.cpp:2314:6:void LoRa_contact_data::set_LoRa_mode_sleep()	0	static
LoRa_contact_data.cpp:273:6:bool LoRa_contact_data::end_contact()	16	static
LoRa_contact_data.cpp:320:10:uint16_t LoRa_contact_data::complete_broadcast_receive()	16	static
LoRa_contact_data.cpp:2253:6:void LoRa_contact_data::contact_complete()	0	static
LoRa_contact_data.cpp:2080:10:uint32_t LoRa_contact_data::recip_disconnect(Stage_control&)	24	static
LoRa_contact_data.cpp:289:10:uint16_t LoRa_contact_data::broadcast_send(bool)	16	static
LoRa_contact_data.cpp:2183:10:uint32_t LoRa_contact_data::broadcast_send_packet()	16	static
LoRa_contact_data.cpp:405:10:uint32_t LoRa_contact_data::work_contact_system()	32	static
LoRa_contact_data.cpp:1047:10:uint32_t LoRa_contact_data::init_connection_expect(Stage_control&)	32	static
LoRa_contact_data.cpp:1187:10:uint32_t LoRa_contact_data::init_connection_wait(Stage_control&)	24	static
LoRa_contact_data.cpp:1026:10:uint32_t LoRa_contact_data::init_connection(Stage_control&)	0	static
LoRa_contact_data.cpp:1332:10:uint32_t LoRa_contact_data::init_exchange_wait_confirmation(Stage_control&)	40	static
LoRa_contact_data.cpp:1444:10:uint32_t LoRa_contact_data::init_exchange_wait_numbers(Stage_control&)	72	static
LoRa_contact_data.cpp:1254:10:uint32_t LoRa_contact_data::init_exchange(Stage_control&)	0	static
LoRa_contact_data.cpp:1669:10:uint32_t LoRa_contact_data::recip_connection_wait_request(Stage_control&)	48	static
LoRa_contact_data.cpp:1600:10:uint32_t LoRa_contact_data::recip_connection(Stage_control&)	0	static
LoRa_contact_data.cpp:1852:10:uint32_t LoRa_contact_data::recip_exchange_expect(Stage_control&)	24	static
LoRa_contact_data.cpp:1961:10:uint32_t LoRa_contact_data::recip_exchange_wait_reaction(Stage_control&)	24	static
LoRa_contact_data.cpp:1831:10:uint32_t LoRa_contact_data::recip_exchange(Stage_control&)	0	static
