LoRa_contact_data.cpp:75:1:LoRa_contact_data::~LoRa_contact_data()	16	static
LoRa_contact_data.cpp:90:6:bool LoRa_contact_data::init_lora_module(SPI_HandleTypeDef*)	8	static
LoRa_contact_data.cpp:97:9:uint8_t LoRa_contact_data::begin_lora_module(ulong, bool, uint8_t, uint8_t, ulong, uint8_t)	48	static
LoRa_contact_data.cpp:111:6:bool LoRa_contact_data::set_my_adr(LoRa_address)	8	static
LoRa_contact_data.cpp:117:14:LoRa_address LoRa_contact_data::get_my_adr()	8	static
LoRa_contact_data.cpp:121:14:LoRa_address LoRa_contact_data::get_connect_adr()	8	static
LoRa_contact_data.cpp:126:6:bool LoRa_contact_data::set_channel(uint16_t)	0	static
LoRa_contact_data.cpp:134:10:uint16_t LoRa_contact_data::get_channel()	0	static
LoRa_contact_data.cpp:170:6:bool LoRa_contact_data::add_packet(LoRa_packet)	24	static
LoRa_contact_data.cpp:141:6:bool LoRa_contact_data::add_packet(uint8_t, uint8_t*)	24	static
LoRa_contact_data.cpp:200:6:bool LoRa_contact_data::clear_send_packet()	0	static
LoRa_contact_data.cpp:335:9:uint8_t LoRa_contact_data::get_amt_packet()	0	static
LoRa_contact_data.cpp:340:8:int8_t LoRa_contact_data::get_state_contact()	0	static
LoRa_contact_data.cpp:345:13:LoRa_packet LoRa_contact_data::get_packet()	32	static
LoRa_contact_data.cpp:384:50:std::array<LoRa_packet, 15> LoRa_contact_data::get_all_packet(uint8_t&)	24	static
LoRa_contact_data.cpp:573:6:bool LoRa_contact_data::get_signal_complete()	0	static
LoRa_contact_data.cpp:577:6:bool LoRa_contact_data::get_signal_start_connect()	0	static
LoRa_contact_data.cpp:587:6:void LoRa_contact_data::clear()	0	static
LoRa_contact_data.cpp:46:1:LoRa_contact_data::LoRa_contact_data()	16	static
LoRa_contact_data.cpp:70:1:LoRa_contact_data::LoRa_contact_data(LoRa_address)	24	static
LoRa_contact_data.cpp:610:6:void LoRa_contact_data::create_packet(uint8_t, Packet_Type)	24	static
LoRa_contact_data.cpp:625:6:bool LoRa_contact_data::create_connect_packet(uint8_t, bool)	40	static
LoRa_contact_data.cpp:224:6:bool LoRa_contact_data::init_contact(LoRa_address)	32	static
LoRa_contact_data.cpp:220:6:bool LoRa_contact_data::init_contact(uint16_t, uint16_t)	16	static
LoRa_contact_data.cpp:691:6:bool LoRa_contact_data::create_data_packet()	16	static
LoRa_contact_data.cpp:720:6:bool LoRa_contact_data::create_amt_packet()	32	static
LoRa_contact_data.cpp:755:6:bool LoRa_contact_data::create_number_packet()	56	static
LoRa_contact_data.cpp:809:6:bool LoRa_contact_data::create_reset_wait_packet()	32	static
LoRa_contact_data.cpp:830:6:bool LoRa_contact_data::create_disconnet_packet(bool)	24	static
LoRa_contact_data.cpp:862:6:bool LoRa_contact_data::packet_dont_correct(bool, bool)	40	static
LoRa_contact_data.cpp:897:6:bool LoRa_contact_data::check_packet_type(Packet_Type)	8	static
LoRa_contact_data.cpp:900:6:bool LoRa_contact_data::check_packet_type(Packet_Type, const uint8_t&)	16	static
LoRa_contact_data.cpp:910:9:int16_t LoRa_contact_data::search_num_packet(uint16_t)	24	static
LoRa_contact_data.cpp:946:9:uint8_t LoRa_contact_data::pop_num_packet(const std::array<short unsigned int, 15>&, uint8_t)	32	static
LoRa_contact_data.cpp:969:6:void LoRa_contact_data::sort_num_packet()	48	static
LoRa_contact_data.cpp:1579:10:uint32_t LoRa_contact_data::init_disconnect(Stage_control&)	0	static
LoRa_contact_data.cpp:1623:10:uint32_t LoRa_contact_data::recip_connection_queue_check(Stage_control&)	0	static
LoRa_contact_data.cpp:2254:6:void LoRa_contact_data::set_LoRa_mode_receive()	24	static
LoRa_contact_data.cpp:262:6:bool LoRa_contact_data::wait_recipient(LoRa_address)	16	static
LoRa_contact_data.cpp:308:10:uint16_t LoRa_contact_data::broadcast_receive(LoRa_address)	16	static
LoRa_contact_data.cpp:2140:10:uint32_t LoRa_contact_data::broadcast_wait_packet()	8	static
LoRa_contact_data.cpp:2266:6:void LoRa_contact_data::set_LoRa_mode_send(bool)	16	static
LoRa_contact_data.cpp:234:6:bool LoRa_contact_data::start_transfer()	32	static
LoRa_contact_data.cpp:1281:10:uint32_t LoRa_contact_data::init_exchange_boardcast(Stage_control&)	8	static
LoRa_contact_data.cpp:2309:6:void LoRa_contact_data::set_LoRa_mode_sleep()	8	static
LoRa_contact_data.cpp:273:6:bool LoRa_contact_data::end_contact()	8	static
LoRa_contact_data.cpp:318:10:uint16_t LoRa_contact_data::complete_broadcast_receive()	8	static
LoRa_contact_data.cpp:2248:6:void LoRa_contact_data::contact_complete()	8	static
LoRa_contact_data.cpp:2075:10:uint32_t LoRa_contact_data::recip_disconnect(Stage_control&)	24	static
LoRa_contact_data.cpp:287:10:uint16_t LoRa_contact_data::broadcast_send(bool)	16	static
LoRa_contact_data.cpp:2178:10:uint32_t LoRa_contact_data::broadcast_send_packet()	8	static
LoRa_contact_data.cpp:403:10:uint32_t LoRa_contact_data::work_contact_system()	24	static
LoRa_contact_data.cpp:1045:10:uint32_t LoRa_contact_data::init_connection_expect(Stage_control&)	32	static
LoRa_contact_data.cpp:1186:10:uint32_t LoRa_contact_data::init_connection_wait(Stage_control&)	24	static
LoRa_contact_data.cpp:1024:10:uint32_t LoRa_contact_data::init_connection(Stage_control&)	8	static
LoRa_contact_data.cpp:1334:10:uint32_t LoRa_contact_data::init_exchange_wait_confirmation(Stage_control&)	24	static
LoRa_contact_data.cpp:1446:10:uint32_t LoRa_contact_data::init_exchange_wait_numbers(Stage_control&)	72	static
LoRa_contact_data.cpp:1255:10:uint32_t LoRa_contact_data::init_exchange(Stage_control&)	8	static
LoRa_contact_data.cpp:1671:10:uint32_t LoRa_contact_data::recip_connection_wait_request(Stage_control&)	32	static
LoRa_contact_data.cpp:1603:10:uint32_t LoRa_contact_data::recip_connection(Stage_control&)	8	static
LoRa_contact_data.cpp:1853:10:uint32_t LoRa_contact_data::recip_exchange_expect(Stage_control&)	24	static
LoRa_contact_data.cpp:1956:10:uint32_t LoRa_contact_data::recip_exchange_wait_reaction(Stage_control&)	24	static
LoRa_contact_data.cpp:1833:10:uint32_t LoRa_contact_data::recip_exchange(Stage_control&)	8	static
