stl_uninitialized.h:305:5:_ForwardIterator std::__uninitialized_move_if_noexcept_a(_InputIterator, _InputIterator, _ForwardIterator, _Allocator&) [with _InputIterator = std::vector<unsigned char>*; _ForwardIterator = std::vector<unsigned char>*; _Allocator = std::allocator<std::vector<unsigned char> >]	20	static
stl_bvector.h:84:5:std::_Bit_reference& std::_Bit_reference::operator=(bool)	8	static
stl_bvector.h:94:5:std::_Bit_reference& std::_Bit_reference::operator=(const std::_Bit_reference&)	8	static
stl_bvector.h:146:5:void std::_Bit_iterator_base::_M_bump_up()	0	static
LoRa_contact_data.cpp:41:6:void LoRa_contact_data::init(SPI_HandleTypeDef*)	0	static
LoRa_contact_data.cpp:45:9:uint8_t LoRa_contact_data::begin_lora_module(long unsigned int, bool, uint8_t, uint8_t, long unsigned int, uint8_t)	48	static
LoRa_contact_data.cpp:55:6:bool LoRa_contact_data::set_my_adr(LoRa_address)	8	static
LoRa_contact_data.cpp:61:14:LoRa_address LoRa_contact_data::get_my_adr()	8	static
LoRa_contact_data.cpp:65:14:LoRa_address LoRa_contact_data::get_connect_adr()	8	static
LoRa_contact_data.cpp:70:6:bool LoRa_contact_data::set_channel(uint16_t)	0	static
LoRa_contact_data.cpp:78:10:uint16_t LoRa_contact_data::get_channel()	0	static
LoRa_contact_data.cpp:222:9:uint8_t LoRa_contact_data::get_amt_packet()	0	static
LoRa_contact_data.cpp:227:8:int8_t LoRa_contact_data::get_state_contact()	0	static
LoRa_contact_data.cpp:251:35:std::vector<std::vector<unsigned char> > LoRa_contact_data::get_all_packet()	0	static
LoRa_contact_data.cpp:425:6:bool LoRa_contact_data::get_signal_complete()	0	static
LoRa_contact_data.cpp:451:6:void LoRa_contact_data::create_packet(uint8_t, uint8_t)	16	static
LoRa_contact_data.cpp:460:6:bool LoRa_contact_data::create_connect_packet(uint8_t, bool)	32	static
LoRa_contact_data.cpp:538:6:bool LoRa_contact_data::create_amt_packet()	24	static
LoRa_contact_data.cpp:610:6:bool LoRa_contact_data::create_reset_wait_packet()	24	static
LoRa_contact_data.cpp:629:6:bool LoRa_contact_data::create_disconnet_packet(bool)	16	static
LoRa_contact_data.cpp:660:6:bool LoRa_contact_data::packet_dont_correct(bool, bool)	32	static
LoRa_contact_data.cpp:677:6:bool LoRa_contact_data::check_packet_type(uint8_t, std::vector<unsigned char>)	8	static
LoRa_contact_data.cpp:1181:10:uint16_t LoRa_contact_data::init_disconnect()	0	static
LoRa_contact_data.cpp:1697:6:void LoRa_contact_data::set_LoRa_mode_receive()	32	static
LoRa_contact_data.cpp:171:6:bool LoRa_contact_data::wait_recipient(LoRa_address)	16	static
LoRa_contact_data.cpp:1735:6:void LoRa_contact_data::set_LoRa_mode_sleep()	0	static
LoRa_contact_data.cpp:1693:6:void LoRa_contact_data::contact_complete()	0	static
stl_bvector.h:831:5:std::vector<bool, _Alloc>::size_type std::vector<bool, _Alloc>::size() const [with _Alloc = std::allocator<bool>]	0	static
stl_vector.h:161:7:std::_Vector_base<_Tp, _Alloc>::~_Vector_base() [with _Tp = unsigned char; _Alloc = std::allocator<unsigned char>]	8	static
LoRa_contact_data.cpp:1703:6:void LoRa_contact_data::set_LoRa_mode_send(bool)	32	static
LoRa_contact_data.cpp:154:6:bool LoRa_contact_data::start_transfer()	24	static
LoRa_contact_data.cpp:1225:10:uint16_t LoRa_contact_data::recip_connection_queue_check()	8	static
stl_vector.h:1247:7:void std::vector<_Tp, _Alloc>::clear() [with _Tp = std::vector<unsigned char>; _Alloc = std::allocator<std::vector<unsigned char> >]	24	static
LoRa_contact_data.cpp:126:6:bool LoRa_contact_data::clear_send_packet()	8	static
LoRa_contact_data.cpp:435:6:void LoRa_contact_data::clear()	8	static
LoRa_contact_data.cpp:144:6:bool LoRa_contact_data::init_contact(LoRa_address)	32	static
LoRa_contact_data.cpp:140:6:bool LoRa_contact_data::init_contact(uint16_t, uint16_t)	16	static
LoRa_contact_data.cpp:199:10:uint16_t LoRa_contact_data::broadcast_receive(LoRa_address)	16	static
LoRa_contact_data.cpp:208:10:uint16_t LoRa_contact_data::complete_broadcast_receive()	8	static
LoRa_contact_data.cpp:7:1:LoRa_contact_data::LoRa_contact_data()	16	static
LoRa_contact_data.cpp:31:1:LoRa_contact_data::LoRa_contact_data(LoRa_address)	24	static
stl_vector.h:433:7:std::vector<_Tp, _Alloc>::~vector() [with _Tp = std::vector<unsigned char>; _Alloc = std::allocator<std::vector<unsigned char> >]	16	static
vector.tcc:153:5:std::vector<_Tp, _Alloc>::iterator std::vector<_Tp, _Alloc>::_M_erase(std::vector<_Tp, _Alloc>::iterator) [with _Tp = std::vector<unsigned char>; _Alloc = std::allocator<std::vector<unsigned char> >]	40	static
stl_vector.h:144:7:std::_Vector_base<_Tp, _Alloc>::_Vector_base(std::_Vector_base<_Tp, _Alloc>&&) [with _Tp = unsigned char; _Alloc = std::allocator<unsigned char>]	8	static
stl_bvector.h:495:7:void std::_Bvector_base<_Alloc>::_M_deallocate() [with _Alloc = std::allocator<bool>]	8	static
LoRa_contact_data.cpp:36:1:LoRa_contact_data::~LoRa_contact_data()	8	static
vector.tcc:793:5:void std::vector<bool, _Alloc>::_M_insert_aux(std::vector<bool, _Alloc>::iterator, bool) [with _Alloc = std::allocator<bool>]	112	static
stl_bvector.h:923:5:void std::vector<bool, _Alloc>::push_back(bool) [with _Alloc = std::allocator<bool>]	32	static
vector.tcc:394:7:) [with _Args = {std::vector<unsigned char, std::allocator<unsigned char> >}; _Tp = std::vector<unsigned char>; _Alloc = std::allocator<std::vector<unsigned char> >]	32	static
vector.tcc:95:7:) [with _Args = {std::vector<unsigned char, std::allocator<unsigned char> >}; _Tp = std::vector<unsigned char>; _Alloc = std::allocator<std::vector<unsigned char> >]	16	static
LoRa_contact_data.cpp:109:6:bool LoRa_contact_data::add_packet(const Exchange_packet&)	32	static
LoRa_contact_data.cpp:1606:10:uint16_t LoRa_contact_data::broadcast_wait_packet()	32	static
vector.tcc:394:7:) [with _Args = {short unsigned int}; _Tp = short unsigned int; _Alloc = std::allocator<short unsigned int>]	32	static
vector.tcc:394:7:) [with _Args = {LoRa_address}; _Tp = LoRa_address; _Alloc = std::allocator<LoRa_address>]	32	static
stl_algobase.h:357:9:static _Tp* std::__copy_move<_IsMove, true, std::random_access_iterator_tag>::__copy_m(const _Tp*, const _Tp*, _Tp*) [with _Tp = unsigned char; bool _IsMove = false]	8	static
vector.tcc:179:5:std::vector<_Tp, _Alloc>& std::vector<_Tp, _Alloc>::operator=(const std::vector<_Tp, _Alloc>&) [with _Tp = unsigned char; _Alloc = std::allocator<unsigned char>]	24	static
LoRa_contact_data.cpp:232:22:std::vector<unsigned char> LoRa_contact_data::get_packet()	32	static
stl_vector.h:326:7:std::vector<_Tp, _Alloc>::vector(const std::vector<_Tp, _Alloc>&) [with _Tp = unsigned char; _Alloc = std::allocator<unsigned char>]	16	static
LoRa_contact_data.cpp:516:6:bool LoRa_contact_data::create_data_packet()	40	static
LoRa_contact_data.cpp:184:10:uint16_t LoRa_contact_data::broadcast_send(bool)	16	static
LoRa_contact_data.cpp:954:10:uint16_t LoRa_contact_data::init_exchange_boardcast()	24	static
LoRa_contact_data.cpp:1637:10:uint16_t LoRa_contact_data::broadcast_send_packet()	24	static
LoRa_contact_data.cpp:568:6:bool LoRa_contact_data::create_number_packet()	56	static
LoRa_contact_data.cpp:690:9:int16_t LoRa_contact_data::search_num_packet(uint16_t)	56	static
LoRa_contact_data.cpp:700:9:uint8_t LoRa_contact_data::pop_num_packet(std::vector<short unsigned int>)	24	static
LoRa_contact_data.cpp:715:6:void LoRa_contact_data::sort_num_packet()	80	static
LoRa_contact_data.cpp:91:6:bool LoRa_contact_data::add_packet(std::vector<unsigned char>, uint8_t)	48	static
LoRa_contact_data.cpp:85:6:bool LoRa_contact_data::add_packet(uint8_t, uint8_t*, uint8_t)	72	static
LoRa_contact_data.cpp:97:9:uint8_t LoRa_contact_data::add_packet(std::vector<std::vector<unsigned char> >, std::vector<unsigned char>)	64	static
stl_vector.h:1319:2:void std::vector<_Tp, _Alloc>::_M_range_initialize(_ForwardIterator, _ForwardIterator, std::forward_iterator_tag) [with _ForwardIterator = const unsigned char*; _Tp = unsigned char; _Alloc = std::allocator<unsigned char>]	24	static
LoRa_contact_data.cpp:882:10:uint16_t LoRa_contact_data::init_connection_wait()	32	static
LoRa_contact_data.cpp:1386:10:uint16_t LoRa_contact_data::recip_exchange_expect()	56	static
LoRa_contact_data.cpp:1550:10:uint16_t LoRa_contact_data::recip_disconnect()	32	static
LoRa_contact_data.cpp:997:10:uint16_t LoRa_contact_data::init_exchange_wait_confirmation()	40	static
LoRa_contact_data.cpp:775:10:uint16_t LoRa_contact_data::init_connection_expect()	40	static
LoRa_contact_data.cpp:755:10:uint16_t LoRa_contact_data::init_connection()	0	static
LoRa_contact_data.cpp:1084:10:uint16_t LoRa_contact_data::init_exchange_wait_numbers()	56	static
LoRa_contact_data.cpp:929:10:uint16_t LoRa_contact_data::init_exchange()	0	static
LoRa_contact_data.cpp:1257:10:uint16_t LoRa_contact_data::recip_connection_wait_request()	40	static
LoRa_contact_data.cpp:1205:10:uint16_t LoRa_contact_data::recip_connection()	0	static
LoRa_contact_data.cpp:1459:10:uint16_t LoRa_contact_data::recip_exchange_wait_reaction()	32	static
LoRa_contact_data.cpp:1366:10:uint16_t LoRa_contact_data::recip_exchange()	0	static
LoRa_contact_data.cpp:265:10:uint16_t LoRa_contact_data::work_contact_system()	56	static
