Grow_sensor_interface.cpp:15:8:size_t Grow_sensor_interface::get_size(Grow_sensor&)	16	static
Grow_sensor_interface.cpp:24:8:size_t Grow_sensor_interface::get_data(Grow_sensor&, uint8_t*)	24	static
Grow_sensor_interface.cpp:62:6:void Grow_sensor_interface::send_registration_packet(const Grow_sensor&, LoRa_contact_data&)	72	static
Grow_sensor_interface.cpp:96:13:Grow_sensor Grow_sensor_interface::read_regist_packet(LoRa_packet&)	88	static
Grow_sensor_interface.cpp:240:9:uint8_t Grow_sensor_interface::read_send_data_packet(Grow_sensor&, LoRa_packet*, uint8_t)	0	static
Grow_sensor_interface.cpp:245:10:uint16_t Grow_sensor_interface::report_to_server(Grow_sensor&, uint8_t*, uint16_t)	48	static
vector.tcc:554:5:void std::vector<_Tp, _Alloc>::_M_default_append(std::vector<_Tp, _Alloc>::size_type) [with _Tp = Grow_sensor_component; _Alloc = std::allocator<Grow_sensor_component>]	40	static
Grow_sensor_interface.cpp:37:8:size_t Grow_sensor_interface::set_data(Grow_sensor&, uint8_t*, size_t)	40	static
Grow_sensor_interface.cpp:308:1:cpp)	16	static
Grow_sensor_interface.cpp:308:1:cpp)	16	static
Grow_sensor_interface.cpp:166:9:uint8_t Grow_sensor_interface::build_data_packet(Grow_sensor&, LoRa_contact_data&)	88	static
Grow_sensor_interface.cpp:128:6:bool Grow_sensor_interface::check_regist_packet(Grow_sensor&, LoRa_contact_data&)	200	static
