Grow_sensor.cpp:62:6:void Grow_sensor::set_system_id(std::array<unsigned char, 12>)	24	static
Grow_sensor.cpp:65:42:std::array<unsigned char, 12> Grow_sensor::get_system_id() const	4	static
Grow_sensor.cpp:69:6:void Grow_sensor::set_active(uint8_t)	0	static
Grow_sensor.cpp:74:9:uint8_t Grow_sensor::get_active() const	0	static
Grow_sensor.cpp:78:6:bool Grow_sensor::get_change_value() const	0	static
Grow_sensor.cpp:81:6:void Grow_sensor::clear_change_value()	0	static
Grow_sensor.cpp:85:6:bool Grow_sensor::set_address(uint16_t)	0	static
Grow_sensor.cpp:91:10:uint16_t Grow_sensor::get_address() const	0	static
Grow_sensor.cpp:96:6:bool Grow_sensor::set_address_control_module(LoRa_address)	8	static
Grow_sensor.cpp:102:14:LoRa_address Grow_sensor::get_address_control_module() const	8	static
Grow_sensor.cpp:107:6:void Grow_sensor::set_setting(uint8_t)	0	static
Grow_sensor.cpp:110:9:uint8_t Grow_sensor::get_setting() const	0	static
Grow_sensor.cpp:116:6:void Grow_sensor::set_period(long unsigned int)	0	static
Grow_sensor.cpp:119:15:long unsigned int Grow_sensor::get_period() const	0	static
Grow_sensor.cpp:123:6:bool Grow_sensor::check_time(long unsigned int)	0	static
Grow_sensor.cpp:129:6:void Grow_sensor::update()	0	static
Grow_sensor.cpp:132:6:bool Grow_sensor::read_signal(bool)	0	static
Grow_sensor.cpp:142:6:bool Grow_sensor::get_type(uint8_t, Type_sensor&) const	16	static
Grow_sensor.cpp:148:6:bool Grow_sensor::get_type(uint8_t, uint8_t&) const	16	static
Grow_sensor.cpp:160:6:bool Grow_sensor::get_id(uint8_t, uint8_t&) const	16	static
Grow_sensor.cpp:173:6:bool Grow_sensor::set_value(uint8_t, float)	16	static
Grow_sensor.cpp:180:6:bool Grow_sensor::get_value(uint8_t, float&)	16	static
Grow_sensor.cpp:186:6:bool Grow_sensor::set_value(const std::vector<float>&)	16	static
Grow_sensor.cpp:202:9:uint8_t Grow_sensor::get_count_component() const	0	static
Grow_sensor.cpp:206:23:Grow_sensor_component Grow_sensor::get_component(uint8_t) const	4	static
Grow_sensor.cpp:209:36:std::vector<Grow_sensor_component> Grow_sensor::get_component() const	16	static
Grow_sensor.cpp:215:6:bool Grow_sensor::filter(Grow_sensor&)	16	static
vector.tcc:95:7:) [with _Args = {Type_sensor}; _Tp = Type_sensor; _Alloc = std::allocator<Type_sensor>]	32	static
Grow_sensor.cpp:154:31:std::vector<Type_sensor> Grow_sensor::get_type() const	24	static
vector.tcc:95:7:) [with _Args = {unsigned char}; _Tp = unsigned char; _Alloc = std::allocator<unsigned char>]	32	static
Grow_sensor.cpp:166:22:std::vector<unsigned char> Grow_sensor::get_id() const	24	static
vector.tcc:394:7:) [with _Args = {Grow_sensor_component}; _Tp = Grow_sensor_component; _Alloc = std::allocator<Grow_sensor_component>]	32	static
vector.tcc:95:7:) [with _Args = {Grow_sensor_component}; _Tp = Grow_sensor_component; _Alloc = std::allocator<Grow_sensor_component>]	8	static
Grow_sensor.cpp:7:1:Grow_sensor::Grow_sensor(uint8_t, Type_sensor*)	40	static
Grow_sensor.cpp:24:1:Grow_sensor::Grow_sensor(uint8_t, uint8_t*)	40	static
Grow_sensor.cpp:42:1:Grow_sensor::Grow_sensor(const std::vector<Type_sensor>&)	40	static
vector.tcc:394:7:) [with _Args = {float}; _Tp = float; _Alloc = std::allocator<float>]	40	static
Grow_sensor.cpp:194:20:std::vector<float> Grow_sensor::get_value()	24	static
