Grow_sensor_interface.cpp:17:6:void Grow_sensor_interface::load_data(Grow_sensor&, LoRa_contact_data&, uint32_t, uint32_t)	24	static
Grow_sensor_interface.cpp:25:6:bool Grow_sensor_interface::save_data(const Grow_sensor&, const LoRa_contact_data&, uint32_t&, uint32_t&)	24	static
Grow_sensor_interface.cpp:34:6:void Grow_sensor_interface::send_registration_packet(const Grow_sensor&, LoRa_contact_data&)	64	static
Grow_sensor_interface.cpp:56:6:bool Grow_sensor_interface::check_contact_error(Grow_sensor&, LoRa_contact_data&)	24	static
array:94:12:std::array<LoRa_packet, 15>::~array()	16	static
array:94:12:std::array<LoRa_packet, 15>& std::array<LoRa_packet, 15>::operator=(std::array<LoRa_packet, 15>&&)	16	static
Grow_sensor_interface.cpp:65:6:bool Grow_sensor_interface::check_regist_packet(Grow_sensor&, LoRa_contact_data&)	192	static
Grow_sensor_interface.cpp:180:9:uint8_t Grow_sensor_interface::contact_package_handler(Grow_sensor&, LoRa_contact_data&, LoRa_packet&)	24	static
Grow_sensor_interface.cpp:270:1:cpp)	16	static
Grow_sensor_interface.cpp:270:1:cpp)	8	static
Grow_sensor_interface.cpp:96:9:uint8_t Grow_sensor_interface::build_data_packet(Grow_sensor&, LoRa_contact_data&)	80	static,ignoring_inline_asm
Grow_sensor_interface.cpp:212:9:uint8_t Grow_sensor_interface::system_package_handler(Grow_sensor&, LoRa_contact_data&, LoRa_packet&)	64	static
Grow_sensor_interface.cpp:134:9:uint8_t Grow_sensor_interface::read_received_data_packets(Grow_sensor&, LoRa_contact_data&)	160	static
