Sensor_CCS811.c:33:6:delay	0	static
Sensor_CCS811.c:82:6:ledOn	0	static
Sensor_CCS811.c:86:6:ledOff	0	static
Sensor_CCS811.c:38:6:error	8	static
Sensor_CCS811.c:55:9:I2Cx_ReadData	24	static
Sensor_CCS811.c:45:9:sensor_io_read	0	static
Sensor_CCS811.c:67:6:I2Cx_WriteData	32	static
Sensor_CCS811.c:50:9:sensor_io_write	8	static
Sensor_CCS811.c:90:9:read_id_a	8	static
Sensor_CCS811.c:98:6:sensor_ini	8	static
Sensor_CCS811.c:126:10:readAlgorithmResults	40	static
Sensor_CCS811.c:234:6:setEnvironmentalData	40	static
Sensor_CCS811.c:282:6:read_Mul_Register	24	static
Sensor_CCS811.c:292:6:softRest	32	static
Sensor_CCS811.c:306:10:get_Sensor_Resistance	32	static
Sensor_CCS811.c:340:9:readRegister	32	static
Sensor_CCS811.c:187:12:checkForError	8	static
Sensor_CCS811.c:197:12:dataAvailable	8	static
Sensor_CCS811.c:205:12:appValid	8	static
Sensor_CCS811.c:409:6:writeRegister	32	static
Sensor_CCS811.c:107:6:setDriveMode	8	static
Sensor_CCS811.c:149:6:configureCCS811	24	static
Sensor_CCS811.c:212:6:enableInterrupts	8	static
Sensor_CCS811.c:220:6:disableInterrupts	8	static
Sensor_CCS811.c:327:6:sleep	0	static
