LoRa_main_file.cpp:6:6:void LoRa_init(SPI_HandleTypeDef*)	0	static
LoRa_main_file.cpp:9:9:uint8_t LoRa_field_set_one(Address_field, uint32_t, bool)	40	static
LoRa_main_file.cpp:12:9:uint8_t LoRa_field_set(Address_field*, uint32_t*, uint8_t, bool)	16	static
LoRa_main_file.cpp:15:9:uint8_t LoRa_field_get_one(Address_field, uint32_t*, bool)	40	static
LoRa_main_file.cpp:18:9:uint8_t LoRa_field_get(Address_field*, uint32_t*, uint8_t, bool)	16	static
LoRa_main_file.cpp:21:9:uint8_t LoRa_begin(uint64_t, bool, uint8_t, uint8_t, uint64_t, uint8_t)	48	static
LoRa_main_file.cpp:24:6:void LoRa_end()	0	static
LoRa_main_file.cpp:27:9:uint8_t LoRa_set_mode(uint8_t)	0	static
LoRa_main_file.cpp:30:9:uint8_t LoRa_mode_sleep()	0	static
LoRa_main_file.cpp:33:9:uint8_t LoRa_mode_STDBY()	0	static
LoRa_main_file.cpp:36:9:uint8_t LoRa_mode_TX(bool)	0	static
LoRa_main_file.cpp:39:9:uint8_t LoRa_mode_RX_continuous(bool)	0	static
LoRa_main_file.cpp:42:9:uint8_t LoRa_mode_RX_single(bool)	0	static
LoRa_main_file.cpp:45:9:uint8_t LoRa_mode_CAD(bool)	0	static
LoRa_main_file.cpp:48:9:uint8_t LoRa_set_TX_power(uint8_t, bool, uint8_t)	0	static
LoRa_main_file.cpp:51:9:uint8_t LoRa_set_frequency(uint64_t)	0	static
LoRa_main_file.cpp:54:9:uint8_t LoRa_set_spreading_factor(uint8_t)	0	static
LoRa_main_file.cpp:57:9:uint8_t LoRa_set_signal_bandwidth(uint64_t)	0	static
LoRa_main_file.cpp:60:9:uint8_t LoRa_set_preamble_length(unsigned int)	0	static
LoRa_main_file.cpp:63:9:uint8_t LoRa_set_sync_word(uint8_t)	0	static
LoRa_main_file.cpp:66:9:uint8_t LoRa_crc_enable()	0	static
LoRa_main_file.cpp:69:9:uint8_t LoRa_crc_disable()	0	static
LoRa_main_file.cpp:72:20:lora_packet LoRa_receiver_packet(uint8_t, uint32_t, bool, bool)	40	static
LoRa_main_file.cpp:75:20:lora_packet LoRa_read_packet_data(bool, bool, bool)	32	static
LoRa_main_file.cpp:78:9:uint8_t LoRa_packet_rssi()	0	static
LoRa_main_file.cpp:81:7:float LoRa_packet_snr()	0	static
LoRa_main_file.cpp:84:6:bool LoRa_sender_packet(uint8_t*, uint8_t, uint32_t)	0	static
LoRa_main_file.cpp:87:6:bool LoRa_packet_begin()	0	static
LoRa_main_file.cpp:90:6:bool LoRa_packet_write(uint8_t*, uint8_t)	0	static
LoRa_main_file.cpp:93:6:bool LoRa_packet_end(uint32_t, bool)	0	static
LoRa_main_file.cpp:97:6:void packet_delete(lora_packet*)	8	static
LoRa_main_file.cpp:110:6:void packet_init(lora_packet*)	0	static
LoRa_main_file.cpp:120:6:void packet_set_len(lora_packet*, uint8_t)	16	static
LoRa_main_file.cpp:128:6:void packet_set_data(lora_packet*, uint8_t*, uint8_t)	24	static
LoRa_main_file.cpp:134:6:void packet_data_add(lora_packet*, uint8_t)	0	static
