Address_field.cpp:3:10:uint32_t value_range(uint32_t, uint32_t, uint32_t)	0	static
Address_field.cpp:10:10:uint16_t value_range(uint16_t, uint16_t, uint16_t)	0	static
Address_field.cpp:17:10:uint8_t value_range(uint8_t, uint8_t, uint8_t)	0	static
Address_field.cpp:29:1:Register::Register(uint16_t, uint8_t, uint8_t)	12	static
Address_field.cpp:44:10:uint16_t Register::address() const	0	static
Address_field.cpp:47:9:uint8_t Register::bit_count() const	0	static
Address_field.cpp:50:9:uint8_t Register::bit_bias() const	0	static
Address_field.cpp:53:10:uint32_t Register::mask() const	0	static
Address_field.cpp:57:6:bool operator==(const Register&, const Register&)	0	static
Address_field.cpp:69:6:bool operator!=(const Register&, const Register&)	8	static
Address_field.cpp:82:6:bool Address_field::init_address_field(const Register*, uint8_t, bool, char, uint32_t, uint32_t, const uint32_t*, uint32_t)	24	static
Address_field.cpp:77:1:Address_field::Address_field(const Register*, uint8_t, bool, char, uint32_t, uint32_t, const uint32_t*, uint32_t)	40	static
Address_field.cpp:108:10:uint32_t Address_field::get_value(const uint8_t*, int) const	20	static
Address_field.cpp:127:6:bool Address_field::set_value(uint32_t, uint8_t*, int) const	16	static
Address_field.cpp:152:10:uint32_t Address_field::get_value(const LoRa_packet&, uint8_t) const	32	static
Address_field.cpp:170:6:bool Address_field::set_value(uint32_t, LoRa_packet&, uint8_t) const	32	static
Address_field.cpp:200:17:const Register* Address_field::get_registers() const	0	static
Address_field.cpp:203:9:uint8_t Address_field::get_reg_count() const	0	static
Address_field.cpp:206:10:uint16_t Address_field::get_max_address() const	0	static
Address_field.cpp:209:10:uint32_t Address_field::get_min_value() const	0	static
Address_field.cpp:212:10:uint32_t Address_field::get_max_value() const	0	static
Address_field.cpp:215:17:const uint32_t* Address_field::get_reserved_value() const	0	static
Address_field.cpp:218:10:uint32_t Address_field::get_reserv_count() const	0	static
Address_field.cpp:221:6:char Address_field::get_mode() const	0	static
Address_field.cpp:225:6:bool operator==(const Address_field&, const Address_field&)	24	static
Address_field.cpp:249:6:bool operator!=(const Address_field&, const Address_field&)	24	static
