LoRa_packet.cpp:14:6:bool LoRa_packet_data::add_data(uint8_t)	0	static
LoRa_packet.cpp:20:6:bool LoRa_packet_data::add_data(const uint8_t*, uint8_t)	12	static
LoRa_packet.cpp:29:6:bool LoRa_packet_data::set_data(const uint8_t*, uint8_t)	0	static
LoRa_packet.cpp:41:6:bool LoRa_packet_data::set_data(const std::vector<unsigned char>&)	4	static
LoRa_packet.cpp:62:6:bool LoRa_packet_data::free() const	0	static
LoRa_packet.cpp:65:25:LoRa_packet_data& LoRa_packet_data::operator=(const LoRa_packet&)	8	static
LoRa_packet.cpp:53:6:void LoRa_packet_data::set_data(const LoRa_packet&)	8	static
LoRa_packet.cpp:75:25:LoRa_packet_data& LoRa_packet_data::operator=(const LoRa_packet_data&)	8	static
LoRa_packet.cpp:56:6:void LoRa_packet_data::set_data(const LoRa_packet_data&)	8	static
LoRa_packet.cpp:59:6:void LoRa_packet_data::set_data(LoRa_packet_data&&)	8	static
LoRa_packet.cpp:88:6:bool LoRa_packet::search_data()	0	static
LoRa_packet.cpp:117:1:LoRa_packet::LoRa_packet()	8	static
LoRa_packet.cpp:137:1:LoRa_packet::~LoRa_packet()	0	static
LoRa_packet.cpp:142:6:bool LoRa_packet::add_packet_data(uint8_t)	8	static
LoRa_packet.cpp:145:6:bool LoRa_packet::add_packet_data(const uint8_t*, uint8_t)	8	static
LoRa_packet.cpp:148:6:bool LoRa_packet::set_packet(const uint8_t*, uint8_t, bool, uint8_t)	16	static
LoRa_packet.cpp:120:1:LoRa_packet::LoRa_packet(const uint8_t*, uint8_t, bool, uint8_t)	32	static
LoRa_packet.cpp:155:6:bool LoRa_packet::set_packet(const std::vector<unsigned char>&, bool, uint8_t)	16	static
LoRa_packet.cpp:124:1:LoRa_packet::LoRa_packet(const std::vector<unsigned char>&, bool, uint8_t)	24	static
LoRa_packet.cpp:163:6:void LoRa_packet::clear_packet()	8	static
LoRa_packet.cpp:172:22:std::vector<unsigned char> LoRa_packet::get_data() const	48	static
LoRa_packet.cpp:178:9:uint8_t LoRa_packet::get_data(int) const	0	static
LoRa_packet.cpp:181:9:uint8_t LoRa_packet::get_len() const	0	static
LoRa_packet.cpp:186:6:bool LoRa_packet::get_crc_error() const	0	static
LoRa_packet.cpp:189:9:uint8_t LoRa_packet::get_rssi() const	0	static
LoRa_packet.cpp:192:10:uint8_t& LoRa_packet::operator[](int)	0	static
LoRa_packet.cpp:195:16:const uint8_t& LoRa_packet::operator[](int) const	0	static
LoRa_packet.cpp:198:20:LoRa_packet& LoRa_packet::operator=(const LoRa_packet&)	16	static
LoRa_packet.cpp:128:1:LoRa_packet::LoRa_packet(const LoRa_packet&)	16	static
LoRa_packet.cpp:214:20:LoRa_packet& LoRa_packet::operator=(LoRa_packet&&)	0	static
LoRa_packet.cpp:132:1:LoRa_packet::LoRa_packet(LoRa_packet&&)	8	static
LoRa_packet.cpp:227:1:cpp)	0	static
