LoRa_register.cpp:23:1:LoRa_register::~LoRa_register()	0	static
LoRa_register.cpp:35:6:void LoRa_register::init(SPI_HandleTypeDef*, GPIO_TypeDef*, uint16_t)	0	static
LoRa_register.cpp:44:6:void LoRa_register::clear()	0	static
LoRa_register.cpp:4:1:LoRa_register::LoRa_register()	16	static
LoRa_register.cpp:16:1:LoRa_register::LoRa_register(SPI_HandleTypeDef*, GPIO_TypeDef*, uint16_t)	32	static
LoRa_register.cpp:51:6:bool LoRa_register::get_send()	0	static
LoRa_register.cpp:56:9:uint8_t LoRa_register::field_registers(Address_field)	16	static
LoRa_register.cpp:63:9:uint8_t LoRa_register::field_registers(Address_field*, uint8_t)	152	static
LoRa_register.cpp:85:9:uint8_t LoRa_register::check_missing_register(Address_field)	32	static
LoRa_register.cpp:95:9:uint8_t LoRa_register::check_missing_register(Address_field*, uint8_t)	16	static
LoRa_register.cpp:111:6:bool LoRa_register::check_read(Address_field)	24	static
LoRa_register.cpp:119:6:bool LoRa_register::check_read(Address_field*, uint8_t)	168	static
LoRa_register.cpp:306:9:uint8_t LoRa_register::_single_transfer(uint8_t, uint8_t)	32	static,ignoring_inline_asm
LoRa_register.cpp:300:9:uint8_t LoRa_register::_read_register(uint8_t)	0	static
LoRa_register.cpp:158:9:uint8_t LoRa_register::register_read(Address_field*, uint8_t, bool)	32	static
LoRa_register.cpp:155:9:uint8_t LoRa_register::register_read(Address_field, bool)	8	static
LoRa_register.cpp:248:9:uint8_t LoRa_register::get_field_value(Address_field*, uint32_t*, uint8_t, bool)	32	static
LoRa_register.cpp:245:9:uint8_t LoRa_register::get_field_value(Address_field, uint32_t*, bool)	16	static
LoRa_register.cpp:220:9:uint8_t LoRa_register::set_field_value(Address_field*, uint32_t*, uint8_t)	32	static
LoRa_register.cpp:217:9:uint8_t LoRa_register::set_field_value(Address_field, uint32_t)	8	static
LoRa_register.cpp:303:6:void LoRa_register::_write_register(uint8_t, uint8_t)	0	static
LoRa_register.cpp:183:9:uint8_t LoRa_register::register_write(bool)	24	static
LoRa_register.cpp:200:9:uint8_t LoRa_register::register_write(Address_field*, uint8_t, bool, bool)	24	static
LoRa_register.cpp:197:9:uint8_t LoRa_register::register_write(Address_field, bool, bool)	16	static
LoRa_register.cpp:262:9:uint8_t LoRa_register::clear_flags(Address_field*, uint8_t, bool)	56	static
LoRa_register.cpp:258:9:uint8_t LoRa_register::clear_flags(Address_field, bool)	8	static
