LoRa.cpp:39:1:LoRa_class::~LoRa_class()	8	static
LoRa.cpp:44:6:void LoRa_class::init(SPI_HandleTypeDef*)	24	static
LoRa.cpp:33:1:LoRa_class::LoRa_class()	8	static
LoRa.cpp:36:1:LoRa_class::LoRa_class(SPI_HandleTypeDef*)	16	static
LoRa.cpp:77:9:uint8_t LoRa_class::field_set(Address_field, uint32_t, bool)	40	static
LoRa.cpp:85:9:uint8_t LoRa_class::field_set(Address_field*, uint32_t*, uint8_t, bool)	32	static
LoRa.cpp:94:9:uint8_t LoRa_class::field_get(Address_field, uint32_t*, bool)	40	static
LoRa.cpp:97:9:uint8_t LoRa_class::field_get(Address_field*, uint32_t*, uint8_t, bool)	16	static
LoRa.cpp:148:9:uint8_t LoRa_class::set_mode(uint8_t)	128	static
LoRa.cpp:154:9:uint8_t LoRa_class::mode_sleep()	8	static
LoRa.cpp:142:6:void LoRa_class::end()	8	static
LoRa.cpp:158:9:uint8_t LoRa_class::mode_STDBY()	8	static
LoRa.cpp:162:9:uint8_t LoRa_class::mode_TX(bool)	40	static
LoRa.cpp:167:9:uint8_t LoRa_class::mode_FSTX()	8	static
LoRa.cpp:171:9:uint8_t LoRa_class::mode_FSRX()	8	static
LoRa.cpp:176:9:uint8_t LoRa_class::mode_RX_continuous(bool)	40	static
LoRa.cpp:184:9:uint8_t LoRa_class::mode_RX_single(bool)	40	static
LoRa.cpp:192:9:uint8_t LoRa_class::mode_CAD(bool)	40	static
LoRa.cpp:202:9:uint8_t LoRa_class::set_TX_power(uint8_t, bool, uint8_t)	160	static
LoRa.cpp:245:9:uint8_t LoRa_class::set_frequency(uint64_t)	40	static
LoRa.cpp:252:9:uint8_t LoRa_class::set_spreading_factor(uint8_t)	128	static
LoRa.cpp:272:9:uint8_t LoRa_class::set_signal_bandwidth(uint64_t)	40	static
LoRa.cpp:288:9:uint8_t LoRa_class::set_preamble_length(unsigned int)	40	static
LoRa.cpp:293:9:uint8_t LoRa_class::set_sync_word(uint8_t)	40	static
LoRa.cpp:298:9:uint8_t LoRa_class::crc_enable()	40	static
LoRa.cpp:102:9:uint8_t LoRa_class::begin(uint64_t, bool, uint8_t, uint8_t, uint64_t, uint8_t)	64	static
LoRa.cpp:302:9:uint8_t LoRa_class::crc_disable()	40	static
LoRa.cpp:421:9:uint8_t LoRa_class::packet_rssi()	48	static
LoRa.cpp:389:19:LoRa_packet LoRa_class::read_packet_data(bool, bool, bool)	72	static
LoRa.cpp:307:19:LoRa_packet LoRa_class::receiver_packet(uint8_t, ulong, bool, bool)	272	static
LoRa.cpp:431:7:float LoRa_class::packet_snr()	48	static
LoRa.cpp:454:6:bool LoRa_class::packet_begin()	40	static
LoRa.cpp:461:6:bool LoRa_class::packet_write(uint8_t*, uint8_t)	56	static
LoRa.cpp:470:6:bool LoRa_class::packet_write(std::vector<unsigned char>)	56	static
LoRa.cpp:481:6:bool LoRa_class::packet_end(uint32_t, bool)	72	static
LoRa.cpp:437:6:bool LoRa_class::sender_packet(uint8_t*, uint8_t, uint32_t)	24	static
LoRa.cpp:445:6:bool LoRa_class::sender_packet(std::vector<unsigned char>, uint32_t)	40	static
LoRa.cpp:514:1:cpp)	8	static
LoRa.cpp:514:1:cpp)	8	static
