LoRa_packet.cpp:3:1:LoRa_packet::LoRa_packet()	0	static
LoRa_packet.cpp:5:1:LoRa_packet::LoRa_packet(uint8_t*, uint8_t, bool, uint8_t, float)	40	static
LoRa_packet.cpp:9:1:LoRa_packet::~LoRa_packet()	8	static
LoRa_packet.cpp:17:6:void LoRa_packet::set_packet(uint8_t*, uint8_t, bool, uint8_t, float)	32	static
LoRa_packet.cpp:33:9:uint8_t LoRa_packet::get_data(int)	0	static
LoRa_packet.cpp:36:9:uint8_t LoRa_packet::get_len()	0	static
LoRa_packet.cpp:39:6:bool LoRa_packet::get_crc_error()	0	static
LoRa_packet.cpp:42:9:uint8_t LoRa_packet::get_rssi()	0	static
LoRa_packet.cpp:45:7:float LoRa_packet::get_snr()	0	static
LoRa_packet.cpp:48:10:uint8_t& LoRa_packet::operator[](int)	0	static
LoRa_packet.cpp:51:20:LoRa_packet& LoRa_packet::operator=(const LoRa_packet&)	16	static
LoRa_packet.cpp:68:13:lora_packet LoRa_packet::get_strust()	24	static
