LoRa_packet.cpp:14:6:bool LoRa_packet_data::add_data(uint8_t)	0	static
LoRa_packet.cpp:20:6:bool LoRa_packet_data::add_data(const uint8_t*, uint8_t)	28	static
LoRa_packet.cpp:29:6:bool LoRa_packet_data::set_data(const uint8_t*, uint8_t)	20	static
LoRa_packet.cpp:41:6:bool LoRa_packet_data::set_data(const std::vector<unsigned char>&)	4	static
LoRa_packet.cpp:53:6:void LoRa_packet_data::set_data(const LoRa_packet&)	4	static
LoRa_packet.cpp:56:6:void LoRa_packet_data::set_data(const LoRa_packet_data&)	4	static
LoRa_packet.cpp:59:6:void LoRa_packet_data::set_data(LoRa_packet_data&&)	4	static
LoRa_packet.cpp:62:25:LoRa_packet_data& LoRa_packet_data::operator=(const LoRa_packet&)	8	static
LoRa_packet.cpp:72:25:LoRa_packet_data& LoRa_packet_data::operator=(const LoRa_packet_data&)	8	static
LoRa_packet.cpp:85:6:bool LoRa_packet::search_data()	0	static
LoRa_packet.cpp:111:1:LoRa_packet::LoRa_packet()	0	static
LoRa_packet.cpp:114:1:LoRa_packet::LoRa_packet(const uint8_t*, uint8_t, bool, uint8_t)	32	static
LoRa_packet.cpp:118:1:LoRa_packet::LoRa_packet(const std::vector<unsigned char>&, bool, uint8_t)	24	static
LoRa_packet.cpp:122:1:LoRa_packet::LoRa_packet(const LoRa_packet&)	4	static
LoRa_packet.cpp:126:1:LoRa_packet::LoRa_packet(LoRa_packet&&)	0	static
LoRa_packet.cpp:130:1:LoRa_packet::~LoRa_packet()	0	static
LoRa_packet.cpp:135:6:bool LoRa_packet::add_packet_data(uint8_t)	0	static
LoRa_packet.cpp:138:6:bool LoRa_packet::add_packet_data(const uint8_t*, uint8_t)	28	static
LoRa_packet.cpp:141:6:bool LoRa_packet::set_packet(const uint8_t*, uint8_t, bool, uint8_t)	32	static
LoRa_packet.cpp:148:6:bool LoRa_packet::set_packet(const std::vector<unsigned char>&, bool, uint8_t)	12	static
LoRa_packet.cpp:156:6:void LoRa_packet::clear_packet()	8	static
LoRa_packet.cpp:165:22:std::vector<unsigned char> LoRa_packet::get_data() const	48	static
LoRa_packet.cpp:171:9:uint8_t LoRa_packet::get_data(int) const	0	static
LoRa_packet.cpp:174:9:uint8_t LoRa_packet::get_len() const	0	static
LoRa_packet.cpp:179:6:bool LoRa_packet::get_crc_error() const	0	static
LoRa_packet.cpp:182:9:uint8_t LoRa_packet::get_rssi() const	0	static
LoRa_packet.cpp:185:10:uint8_t& LoRa_packet::operator[](int)	0	static
LoRa_packet.cpp:188:16:const uint8_t& LoRa_packet::operator[](int) const	0	static
LoRa_packet.cpp:191:20:LoRa_packet& LoRa_packet::operator=(const LoRa_packet&)	4	static
LoRa_packet.cpp:204:20:LoRa_packet& LoRa_packet::operator=(LoRa_packet&&)	0	static
LoRa_packet.cpp:218:1:cpp)	0	static
