LoRa.cpp:37:1:LoRa_class::~LoRa_class()	8	static
LoRa.cpp:42:6:void LoRa_class::init(SPI_HandleTypeDef*)	12	static
LoRa.cpp:31:1:LoRa_class::LoRa_class()	8	static
LoRa.cpp:34:1:LoRa_class::LoRa_class(SPI_HandleTypeDef*)	16	static
LoRa.cpp:75:9:uint8_t LoRa_class::field_set(Address_field, uint32_t, bool)	48	static
LoRa.cpp:83:9:uint8_t LoRa_class::field_set(Address_field*, uint32_t*, uint8_t, bool)	24	static
LoRa.cpp:92:9:uint8_t LoRa_class::field_get(Address_field, uint32_t*, bool)	40	static
LoRa.cpp:95:9:uint8_t LoRa_class::field_get(Address_field*, uint32_t*, uint8_t, bool)	4	static
LoRa.cpp:146:9:uint8_t LoRa_class::set_mode(uint8_t)	128	static
LoRa.cpp:152:9:uint8_t LoRa_class::mode_sleep()	0	static
LoRa.cpp:140:6:void LoRa_class::end()	0	static
LoRa.cpp:156:9:uint8_t LoRa_class::mode_STDBY()	0	static
LoRa.cpp:160:9:uint8_t LoRa_class::mode_TX(bool)	40	static
LoRa.cpp:165:9:uint8_t LoRa_class::mode_FSTX()	0	static
LoRa.cpp:169:9:uint8_t LoRa_class::mode_RX_continuous(bool)	72	static
LoRa.cpp:177:9:uint8_t LoRa_class::mode_RX_single(bool)	72	static
LoRa.cpp:185:9:uint8_t LoRa_class::mode_CAD(bool)	72	static
LoRa.cpp:195:9:uint8_t LoRa_class::set_TX_power(uint8_t, bool, uint8_t)	160	static
LoRa.cpp:238:9:uint8_t LoRa_class::set_frequency(uint64_t)	40	static
LoRa.cpp:245:9:uint8_t LoRa_class::set_spreading_factor(uint8_t)	128	static
LoRa.cpp:265:9:uint8_t LoRa_class::set_signal_bandwidth(uint64_t)	40	static
LoRa.cpp:281:9:uint8_t LoRa_class::set_preamble_length(unsigned int)	40	static
LoRa.cpp:286:9:uint8_t LoRa_class::set_sync_word(uint8_t)	40	static
LoRa.cpp:291:9:uint8_t LoRa_class::crc_enable()	40	static
LoRa.cpp:100:9:uint8_t LoRa_class::begin(uint64_t, bool, uint8_t, uint8_t, uint64_t, uint8_t)	88	static
LoRa.cpp:295:9:uint8_t LoRa_class::crc_disable()	40	static
LoRa.cpp:406:9:uint8_t LoRa_class::packet_rssi()	48	static
LoRa.cpp:416:7:float LoRa_class::packet_snr()	48	static
LoRa.cpp:377:19:LoRa_packet LoRa_class::read_packet_data(bool, bool, bool)	88	static
LoRa.cpp:301:19:LoRa_packet LoRa_class::receiver_packet(uint8_t, uint32_t, bool, bool)	280	static
LoRa.cpp:439:6:bool LoRa_class::packet_begin()	40	static
LoRa.cpp:446:6:bool LoRa_class::packet_write(uint8_t*, uint8_t)	56	static
LoRa.cpp:455:6:bool LoRa_class::packet_write(std::vector<unsigned char>)	56	static
LoRa.cpp:466:6:bool LoRa_class::packet_end(uint32_t, bool)	72	static
LoRa.cpp:422:6:bool LoRa_class::sender_packet(uint8_t*, uint8_t, uint32_t)	24	static
LoRa.cpp:430:6:bool LoRa_class::sender_packet(std::vector<unsigned char>, uint32_t)	40	static
LoRa.cpp:499:1:cpp)	0	static
LoRa.cpp:499:1:cpp)	0	static
