Packet_analyzer.cpp:71:6:virtual bool Packet_analyzer::set_setting(uint8_t)	0	static
Packet_analyzer.cpp:160:6:virtual bool Packet_Connection::set_setting(uint8_t)	0	static
Packet_analyzer.cpp:415:6:virtual bool Packet_Sensor::set_setting(uint8_t)	0	static
Packet_analyzer.cpp:740:6:virtual bool Packet_Device::set_setting(uint8_t)	0	static
Packet_analyzer.cpp:4:1:LoRa_address::LoRa_address(uint16_t, uint16_t)	0	static
Packet_analyzer.cpp:6:1:LoRa_address::LoRa_address(uint32_t)	0	static
Packet_analyzer.cpp:8:6:bool LoRa_address::global()	0	static
Packet_analyzer.cpp:11:6:bool operator==(const LoRa_address&, const LoRa_address&)	0	static
Packet_analyzer.cpp:14:6:bool operator!=(const LoRa_address&, const LoRa_address&)	0	static
Packet_analyzer.cpp:17:6:bool operator==(const LoRa_address&, const uint32_t&)	0	static
Packet_analyzer.cpp:20:6:bool operator!=(const LoRa_address&, const uint32_t&)	0	static
Packet_analyzer.cpp:23:6:bool operator==(const uint32_t&, const LoRa_address&)	0	static
Packet_analyzer.cpp:26:6:bool operator!=(const uint32_t&, const LoRa_address&)	0	static
Packet_analyzer.cpp:34:6:bool Packet_analyzer::set_field(Address_field**, uint16_t)	24	static
Packet_analyzer.cpp:47:1:Packet_analyzer::Packet_analyzer()	24	static
Packet_analyzer.cpp:54:6:bool Packet_analyzer::select_packet(uint8_t*, uint8_t)	4	static
Packet_analyzer.cpp:64:9:uint8_t Packet_analyzer::get_receive_length()	0	static
Packet_analyzer.cpp:67:9:uint8_t Packet_analyzer::get_send_length()	0	static
Packet_analyzer.cpp:76:10:uint16_t Packet_analyzer::get_dest_adr_group()	8	static
Packet_analyzer.cpp:80:10:uint16_t Packet_analyzer::get_dest_adr_branch()	8	static
Packet_analyzer.cpp:84:14:LoRa_address Packet_analyzer::get_dest_adr()	24	static
Packet_analyzer.cpp:88:10:uint16_t Packet_analyzer::get_sour_adr_group()	8	static
Packet_analyzer.cpp:92:10:uint16_t Packet_analyzer::get_sour_adr_branch()	8	static
Packet_analyzer.cpp:96:14:LoRa_address Packet_analyzer::get_sour_adr()	24	static
Packet_analyzer.cpp:100:10:uint8_t Packet_analyzer::get_packet_type()	8	static
Packet_analyzer.cpp:104:10:uint16_t Packet_analyzer::get_packet_number()	8	static
Packet_analyzer.cpp:108:6:bool Packet_analyzer::set_dest_adr_group(uint16_t)	4	static
Packet_analyzer.cpp:112:6:bool Packet_analyzer::set_dest_adr_branch(uint16_t)	4	static
Packet_analyzer.cpp:116:6:bool Packet_analyzer::set_dest_adr(LoRa_address)	32	static
Packet_analyzer.cpp:127:6:bool Packet_analyzer::set_sour_adr_group(uint16_t)	4	static
Packet_analyzer.cpp:131:6:bool Packet_analyzer::set_sour_adr_branch(uint16_t)	4	static
Packet_analyzer.cpp:135:6:bool Packet_analyzer::set_sour_adr(LoRa_address)	32	static
Packet_analyzer.cpp:146:6:bool Packet_analyzer::set_packet_type(uint8_t)	4	static
Packet_analyzer.cpp:150:6:bool Packet_analyzer::set_packet_number(uint16_t)	4	static
Packet_analyzer.cpp:166:9:uint8_t Packet_Connection::set_packet_data(uint8_t*, uint8_t*, uint8_t*)	24	static
Packet_analyzer.cpp:237:9:uint8_t Packet_Connection::get_packet_data(uint8_t*, uint8_t*, uint8_t*)	24	static
Packet_analyzer.cpp:299:9:uint8_t Packet_Connection::get_size_by_data(uint8_t*, uint8_t*, uint8_t*)	12	static
Packet_analyzer.cpp:349:9:uint8_t Packet_Connection::get_size_by_packet(uint8_t*)	16	static
Packet_analyzer.cpp:401:6:bool Packet_Connection::set_data(uint8_t*, uint8_t)	0	static
Packet_analyzer.cpp:422:9:uint8_t Packet_Sensor::set_packet_data(uint8_t*, uint8_t*, uint8_t*, uint32_t*)	48	static
Packet_analyzer.cpp:481:9:uint8_t Packet_Sensor::get_packet_data(uint8_t*, uint8_t*, uint8_t*, uint32_t*)	48	static
Packet_analyzer.cpp:539:9:uint8_t Packet_Sensor::get_size_by_data(uint8_t*, uint8_t*, uint8_t*)	48	static
Packet_analyzer.cpp:587:9:uint8_t Packet_Sensor::get_size_by_packet(uint8_t*, uint8_t*, uint8_t*)	40	static
Packet_analyzer.cpp:644:6:bool Packet_Sensor::set_count(uint8_t)	0	static
Packet_analyzer.cpp:651:6:bool Packet_Sensor::set_parametr(uint8_t*)	16	static
Packet_analyzer.cpp:678:6:bool Packet_Sensor::set_number(uint8_t)	0	static
Packet_analyzer.cpp:686:6:bool Packet_Sensor::set_data(uint32_t*)	16	static
Packet_analyzer.cpp:748:9:uint8_t Packet_Device::set_packet_data(uint8_t*, uint8_t*, uint8_t*, uint8_t*, uint8_t*)	24	static
Packet_analyzer.cpp:801:9:uint8_t Packet_Device::get_packet_data(uint8_t*, uint8_t*, uint8_t*, uint8_t*, uint8_t*)	32	static
Packet_analyzer.cpp:851:9:uint8_t Packet_Device::get_size_by_data(uint8_t*, uint8_t*, uint8_t*)	24	static
Packet_analyzer.cpp:885:9:uint8_t Packet_Device::get_size_by_packet(uint8_t*, uint8_t*)	24	static
Packet_analyzer.cpp:926:6:bool Packet_Device::set_object(uint8_t)	0	static
Packet_analyzer.cpp:930:6:bool Packet_Device::set_number(uint8_t)	0	static
Packet_analyzer.cpp:933:6:bool Packet_Device::set_command(uint8_t)	0	static
Packet_analyzer.cpp:937:6:bool Packet_Device::set_data(uint8_t*, uint8_t)	0	static
Packet_analyzer.cpp:957:9:uint8_t Packet_System::set_packet_data(uint8_t*, uint8_t*, uint8_t*)	32	static
Packet_analyzer.cpp:1054:9:uint8_t Packet_System::get_packet_data(uint8_t*, uint8_t*, uint8_t*)	32	static
Packet_analyzer.cpp:1123:9:uint8_t Packet_System::get_size_by_data(uint8_t*, uint8_t*, uint8_t*)	12	static
Packet_analyzer.cpp:1171:9:uint8_t Packet_System::get_size_by_packet(uint8_t*)	16	static
Packet_analyzer.cpp:1215:6:bool Packet_System::set_command(uint8_t)	0	static
Packet_analyzer.cpp:1218:6:bool Packet_System::set_data(uint8_t*, uint8_t)	0	static
Packet_analyzer.cpp:1220:1:cpp)	64	static
