Packet_analyzer.cpp:147:6:virtual bool Packet_analyzer::set_setting(uint8_t)	0	static
Packet_analyzer.cpp:386:6:virtual bool Packet_Sensor::set_setting(uint8_t)	0	static
Packet_analyzer.cpp:613:6:virtual bool Packet_Device::set_setting(uint8_t)	0	static
Packet_analyzer.cpp:798:6:virtual bool Packet_System::set_setting(uint8_t)	0	static
Packet_analyzer.cpp:10:1:LoRa_address::LoRa_address(const uint8_t*, uint8_t)	16	static
Packet_analyzer.cpp:15:1:LoRa_address::LoRa_address(uint16_t, uint16_t)	0	static
Packet_analyzer.cpp:17:1:LoRa_address::LoRa_address(uint32_t)	0	static
Packet_analyzer.cpp:19:6:bool LoRa_address::global()	0	static
Packet_analyzer.cpp:22:6:bool operator==(const LoRa_address&, const LoRa_address&)	0	static
Packet_analyzer.cpp:25:6:bool operator!=(const LoRa_address&, const LoRa_address&)	0	static
Packet_analyzer.cpp:28:6:bool operator==(const LoRa_address&, const uint32_t&)	0	static
Packet_analyzer.cpp:31:6:bool operator!=(const LoRa_address&, const uint32_t&)	0	static
Packet_analyzer.cpp:34:6:bool operator==(const uint32_t&, const LoRa_address&)	0	static
Packet_analyzer.cpp:37:6:bool operator!=(const uint32_t&, const LoRa_address&)	0	static
Packet_analyzer.cpp:45:1:Packet_analyzer::Packet_analyzer()	0	static
Packet_analyzer.cpp:53:10:uint16_t Packet_analyzer::get_dest_adr_group(const LoRa_packet&)	8	static
Packet_analyzer.cpp:58:10:uint16_t Packet_analyzer::get_dest_adr_branch(const LoRa_packet&)	8	static
Packet_analyzer.cpp:63:14:LoRa_address Packet_analyzer::get_dest_adr(const LoRa_packet&)	24	static
Packet_analyzer.cpp:67:10:uint16_t Packet_analyzer::get_sour_adr_group(const LoRa_packet&)	8	static
Packet_analyzer.cpp:72:10:uint16_t Packet_analyzer::get_sour_adr_branch(const LoRa_packet&)	8	static
Packet_analyzer.cpp:77:14:LoRa_address Packet_analyzer::get_sour_adr(const LoRa_packet&)	24	static
Packet_analyzer.cpp:81:13:Packet_Type Packet_analyzer::get_packet_type(const LoRa_packet&)	0	static
Packet_analyzer.cpp:86:10:uint16_t Packet_analyzer::get_packet_number(const LoRa_packet&)	8	static
Packet_analyzer.cpp:92:6:bool Packet_analyzer::set_dest_adr_group(LoRa_packet&, uint16_t)	4	static
Packet_analyzer.cpp:97:6:bool Packet_analyzer::set_dest_adr_branch(LoRa_packet&, uint16_t)	4	static
Packet_analyzer.cpp:102:6:bool Packet_analyzer::set_dest_adr(LoRa_packet&, LoRa_address)	32	static
Packet_analyzer.cpp:113:6:bool Packet_analyzer::set_sour_adr_group(LoRa_packet&, uint16_t)	4	static
Packet_analyzer.cpp:118:6:bool Packet_analyzer::set_sour_adr_branch(LoRa_packet&, uint16_t)	4	static
Packet_analyzer.cpp:123:6:bool Packet_analyzer::set_sour_adr(LoRa_packet&, LoRa_address)	32	static
Packet_analyzer.cpp:134:6:bool Packet_analyzer::set_packet_type(LoRa_packet&, Packet_Type)	4	static
Packet_analyzer.cpp:137:6:bool Packet_analyzer::set_packet_type(LoRa_packet&, uint8_t)	4	static
Packet_analyzer.cpp:142:6:bool Packet_analyzer::set_packet_number(LoRa_packet&, uint16_t)	4	static
Packet_analyzer.cpp:150:9:uint8_t Packet_analyzer::get_setting()	0	static
Packet_analyzer.cpp:167:9:uint8_t Packet_Connection::set_command(LoRa_packet&, uint8_t)	8	static
Packet_analyzer.cpp:238:9:uint8_t Packet_Connection::get_command(const LoRa_packet&, uint8_t*)	16	static
Packet_analyzer.cpp:319:9:uint8_t Packet_Connection::get_size_by_data(const uint8_t*, const uint8_t*, uint8_t&)	8	static
Packet_analyzer.cpp:183:9:uint8_t Packet_Connection::set_data(LoRa_packet&, uint8_t*, uint8_t)	48	static
Packet_analyzer.cpp:226:9:uint8_t Packet_Connection::set_packet_data(LoRa_packet&, uint8_t*, uint8_t*, uint8_t*)	24	static
Packet_analyzer.cpp:256:9:uint8_t Packet_Connection::get_data(const LoRa_packet&, uint8_t*, uint8_t*)	40	static
Packet_analyzer.cpp:307:9:uint8_t Packet_Connection::get_packet_data(const LoRa_packet&, uint8_t*, uint8_t*, uint8_t*)	24	static
Packet_analyzer.cpp:359:9:uint8_t Packet_Connection::get_size_by_packet(const LoRa_packet&, uint8_t&)	32	static
Packet_analyzer.cpp:393:9:uint8_t Packet_Sensor::set_packet_data(LoRa_packet&, uint8_t*, uint8_t*, uint8_t*, uint32_t*)	48	static
Packet_analyzer.cpp:450:9:uint8_t Packet_Sensor::get_packet_data(const LoRa_packet&, uint8_t*, uint8_t*, uint8_t*, uint32_t*)	40	static
Packet_analyzer.cpp:506:9:uint8_t Packet_Sensor::get_size_by_data(const uint8_t*, const uint8_t*, uint8_t&)	40	static
Packet_analyzer.cpp:554:9:uint8_t Packet_Sensor::get_size_by_packet(const LoRa_packet&, uint8_t*, uint8_t*, uint8_t&)	40	static
Packet_analyzer.cpp:621:9:uint8_t Packet_Device::set_packet_data(LoRa_packet&, uint8_t*, uint8_t*, uint8_t*, uint8_t*, uint8_t*)	32	static
Packet_analyzer.cpp:671:9:uint8_t Packet_Device::get_packet_data(const LoRa_packet&, uint8_t*, uint8_t*, uint8_t*, uint8_t*, uint8_t*)	32	static
Packet_analyzer.cpp:719:9:uint8_t Packet_Device::get_size_by_data(const uint8_t*, const uint8_t*, uint8_t&)	24	static
Packet_analyzer.cpp:753:9:uint8_t Packet_Device::get_size_by_packet(const LoRa_packet&, uint8_t*, uint8_t&)	24	static
Packet_analyzer.cpp:805:9:uint8_t Packet_System::set_packet_data(LoRa_packet&, uint8_t*, uint8_t*, uint8_t*)	24	static
Packet_analyzer.cpp:868:9:uint8_t Packet_System::get_packet_data(const LoRa_packet&, uint8_t*, uint8_t*, uint8_t*)	32	static
Packet_analyzer.cpp:922:9:uint8_t Packet_System::get_size_by_data(const uint8_t*, const uint8_t*, uint8_t&)	12	static
Packet_analyzer.cpp:955:9:uint8_t Packet_System::get_size_by_packet(const LoRa_packet&, uint8_t&)	16	static
Packet_analyzer.cpp:985:1:cpp)	64	static
